Archive member included to satisfy reference by file (symbol)

c:/st/stm32cubeide_1.4.0/stm32cubeide/plugins/com.st.stm32cube.ide.mcu.externaltools.gnu-tools-for-stm32.7-2018-q2-update.win32_1.5.0.202011040924/tools/bin/../lib/gcc/arm-none-eabi/7.3.1/../../../../arm-none-eabi/lib/thumb/v7e-m/fpv4-sp/hard\libc_nano.a(lib_a-efgcvt.o)
                              Core/Src/sensors.o (gcvt)
c:/st/stm32cubeide_1.4.0/stm32cubeide/plugins/com.st.stm32cube.ide.mcu.externaltools.gnu-tools-for-stm32.7-2018-q2-update.win32_1.5.0.202011040924/tools/bin/../lib/gcc/arm-none-eabi/7.3.1/../../../../arm-none-eabi/lib/thumb/v7e-m/fpv4-sp/hard\libc_nano.a(lib_a-errno.o)
                              Core/Src/syscalls.o (__errno)
c:/st/stm32cubeide_1.4.0/stm32cubeide/plugins/com.st.stm32cube.ide.mcu.externaltools.gnu-tools-for-stm32.7-2018-q2-update.win32_1.5.0.202011040924/tools/bin/../lib/gcc/arm-none-eabi/7.3.1/../../../../arm-none-eabi/lib/thumb/v7e-m/fpv4-sp/hard\libc_nano.a(lib_a-exit.o)
                              c:/st/stm32cubeide_1.4.0/stm32cubeide/plugins/com.st.stm32cube.ide.mcu.externaltools.gnu-tools-for-stm32.7-2018-q2-update.win32_1.5.0.202011040924/tools/bin/../lib/gcc/arm-none-eabi/7.3.1/../../../../arm-none-eabi/lib/thumb/v7e-m/fpv4-sp/hard/crt0.o (exit)
c:/st/stm32cubeide_1.4.0/stm32cubeide/plugins/com.st.stm32cube.ide.mcu.externaltools.gnu-tools-for-stm32.7-2018-q2-update.win32_1.5.0.202011040924/tools/bin/../lib/gcc/arm-none-eabi/7.3.1/../../../../arm-none-eabi/lib/thumb/v7e-m/fpv4-sp/hard\libc_nano.a(lib_a-impure.o)
                              c:/st/stm32cubeide_1.4.0/stm32cubeide/plugins/com.st.stm32cube.ide.mcu.externaltools.gnu-tools-for-stm32.7-2018-q2-update.win32_1.5.0.202011040924/tools/bin/../lib/gcc/arm-none-eabi/7.3.1/../../../../arm-none-eabi/lib/thumb/v7e-m/fpv4-sp/hard\libc_nano.a(lib_a-exit.o) (_global_impure_ptr)
c:/st/stm32cubeide_1.4.0/stm32cubeide/plugins/com.st.stm32cube.ide.mcu.externaltools.gnu-tools-for-stm32.7-2018-q2-update.win32_1.5.0.202011040924/tools/bin/../lib/gcc/arm-none-eabi/7.3.1/../../../../arm-none-eabi/lib/thumb/v7e-m/fpv4-sp/hard\libc_nano.a(lib_a-init.o)
                              c:/st/stm32cubeide_1.4.0/stm32cubeide/plugins/com.st.stm32cube.ide.mcu.externaltools.gnu-tools-for-stm32.7-2018-q2-update.win32_1.5.0.202011040924/tools/bin/../lib/gcc/arm-none-eabi/7.3.1/../../../../arm-none-eabi/lib/thumb/v7e-m/fpv4-sp/hard/crt0.o (__libc_init_array)
c:/st/stm32cubeide_1.4.0/stm32cubeide/plugins/com.st.stm32cube.ide.mcu.externaltools.gnu-tools-for-stm32.7-2018-q2-update.win32_1.5.0.202011040924/tools/bin/../lib/gcc/arm-none-eabi/7.3.1/../../../../arm-none-eabi/lib/thumb/v7e-m/fpv4-sp/hard\libc_nano.a(lib_a-memset.o)
                              c:/st/stm32cubeide_1.4.0/stm32cubeide/plugins/com.st.stm32cube.ide.mcu.externaltools.gnu-tools-for-stm32.7-2018-q2-update.win32_1.5.0.202011040924/tools/bin/../lib/gcc/arm-none-eabi/7.3.1/../../../../arm-none-eabi/lib/thumb/v7e-m/fpv4-sp/hard/crt0.o (memset)
c:/st/stm32cubeide_1.4.0/stm32cubeide/plugins/com.st.stm32cube.ide.mcu.externaltools.gnu-tools-for-stm32.7-2018-q2-update.win32_1.5.0.202011040924/tools/bin/../lib/gcc/arm-none-eabi/7.3.1/../../../../arm-none-eabi/lib/thumb/v7e-m/fpv4-sp/hard\libc_nano.a(lib_a-nano-vfprintf_float.o)
                              (_printf_float)
c:/st/stm32cubeide_1.4.0/stm32cubeide/plugins/com.st.stm32cube.ide.mcu.externaltools.gnu-tools-for-stm32.7-2018-q2-update.win32_1.5.0.202011040924/tools/bin/../lib/gcc/arm-none-eabi/7.3.1/../../../../arm-none-eabi/lib/thumb/v7e-m/fpv4-sp/hard\libc_nano.a(lib_a-nano-vfprintf_i.o)
                              c:/st/stm32cubeide_1.4.0/stm32cubeide/plugins/com.st.stm32cube.ide.mcu.externaltools.gnu-tools-for-stm32.7-2018-q2-update.win32_1.5.0.202011040924/tools/bin/../lib/gcc/arm-none-eabi/7.3.1/../../../../arm-none-eabi/lib/thumb/v7e-m/fpv4-sp/hard\libc_nano.a(lib_a-nano-vfprintf_float.o) (_printf_common)
c:/st/stm32cubeide_1.4.0/stm32cubeide/plugins/com.st.stm32cube.ide.mcu.externaltools.gnu-tools-for-stm32.7-2018-q2-update.win32_1.5.0.202011040924/tools/bin/../lib/gcc/arm-none-eabi/7.3.1/../../../../arm-none-eabi/lib/thumb/v7e-m/fpv4-sp/hard\libc_nano.a(lib_a-sprintf.o)
                              Core/Src/sensors.o (sprintf)
c:/st/stm32cubeide_1.4.0/stm32cubeide/plugins/com.st.stm32cube.ide.mcu.externaltools.gnu-tools-for-stm32.7-2018-q2-update.win32_1.5.0.202011040924/tools/bin/../lib/gcc/arm-none-eabi/7.3.1/../../../../arm-none-eabi/lib/thumb/v7e-m/fpv4-sp/hard\libc_nano.a(lib_a-strlen.o)
                              Core/Src/sensors.o (strlen)
c:/st/stm32cubeide_1.4.0/stm32cubeide/plugins/com.st.stm32cube.ide.mcu.externaltools.gnu-tools-for-stm32.7-2018-q2-update.win32_1.5.0.202011040924/tools/bin/../lib/gcc/arm-none-eabi/7.3.1/../../../../arm-none-eabi/lib/thumb/v7e-m/fpv4-sp/hard\libc_nano.a(lib_a-strncat.o)
                              Core/Src/sensors.o (strncat)
[...]
Memory Configuration

Name             Origin             Length             Attributes
RAM              0x0000000020000000 0x0000000000018000 xrw
FLASH            0x0000000008000000 0x0000000000080000 xr
*default*        0x0000000000000000 0xffffffffffffffff

Linker script and memory map

LOAD c:/st/stm32cubeide_1.4.0/stm32cubeide/plugins/com.st.stm32cube.ide.mcu.externaltools.gnu-tools-for-stm32.7-2018-q2-update.win32_1.5.0.202011040924/tools/bin/../lib/gcc/arm-none-eabi/7.3.1/thumb/v7e-m/fpv4-sp/hard/crti.o
LOAD c:/st/stm32cubeide_1.4.0/stm32cubeide/plugins/com.st.stm32cube.ide.mcu.externaltools.gnu-tools-for-stm32.7-2018-q2-update.win32_1.5.0.202011040924/tools/bin/../lib/gcc/arm-none-eabi/7.3.1/thumb/v7e-m/fpv4-sp/hard/crtbegin.o
LOAD c:/st/stm32cubeide_1.4.0/stm32cubeide/plugins/com.st.stm32cube.ide.mcu.externaltools.gnu-tools-for-stm32.7-2018-q2-update.win32_1.5.0.202011040924/tools/bin/../lib/gcc/arm-none-eabi/7.3.1/../../../../arm-none-eabi/lib/thumb/v7e-m/fpv4-sp/hard/crt0.o
LOAD Core/Src/adc.o
LOAD Core/Src/buzzer.o
LOAD Core/Src/dma.o
LOAD Core/Src/eeprom.o
LOAD Core/Src/gpio.o
LOAD Core/Src/hts221_add.o
LOAD Core/Src/i2c.o
LOAD Core/Src/keyboard.o
LOAD Core/Src/lcd.o
LOAD Core/Src/main.o
LOAD Core/Src/sensors.o
LOAD Core/Src/stm32f4xx_hal_msp.o
LOAD Core/Src/stm32f4xx_it.o
LOAD Core/Src/stm32f4xx_nucleo_bus.o
LOAD Core/Src/syscalls.o
LOAD Core/Src/sysmem.o
LOAD Core/Src/system_stm32f4xx.o
LOAD Core/Src/tim.o
LOAD Core/Src/usart.o
LOAD Core/Startup/startup_stm32f401retx.o
LOAD Drivers/BSP/Components/hts221/hts221.o
LOAD Drivers/BSP/Components/hts221/hts221_reg.o
LOAD Drivers/BSP/Components/lps22hb/lps22hb.o
LOAD Drivers/BSP/Components/lps22hb/lps22hb_reg.o
LOAD Drivers/BSP/Components/lsm303agr/lsm303agr.o
LOAD Drivers/BSP/Components/lsm303agr/lsm303agr_reg.o
LOAD Drivers/BSP/Components/lsm6dsl/lsm6dsl.o
LOAD Drivers/BSP/Components/lsm6dsl/lsm6dsl_reg.o
LOAD Drivers/BSP/IKS01A2/iks01a2_env_sensors.o
LOAD Drivers/BSP/IKS01A2/iks01a2_env_sensors_ex.o
LOAD Drivers/BSP/IKS01A2/iks01a2_motion_sensors.o
LOAD Drivers/BSP/IKS01A2/iks01a2_motion_sensors_ex.o
LOAD Drivers/STM32F4xx_HAL_Driver/Src/stm32f4xx_hal.o
LOAD Drivers/STM32F4xx_HAL_Driver/Src/stm32f4xx_hal_adc.o
LOAD Drivers/STM32F4xx_HAL_Driver/Src/stm32f4xx_hal_adc_ex.o
LOAD Drivers/STM32F4xx_HAL_Driver/Src/stm32f4xx_hal_cortex.o
LOAD Drivers/STM32F4xx_HAL_Driver/Src/stm32f4xx_hal_dma.o
LOAD Drivers/STM32F4xx_HAL_Driver/Src/stm32f4xx_hal_dma_ex.o
LOAD Drivers/STM32F4xx_HAL_Driver/Src/stm32f4xx_hal_exti.o
LOAD Drivers/STM32F4xx_HAL_Driver/Src/stm32f4xx_hal_flash.o
LOAD Drivers/STM32F4xx_HAL_Driver/Src/stm32f4xx_hal_flash_ex.o
LOAD Drivers/STM32F4xx_HAL_Driver/Src/stm32f4xx_hal_flash_ramfunc.o
LOAD Drivers/STM32F4xx_HAL_Driver/Src/stm32f4xx_hal_gpio.o
LOAD Drivers/STM32F4xx_HAL_Driver/Src/stm32f4xx_hal_i2c.o
LOAD Drivers/STM32F4xx_HAL_Driver/Src/stm32f4xx_hal_i2c_ex.o
LOAD Drivers/STM32F4xx_HAL_Driver/Src/stm32f4xx_hal_pwr.o
LOAD Drivers/STM32F4xx_HAL_Driver/Src/stm32f4xx_hal_pwr_ex.o
LOAD Drivers/STM32F4xx_HAL_Driver/Src/stm32f4xx_hal_rcc.o
LOAD Drivers/STM32F4xx_HAL_Driver/Src/stm32f4xx_hal_rcc_ex.o
LOAD Drivers/STM32F4xx_HAL_Driver/Src/stm32f4xx_hal_tim.o
LOAD Drivers/STM32F4xx_HAL_Driver/Src/stm32f4xx_hal_tim_ex.o
LOAD Drivers/STM32F4xx_HAL_Driver/Src/stm32f4xx_hal_uart.o
START GROUP
LOAD c:/st/stm32cubeide_1.4.0/stm32cubeide/plugins/com.st.stm32cube.ide.mcu.externaltools.gnu-tools-for-stm32.7-2018-q2-update.win32_1.5.0.202011040924/tools/bin/../lib/gcc/arm-none-eabi/7.3.1/../../../../arm-none-eabi/lib/thumb/v7e-m/fpv4-sp/hard\libc_nano.a
LOAD c:/st/stm32cubeide_1.4.0/stm32cubeide/plugins/com.st.stm32cube.ide.mcu.externaltools.gnu-tools-for-stm32.7-2018-q2-update.win32_1.5.0.202011040924/tools/bin/../lib/gcc/arm-none-eabi/7.3.1/../../../../arm-none-eabi/lib/thumb/v7e-m/fpv4-sp/hard\libm.a
END GROUP
START GROUP
LOAD c:/st/stm32cubeide_1.4.0/stm32cubeide/plugins/com.st.stm32cube.ide.mcu.externaltools.gnu-tools-for-stm32.7-2018-q2-update.win32_1.5.0.202011040924/tools/bin/../lib/gcc/arm-none-eabi/7.3.1/thumb/v7e-m/fpv4-sp/hard\libgcc.a
LOAD c:/st/stm32cubeide_1.4.0/stm32cubeide/plugins/com.st.stm32cube.ide.mcu.externaltools.gnu-tools-for-stm32.7-2018-q2-update.win32_1.5.0.202011040924/tools/bin/../lib/gcc/arm-none-eabi/7.3.1/../../../../arm-none-eabi/lib/thumb/v7e-m/fpv4-sp/hard\libc_nano.a
END GROUP
START GROUP
LOAD c:/st/stm32cubeide_1.4.0/stm32cubeide/plugins/com.st.stm32cube.ide.mcu.externaltools.gnu-tools-for-stm32.7-2018-q2-update.win32_1.5.0.202011040924/tools/bin/../lib/gcc/arm-none-eabi/7.3.1/thumb/v7e-m/fpv4-sp/hard\libgcc.a
LOAD c:/st/stm32cubeide_1.4.0/stm32cubeide/plugins/com.st.stm32cube.ide.mcu.externaltools.gnu-tools-for-stm32.7-2018-q2-update.win32_1.5.0.202011040924/tools/bin/../lib/gcc/arm-none-eabi/7.3.1/../../../../arm-none-eabi/lib/thumb/v7e-m/fpv4-sp/hard\libc_nano.a
LOAD c:/st/stm32cubeide_1.4.0/stm32cubeide/plugins/com.st.stm32cube.ide.mcu.externaltools.gnu-tools-for-stm32.7-2018-q2-update.win32_1.5.0.202011040924/tools/bin/../lib/gcc/arm-none-eabi/7.3.1/../../../../arm-none-eabi/lib/thumb/v7e-m/fpv4-sp/hard\libnosys.a
END GROUP
START GROUP
LOAD c:/st/stm32cubeide_1.4.0/stm32cubeide/plugins/com.st.stm32cube.ide.mcu.externaltools.gnu-tools-for-stm32.7-2018-q2-update.win32_1.5.0.202011040924/tools/bin/../lib/gcc/arm-none-eabi/7.3.1/thumb/v7e-m/fpv4-sp/hard\libgcc.a
LOAD c:/st/stm32cubeide_1.4.0/stm32cubeide/plugins/com.st.stm32cube.ide.mcu.externaltools.gnu-tools-for-stm32.7-2018-q2-update.win32_1.5.0.202011040924/tools/bin/../lib/gcc/arm-none-eabi/7.3.1/../../../../arm-none-eabi/lib/thumb/v7e-m/fpv4-sp/hard\libc_nano.a
LOAD c:/st/stm32cubeide_1.4.0/stm32cubeide/plugins/com.st.stm32cube.ide.mcu.externaltools.gnu-tools-for-stm32.7-2018-q2-update.win32_1.5.0.202011040924/tools/bin/../lib/gcc/arm-none-eabi/7.3.1/../../../../arm-none-eabi/lib/thumb/v7e-m/fpv4-sp/hard\libnosys.a
END GROUP
LOAD c:/st/stm32cubeide_1.4.0/stm32cubeide/plugins/com.st.stm32cube.ide.mcu.externaltools.gnu-tools-for-stm32.7-2018-q2-update.win32_1.5.0.202011040924/tools/bin/../lib/gcc/arm-none-eabi/7.3.1/thumb/v7e-m/fpv4-sp/hard/crtend.o
LOAD c:/st/stm32cubeide_1.4.0/stm32cubeide/plugins/com.st.stm32cube.ide.mcu.externaltools.gnu-tools-for-stm32.7-2018-q2-update.win32_1.5.0.202011040924/tools/bin/../lib/gcc/arm-none-eabi/7.3.1/thumb/v7e-m/fpv4-sp/hard/crtn.o
                0x0000000020018000                _estack = (ORIGIN (RAM) + LENGTH (RAM))
                0x0000000000000200                _Min_Heap_Size = 0x200
                0x0000000000000400                _Min_Stack_Size = 0x400

.isr_vector     0x0000000008000000      0x194
                0x0000000008000000                . = ALIGN (0x4)
 *(.isr_vector)
 .isr_vector    0x0000000008000000      0x194 Core/Startup/startup_stm32f401retx.o
                0x0000000008000000                g_pfnVectors
                0x0000000008000194                . = ALIGN (0x4)

.text           0x00000000080001a0     0xe6d0
                0x00000000080001a0                . = ALIGN (0x4)
 *(.text)
 .text          0x00000000080001a0       0x40 c:/st/stm32cubeide_1.4.0/stm32cubeide/plugins/com.st.stm32cube.ide.mcu.externaltools.gnu-tools-for-stm32.7-2018-q2-update.win32_1.5.0.202011040924/tools/bin/../lib/gcc/arm-none-eabi/7.3.1/thumb/v7e-m/fpv4-sp/hard/crtbegin.o
 .text          0x00000000080001e0       0x10 c:/st/stm32cubeide_1.4.0/stm32cubeide/plugins/com.st.stm32cube.ide.mcu.externaltools.gnu-tools-for-stm32.7-2018-q2-update.win32_1.5.0.202011040924/tools/bin/../lib/gcc/arm-none-eabi/7.3.1/../../../../arm-none-eabi/lib/thumb/v7e-m/fpv4-sp/hard\libc_nano.a(lib_a-strlen.o)
                0x00000000080001e0                strlen
 .text          0x00000000080001f0       0xa0 c:/st/stm32cubeide_1.4.0/stm32cubeide/plugins/com.st.stm32cube.ide.mcu.externaltools.gnu-tools-for-stm32.7-2018-q2-update.win32_1.5.0.202011040924/tools/bin/../lib/gcc/arm-none-eabi/7.3.1/../../../../arm-none-eabi/lib/thumb/v7e-m/fpv4-sp/hard\libc_nano.a(lib_a-memchr.o)
                0x00000000080001f0                memchr
 .text          0x0000000008000290      0x378 c:/st/stm32cubeide_1.4.0/stm32cubeide/plugins/com.st.stm32cube.ide.mcu.externaltools.gnu-tools-for-stm32.7-2018-q2-update.win32_1.5.0.202011040924/tools/bin/../lib/gcc/arm-none-eabi/7.3.1/thumb/v7e-m/fpv4-sp/hard\libgcc.a(_arm_addsubdf3.o)
                0x0000000008000290                __aeabi_drsub
                0x0000000008000298                __aeabi_dsub
                0x0000000008000298                __subdf3
                0x000000000800029c                __aeabi_dadd
                0x000000000800029c                __adddf3
                0x0000000008000514                __floatunsidf
                0x0000000008000514                __aeabi_ui2d
                0x0000000008000534                __floatsidf
                0x0000000008000534                __aeabi_i2d
                0x0000000008000558                __aeabi_f2d
                0x0000000008000558                __extendsfdf2
                0x000000000800059c                __floatundidf
                0x000000000800059c                __aeabi_ul2d
                0x00000000080005ac                __floatdidf
                0x00000000080005ac                __aeabi_l2d
 .text          0x0000000008000608      0x424 c:/st/stm32cubeide_1.4.0/stm32cubeide/plugins/com.st.stm32cube.ide.mcu.externaltools.gnu-tools-for-stm32.7-2018-q2-update.win32_1.5.0.202011040924/tools/bin/../lib/gcc/arm-none-eabi/7.3.1/thumb/v7e-m/fpv4-sp/hard\libgcc.a(_arm_muldivdf3.o)
                0x0000000008000608                __aeabi_dmul
                0x0000000008000608                __muldf3
                0x000000000800085c                __divdf3
                0x000000000800085c                __aeabi_ddiv
 .text          0x0000000008000a2c      0x110 c:/st/stm32cubeide_1.4.0/stm32cubeide/plugins/com.st.stm32cube.ide.mcu.externaltools.gnu-tools-for-stm32.7-2018-q2-update.win32_1.5.0.202011040924/tools/bin/../lib/gcc/arm-none-eabi/7.3.1/thumb/v7e-m/fpv4-sp/hard\libgcc.a(_arm_cmpdf2.o)
                0x0000000008000a2c                __gtdf2
                0x0000000008000a2c                __gedf2
                0x0000000008000a34                __ltdf2
                0x0000000008000a34                __ledf2
                0x0000000008000a3c                __nedf2
                0x0000000008000a3c                __eqdf2
                0x0000000008000a3c                __cmpdf2
                0x0000000008000ab8                __aeabi_cdrcmple
                0x0000000008000ac8                __aeabi_cdcmpeq
                0x0000000008000ac8                __aeabi_cdcmple
                0x0000000008000ad8                __aeabi_dcmpeq
                0x0000000008000aec                __aeabi_dcmplt
                0x0000000008000b00                __aeabi_dcmple
                0x0000000008000b14                __aeabi_dcmpge
                0x0000000008000b28                __aeabi_dcmpgt
 .text          0x0000000008000b3c       0x2c c:/st/stm32cubeide_1.4.0/stm32cubeide/plugins/com.st.stm32cube.ide.mcu.externaltools.gnu-tools-for-stm32.7-2018-q2-update.win32_1.5.0.202011040924/tools/bin/../lib/gcc/arm-none-eabi/7.3.1/thumb/v7e-m/fpv4-sp/hard\libgcc.a(_arm_unorddf2.o)
                0x0000000008000b3c                __unorddf2
                0x0000000008000b3c                __aeabi_dcmpun
 .text          0x0000000008000b68       0x50 c:/st/stm32cubeide_1.4.0/stm32cubeide/plugins/com.st.stm32cube.ide.mcu.externaltools.gnu-tools-for-stm32.7-2018-q2-update.win32_1.5.0.202011040924/tools/bin/../lib/gcc/arm-none-eabi/7.3.1/thumb/v7e-m/fpv4-sp/hard\libgcc.a(_arm_fixdfsi.o)
                0x0000000008000b68                __aeabi_d2iz
                0x0000000008000b68                __fixdfsi
 .text          0x0000000008000bb8       0x40 c:/st/stm32cubeide_1.4.0/stm32cubeide/plugins/com.st.stm32cube.ide.mcu.externaltools.gnu-tools-for-stm32.7-2018-q2-update.win32_1.5.0.202011040924/tools/bin/../lib/gcc/arm-none-eabi/7.3.1/thumb/v7e-m/fpv4-sp/hard\libgcc.a(_arm_fixunsdfsi.o)
                0x0000000008000bb8                __aeabi_d2uiz
                0x0000000008000bb8                __fixunsdfsi
 .text          0x0000000008000bf8       0xa0 c:/st/stm32cubeide_1.4.0/stm32cubeide/plugins/com.st.stm32cube.ide.mcu.externaltools.gnu-tools-for-stm32.7-2018-q2-update.win32_1.5.0.202011040924/tools/bin/../lib/gcc/arm-none-eabi/7.3.1/thumb/v7e-m/fpv4-sp/hard\libgcc.a(_arm_truncdfsf2.o)
                0x0000000008000bf8                __truncdfsf2
                0x0000000008000bf8                __aeabi_d2f
 .text          0x0000000008000c98       0x30 c:/st/stm32cubeide_1.4.0/stm32cubeide/plugins/com.st.stm32cube.ide.mcu.externaltools.gnu-tools-for-stm32.7-2018-q2-update.win32_1.5.0.202011040924/tools/bin/../lib/gcc/arm-none-eabi/7.3.1/thumb/v7e-m/fpv4-sp/hard\libgcc.a(_aeabi_uldivmod.o)
                0x0000000008000c98                __aeabi_uldivmod
 .text          0x0000000008000cc8      0x2cc c:/st/stm32cubeide_1.4.0/stm32cubeide/plugins/com.st.stm32cube.ide.mcu.externaltools.gnu-tools-for-stm32.7-2018-q2-update.win32_1.5.0.202011040924/tools/bin/../lib/gcc/arm-none-eabi/7.3.1/thumb/v7e-m/fpv4-sp/hard\libgcc.a(_udivmoddi4.o)
                0x0000000008000cc8                __udivmoddi4
 .text          0x0000000008000f94        0x4 c:/st/stm32cubeide_1.4.0/stm32cubeide/plugins/com.st.stm32cube.ide.mcu.externaltools.gnu-tools-for-stm32.7-2018-q2-update.win32_1.5.0.202011040924/tools/bin/../lib/gcc/arm-none-eabi/7.3.1/thumb/v7e-m/fpv4-sp/hard\libgcc.a(_dvmd_tls.o)
                0x0000000008000f94                __aeabi_idiv0
                0x0000000008000f94                __aeabi_ldiv0
 *(.text*)
 .text.MX_ADC1_Init
                0x0000000008000f98       0xa8 Core/Src/adc.o
                0x0000000008000f98                MX_ADC1_Init
 .text.HAL_ADC_MspInit
                0x0000000008001040       0xf0 Core/Src/adc.o
                0x0000000008001040                HAL_ADC_MspInit
 .text.buzzerAlarm
                0x0000000008001130       0x40 Core/Src/buzzer.o
                0x0000000008001130                buzzerAlarm
 .text.MX_DMA_Init
                0x0000000008001170       0x40 Core/Src/dma.o
                0x0000000008001170                MX_DMA_Init
 .text.EE_Init  0x00000000080011b0      0x3b8 Core/Src/eeprom.o
                0x00000000080011b0                EE_Init
 .text.EE_VerifyPageFullyErased
                0x0000000008001568       0x54 Core/Src/eeprom.o
 .text.EE_ReadVariable
                0x00000000080015bc       0x94 Core/Src/eeprom.o
                0x00000000080015bc                EE_ReadVariable
 .text.EE_WriteVariable
                0x0000000008001650       0x44 Core/Src/eeprom.o
                0x0000000008001650                EE_WriteVariable
 .text.EE_Format
                0x0000000008001694       0xa4 Core/Src/eeprom.o
 .text.EE_FindValidPage
                0x0000000008001738       0x8c Core/Src/eeprom.o
 .text.EE_VerifyPageFullWriteVariable
                0x00000000080017c4       0xc0 Core/Src/eeprom.o
 .text.EE_PageTransfer
                0x0000000008001884      0x178 Core/Src/eeprom.o
 .text.MX_GPIO_Init
                0x00000000080019fc       0xdc Core/Src/gpio.o
                0x00000000080019fc                MX_GPIO_Init
 .text.hts221_init
                0x0000000008001ad8       0x1a Core/Src/hts221_add.o
                0x0000000008001ad8                hts221_init
 .text.hts221_readTemp
                0x0000000008001af2       0x1e Core/Src/hts221_add.o
                0x0000000008001af2                hts221_readTemp
 .text.hts221_readHumid
                0x0000000008001b10       0x1e Core/Src/hts221_add.o
                0x0000000008001b10                hts221_readHumid
 *fill*         0x0000000008001b2e        0x2 
 .text.MX_I2C3_Init
                0x0000000008001b30       0x5c Core/Src/i2c.o
                0x0000000008001b30                MX_I2C3_Init
 .text.HAL_I2C_MspInit
                0x0000000008001b8c       0xd4 Core/Src/i2c.o
                0x0000000008001b8c                HAL_I2C_MspInit
 .text.HAL_I2C_MspDeInit
                0x0000000008001c60       0x4c Core/Src/i2c.o
                0x0000000008001c60                HAL_I2C_MspDeInit
 .text.kb_readKey
                0x0000000008001cac       0x8c Core/Src/keyboard.o
                0x0000000008001cac                kb_readKey
 .text.kb_service
                0x0000000008001d38       0x38 Core/Src/keyboard.o
                0x0000000008001d38                kb_service
 .text.lcd_init
                0x0000000008001d70       0xd4 Core/Src/lcd.o
                0x0000000008001d70                lcd_init
 .text.lcd_write
                0x0000000008001e44       0x8c Core/Src/lcd.o
                0x0000000008001e44                lcd_write
 .text.lcd_display
                0x0000000008001ed0       0xa2 Core/Src/lcd.o
                0x0000000008001ed0                lcd_display
 *fill*         0x0000000008001f72        0x2 
 .text.lcd_clear
                0x0000000008001f74       0x4c Core/Src/lcd.o
                0x0000000008001f74                lcd_clear
 .text.main     0x0000000008001fc0      0x1b8 Core/Src/main.o
                0x0000000008001fc0                main
 .text.SystemClock_Config
                0x0000000008002178       0xd8 Core/Src/main.o
                0x0000000008002178                SystemClock_Config
 .text.HAL_TIM_PeriodElapsedCallback
                0x0000000008002250      0x11c Core/Src/main.o
                0x0000000008002250                HAL_TIM_PeriodElapsedCallback
 .text.Error_Handler
                0x000000000800236c       0x10 Core/Src/main.o
                0x000000000800236c                Error_Handler
 .text.data_settingInit
                0x000000000800237c       0x40 Core/Src/sensors.o
                0x000000000800237c                data_settingInit
 .text.data_settingSave
                0x00000000080023bc       0x94 Core/Src/sensors.o
                0x00000000080023bc                data_settingSave
 .text.data_settingLoad
                0x0000000008002450       0xa4 Core/Src/sensors.o
                0x0000000008002450                data_settingLoad
 .text.data_settingEnter
                0x00000000080024f4      0x4f4 Core/Src/sensors.o
                0x00000000080024f4                data_settingEnter
 .text.data_settingPrint
                0x00000000080029e8      0x13c Core/Src/sensors.o
                0x00000000080029e8                data_settingPrint
 .text.data_get
                0x0000000008002b24       0x30 Core/Src/sensors.o
                0x0000000008002b24                data_get
 .text.convertMoisture
                0x0000000008002b54       0x7c Core/Src/sensors.o
                0x0000000008002b54                convertMoisture
 .text.data_print
                0x0000000008002bd0      0x150 Core/Src/sensors.o
                0x0000000008002bd0                data_print
 .text.data_printAlert
                0x0000000008002d20       0xdc Core/Src/sensors.o
                0x0000000008002d20                data_printAlert
 .text.data_check
                0x0000000008002dfc       0x84 Core/Src/sensors.o
                0x0000000008002dfc                data_check
 .text.HAL_MspInit
                0x0000000008002e80       0x50 Core/Src/stm32f4xx_hal_msp.o
                0x0000000008002e80                HAL_MspInit
 .text.NMI_Handler
                0x0000000008002ed0        0xe Core/Src/stm32f4xx_it.o
                0x0000000008002ed0                NMI_Handler
 .text.HardFault_Handler
                0x0000000008002ede        0x6 Core/Src/stm32f4xx_it.o
                0x0000000008002ede                HardFault_Handler
 .text.MemManage_Handler
                0x0000000008002ee4        0x6 Core/Src/stm32f4xx_it.o
                0x0000000008002ee4                MemManage_Handler
 .text.BusFault_Handler
                0x0000000008002eea        0x6 Core/Src/stm32f4xx_it.o
                0x0000000008002eea                BusFault_Handler
 .text.UsageFault_Handler
                0x0000000008002ef0        0x6 Core/Src/stm32f4xx_it.o
                0x0000000008002ef0                UsageFault_Handler
 .text.SVC_Handler
                0x0000000008002ef6        0xe Core/Src/stm32f4xx_it.o
                0x0000000008002ef6                SVC_Handler
 .text.DebugMon_Handler
                0x0000000008002f04        0xe Core/Src/stm32f4xx_it.o
                0x0000000008002f04                DebugMon_Handler
 .text.PendSV_Handler
                0x0000000008002f12        0xe Core/Src/stm32f4xx_it.o
                0x0000000008002f12                PendSV_Handler
 .text.SysTick_Handler
                0x0000000008002f20       0x34 Core/Src/stm32f4xx_it.o
                0x0000000008002f20                SysTick_Handler
 .text.TIM1_TRG_COM_TIM11_IRQHandler
                0x0000000008002f54       0x14 Core/Src/stm32f4xx_it.o
                0x0000000008002f54                TIM1_TRG_COM_TIM11_IRQHandler
 .text.TIM2_IRQHandler
                0x0000000008002f68       0x14 Core/Src/stm32f4xx_it.o
                0x0000000008002f68                TIM2_IRQHandler
 .text.DMA2_Stream0_IRQHandler
                0x0000000008002f7c       0x14 Core/Src/stm32f4xx_it.o
                0x0000000008002f7c                DMA2_Stream0_IRQHandler
 .text.BSP_I2C1_Init
                0x0000000008002f90       0x64 Core/Src/stm32f4xx_nucleo_bus.o
                0x0000000008002f90                BSP_I2C1_Init
 .text.BSP_I2C1_DeInit
                0x0000000008002ff4       0x50 Core/Src/stm32f4xx_nucleo_bus.o
                0x0000000008002ff4                BSP_I2C1_DeInit
 .text.BSP_I2C1_WriteReg
                0x0000000008003044       0x64 Core/Src/stm32f4xx_nucleo_bus.o
                0x0000000008003044                BSP_I2C1_WriteReg
 .text.BSP_I2C1_ReadReg
                0x00000000080030a8       0x64 Core/Src/stm32f4xx_nucleo_bus.o
                0x00000000080030a8                BSP_I2C1_ReadReg
 .text.BSP_GetTick
                0x000000000800310c        0xe Core/Src/stm32f4xx_nucleo_bus.o
                0x000000000800310c                BSP_GetTick
 *fill*         0x000000000800311a        0x2 
 .text.MX_I2C1_Init
                0x000000000800311c       0x68 Core/Src/stm32f4xx_nucleo_bus.o
                0x000000000800311c                MX_I2C1_Init
 .text.I2C1_MspInit
                0x0000000008003184       0x94 Core/Src/stm32f4xx_nucleo_bus.o
 .text.I2C1_MspDeInit
                0x0000000008003218       0x38 Core/Src/stm32f4xx_nucleo_bus.o
 .text._sbrk    0x0000000008003250       0x6c Core/Src/sysmem.o
                0x0000000008003250                _sbrk
 .text.SystemInit
                0x00000000080032bc       0x2c Core/Src/system_stm32f4xx.o
                0x00000000080032bc                SystemInit
 .text.MX_TIM2_Init
                0x00000000080032e8       0x9c Core/Src/tim.o
                0x00000000080032e8                MX_TIM2_Init
 .text.MX_TIM3_Init
                0x0000000008003384       0xec Core/Src/tim.o
                0x0000000008003384                MX_TIM3_Init
 .text.MX_TIM11_Init
                0x0000000008003470       0x48 Core/Src/tim.o
                0x0000000008003470                MX_TIM11_Init
 .text.HAL_TIM_Base_MspInit
                0x00000000080034b8       0xb4 Core/Src/tim.o
                0x00000000080034b8                HAL_TIM_Base_MspInit
 .text.HAL_TIM_MspPostInit
                0x000000000800356c       0x74 Core/Src/tim.o
                0x000000000800356c                HAL_TIM_MspPostInit
 .text.MX_USART2_UART_Init
                0x00000000080035e0       0x54 Core/Src/usart.o
                0x00000000080035e0                MX_USART2_UART_Init
 .text.HAL_UART_MspInit
                0x0000000008003634       0x90 Core/Src/usart.o
                0x0000000008003634                HAL_UART_MspInit
 .text.usart_send_string
                0x00000000080036c4       0x30 Core/Src/usart.o
                0x00000000080036c4                usart_send_string
 .text.usart_settingEnter
                0x00000000080036f4       0x58 Core/Src/usart.o
                0x00000000080036f4                usart_settingEnter
 .text.Reset_Handler
                0x000000000800374c       0x50 Core/Startup/startup_stm32f401retx.o
                0x000000000800374c                Reset_Handler
 .text.Default_Handler
                0x000000000800379c        0x2 Core/Startup/startup_stm32f401retx.o
                0x000000000800379c                RTC_Alarm_IRQHandler
                0x000000000800379c                EXTI2_IRQHandler
                0x000000000800379c                SPI4_IRQHandler
                0x000000000800379c                TIM1_CC_IRQHandler
                0x000000000800379c                DMA2_Stream5_IRQHandler
                0x000000000800379c                DMA1_Stream5_IRQHandler
                0x000000000800379c                PVD_IRQHandler
                0x000000000800379c                SDIO_IRQHandler
                0x000000000800379c                TAMP_STAMP_IRQHandler
                0x000000000800379c                EXTI3_IRQHandler
                0x000000000800379c                TIM1_UP_TIM10_IRQHandler
                0x000000000800379c                I2C3_ER_IRQHandler
                0x000000000800379c                EXTI0_IRQHandler
                0x000000000800379c                I2C2_EV_IRQHandler
                0x000000000800379c                DMA1_Stream2_IRQHandler
                0x000000000800379c                FPU_IRQHandler
                0x000000000800379c                DMA2_Stream2_IRQHandler
                0x000000000800379c                SPI1_IRQHandler
                0x000000000800379c                TIM1_BRK_TIM9_IRQHandler
                0x000000000800379c                DMA2_Stream3_IRQHandler
                0x000000000800379c                USART6_IRQHandler
                0x000000000800379c                TIM4_IRQHandler
                0x000000000800379c                I2C1_EV_IRQHandler
                0x000000000800379c                DMA1_Stream6_IRQHandler
                0x000000000800379c                DMA1_Stream1_IRQHandler
                0x000000000800379c                TIM3_IRQHandler
                0x000000000800379c                RCC_IRQHandler
                0x000000000800379c                Default_Handler
                0x000000000800379c                EXTI15_10_IRQHandler
                0x000000000800379c                ADC_IRQHandler
                0x000000000800379c                DMA1_Stream7_IRQHandler
                0x000000000800379c                TIM5_IRQHandler
                0x000000000800379c                DMA2_Stream7_IRQHandler
                0x000000000800379c                I2C3_EV_IRQHandler
                0x000000000800379c                EXTI9_5_IRQHandler
                0x000000000800379c                RTC_WKUP_IRQHandler
                0x000000000800379c                SPI2_IRQHandler
                0x000000000800379c                DMA1_Stream0_IRQHandler
                0x000000000800379c                EXTI4_IRQHandler
                0x000000000800379c                WWDG_IRQHandler
                0x000000000800379c                OTG_FS_WKUP_IRQHandler
                0x000000000800379c                EXTI1_IRQHandler
                0x000000000800379c                USART2_IRQHandler
                0x000000000800379c                I2C2_ER_IRQHandler
                0x000000000800379c                DMA2_Stream1_IRQHandler
                0x000000000800379c                FLASH_IRQHandler
                0x000000000800379c                DMA2_Stream4_IRQHandler
                0x000000000800379c                USART1_IRQHandler
                0x000000000800379c                OTG_FS_IRQHandler
                0x000000000800379c                SPI3_IRQHandler
                0x000000000800379c                DMA1_Stream4_IRQHandler
                0x000000000800379c                I2C1_ER_IRQHandler
                0x000000000800379c                DMA2_Stream6_IRQHandler
                0x000000000800379c                DMA1_Stream3_IRQHandler
 *fill*         0x000000000800379e        0x2 
 .text.HTS221_RegisterBusIO
                0x00000000080037a0       0x8c Drivers/BSP/Components/hts221/hts221.o
                0x00000000080037a0                HTS221_RegisterBusIO
 .text.HTS221_Init
                0x000000000800382c       0x36 Drivers/BSP/Components/hts221/hts221.o
                0x000000000800382c                HTS221_Init
 .text.HTS221_DeInit
                0x0000000008003862       0x48 Drivers/BSP/Components/hts221/hts221.o
                0x0000000008003862                HTS221_DeInit
 .text.HTS221_ReadID
                0x00000000080038aa       0x2c Drivers/BSP/Components/hts221/hts221.o
                0x00000000080038aa                HTS221_ReadID
 *fill*         0x00000000080038d6        0x2 
 .text.HTS221_GetCapabilities
                0x00000000080038d8       0x48 Drivers/BSP/Components/hts221/hts221.o
                0x00000000080038d8                HTS221_GetCapabilities
 .text.HTS221_HUM_Enable
                0x0000000008003920       0x4a Drivers/BSP/Components/hts221/hts221.o
                0x0000000008003920                HTS221_HUM_Enable
 .text.HTS221_HUM_Disable
                0x000000000800396a       0x4a Drivers/BSP/Components/hts221/hts221.o
                0x000000000800396a                HTS221_HUM_Disable
 .text.HTS221_HUM_GetOutputDataRate
                0x00000000080039b4       0x1c Drivers/BSP/Components/hts221/hts221.o
                0x00000000080039b4                HTS221_HUM_GetOutputDataRate
 .text.HTS221_HUM_SetOutputDataRate
                0x00000000080039d0       0x20 Drivers/BSP/Components/hts221/hts221.o
                0x00000000080039d0                HTS221_HUM_SetOutputDataRate
 .text.HTS221_HUM_GetHumidity
                0x00000000080039f0      0x148 Drivers/BSP/Components/hts221/hts221.o
                0x00000000080039f0                HTS221_HUM_GetHumidity
 .text.HTS221_TEMP_Enable
                0x0000000008003b38       0x4a Drivers/BSP/Components/hts221/hts221.o
                0x0000000008003b38                HTS221_TEMP_Enable
 .text.HTS221_TEMP_Disable
                0x0000000008003b82       0x4a Drivers/BSP/Components/hts221/hts221.o
                0x0000000008003b82                HTS221_TEMP_Disable
 .text.HTS221_TEMP_GetOutputDataRate
                0x0000000008003bcc       0x1c Drivers/BSP/Components/hts221/hts221.o
                0x0000000008003bcc                HTS221_TEMP_GetOutputDataRate
 .text.HTS221_TEMP_SetOutputDataRate
                0x0000000008003be8       0x20 Drivers/BSP/Components/hts221/hts221.o
                0x0000000008003be8                HTS221_TEMP_SetOutputDataRate
 .text.HTS221_TEMP_GetTemperature
                0x0000000008003c08      0x10e Drivers/BSP/Components/hts221/hts221.o
                0x0000000008003c08                HTS221_TEMP_GetTemperature
 *fill*         0x0000000008003d16        0x2 
 .text.HTS221_GetOutputDataRate
                0x0000000008003d18       0x88 Drivers/BSP/Components/hts221/hts221.o
 .text.HTS221_SetOutputDataRate
                0x0000000008003da0       0x60 Drivers/BSP/Components/hts221/hts221.o
 .text.HTS221_Initialize
                0x0000000008003e00       0x58 Drivers/BSP/Components/hts221/hts221.o
 .text.Linear_Interpolation
                0x0000000008003e58       0x72 Drivers/BSP/Components/hts221/hts221.o
 .text.ReadRegWrap
                0x0000000008003eca       0x62 Drivers/BSP/Components/hts221/hts221.o
 .text.WriteRegWrap
                0x0000000008003f2c       0x62 Drivers/BSP/Components/hts221/hts221.o
 .text.hts221_read_reg
                0x0000000008003f8e       0x30 Drivers/BSP/Components/hts221/hts221_reg.o
                0x0000000008003f8e                hts221_read_reg
 .text.hts221_write_reg
                0x0000000008003fbe       0x30 Drivers/BSP/Components/hts221/hts221_reg.o
                0x0000000008003fbe                hts221_write_reg
 .text.hts221_data_rate_set
                0x0000000008003fee       0x4c Drivers/BSP/Components/hts221/hts221_reg.o
                0x0000000008003fee                hts221_data_rate_set
 *fill*         0x000000000800403a        0x2 
 .text.hts221_data_rate_get
                0x000000000800403c       0x70 Drivers/BSP/Components/hts221/hts221_reg.o
                0x000000000800403c                hts221_data_rate_get
 .text.hts221_block_data_update_set
                0x00000000080040ac       0x4c Drivers/BSP/Components/hts221/hts221_reg.o
                0x00000000080040ac                hts221_block_data_update_set
 .text.hts221_humidity_raw_get
                0x00000000080040f8       0x22 Drivers/BSP/Components/hts221/hts221_reg.o
                0x00000000080040f8                hts221_humidity_raw_get
 .text.hts221_temperature_raw_get
                0x000000000800411a       0x22 Drivers/BSP/Components/hts221/hts221_reg.o
                0x000000000800411a                hts221_temperature_raw_get
 .text.hts221_device_id_get
                0x000000000800413c       0x22 Drivers/BSP/Components/hts221/hts221_reg.o
                0x000000000800413c                hts221_device_id_get
 .text.hts221_power_on_set
                0x000000000800415e       0x4c Drivers/BSP/Components/hts221/hts221_reg.o
                0x000000000800415e                hts221_power_on_set
 .text.hts221_hum_rh_point_0_get
                0x00000000080041aa       0x2e Drivers/BSP/Components/hts221/hts221_reg.o
                0x00000000080041aa                hts221_hum_rh_point_0_get
 .text.hts221_hum_rh_point_1_get
                0x00000000080041d8       0x2e Drivers/BSP/Components/hts221/hts221_reg.o
                0x00000000080041d8                hts221_hum_rh_point_1_get
 .text.hts221_temp_deg_point_0_get
                0x0000000008004206       0x54 Drivers/BSP/Components/hts221/hts221_reg.o
                0x0000000008004206                hts221_temp_deg_point_0_get
 .text.hts221_temp_deg_point_1_get
                0x000000000800425a       0x54 Drivers/BSP/Components/hts221/hts221_reg.o
                0x000000000800425a                hts221_temp_deg_point_1_get
 .text.hts221_hum_adc_point_0_get
                0x00000000080042ae       0x22 Drivers/BSP/Components/hts221/hts221_reg.o
                0x00000000080042ae                hts221_hum_adc_point_0_get
 .text.hts221_hum_adc_point_1_get
                0x00000000080042d0       0x22 Drivers/BSP/Components/hts221/hts221_reg.o
                0x00000000080042d0                hts221_hum_adc_point_1_get
 .text.hts221_temp_adc_point_0_get
                0x00000000080042f2       0x22 Drivers/BSP/Components/hts221/hts221_reg.o
                0x00000000080042f2                hts221_temp_adc_point_0_get
 .text.hts221_temp_adc_point_1_get
                0x0000000008004314       0x22 Drivers/BSP/Components/hts221/hts221_reg.o
                0x0000000008004314                hts221_temp_adc_point_1_get
 *fill*         0x0000000008004336        0x2 
 .text.LPS22HB_RegisterBusIO
                0x0000000008004338       0xcc Drivers/BSP/Components/lps22hb/lps22hb.o
                0x0000000008004338                LPS22HB_RegisterBusIO
 .text.LPS22HB_Init
                0x0000000008004404       0x36 Drivers/BSP/Components/lps22hb/lps22hb.o
                0x0000000008004404                LPS22HB_Init
 .text.LPS22HB_DeInit
                0x000000000800443a       0x48 Drivers/BSP/Components/lps22hb/lps22hb.o
                0x000000000800443a                LPS22HB_DeInit
 .text.LPS22HB_ReadID
                0x0000000008004482       0x2c Drivers/BSP/Components/lps22hb/lps22hb.o
                0x0000000008004482                LPS22HB_ReadID
 *fill*         0x00000000080044ae        0x2 
 .text.LPS22HB_GetCapabilities
                0x00000000080044b0       0x48 Drivers/BSP/Components/lps22hb/lps22hb.o
                0x00000000080044b0                LPS22HB_GetCapabilities
 .text.LPS22HB_PRESS_Enable
                0x00000000080044f8       0x48 Drivers/BSP/Components/lps22hb/lps22hb.o
                0x00000000080044f8                LPS22HB_PRESS_Enable
 .text.LPS22HB_PRESS_Disable
                0x0000000008004540       0x68 Drivers/BSP/Components/lps22hb/lps22hb.o
                0x0000000008004540                LPS22HB_PRESS_Disable
 .text.LPS22HB_PRESS_GetOutputDataRate
                0x00000000080045a8       0x1c Drivers/BSP/Components/lps22hb/lps22hb.o
                0x00000000080045a8                LPS22HB_PRESS_GetOutputDataRate
 .text.LPS22HB_PRESS_SetOutputDataRate
                0x00000000080045c4       0x38 Drivers/BSP/Components/lps22hb/lps22hb.o
                0x00000000080045c4                LPS22HB_PRESS_SetOutputDataRate
 .text.LPS22HB_PRESS_GetPressure
                0x00000000080045fc       0x50 Drivers/BSP/Components/lps22hb/lps22hb.o
                0x00000000080045fc                LPS22HB_PRESS_GetPressure
 .text.LPS22HB_TEMP_Enable
                0x000000000800464c       0x48 Drivers/BSP/Components/lps22hb/lps22hb.o
                0x000000000800464c                LPS22HB_TEMP_Enable
 .text.LPS22HB_TEMP_Disable
                0x0000000008004694       0x68 Drivers/BSP/Components/lps22hb/lps22hb.o
                0x0000000008004694                LPS22HB_TEMP_Disable
 .text.LPS22HB_TEMP_GetOutputDataRate
                0x00000000080046fc       0x1c Drivers/BSP/Components/lps22hb/lps22hb.o
                0x00000000080046fc                LPS22HB_TEMP_GetOutputDataRate
 .text.LPS22HB_TEMP_SetOutputDataRate
                0x0000000008004718       0x38 Drivers/BSP/Components/lps22hb/lps22hb.o
                0x0000000008004718                LPS22HB_TEMP_SetOutputDataRate
 .text.LPS22HB_TEMP_GetTemperature
                0x0000000008004750       0x52 Drivers/BSP/Components/lps22hb/lps22hb.o
                0x0000000008004750                LPS22HB_TEMP_GetTemperature
 .text.LPS22HB_Write_Reg
                0x00000000080047a2       0x36 Drivers/BSP/Components/lps22hb/lps22hb.o
                0x00000000080047a2                LPS22HB_Write_Reg
 .text.LPS22HB_GetOutputDataRate
                0x00000000080047d8       0xa8 Drivers/BSP/Components/lps22hb/lps22hb.o
 .text.LPS22HB_SetOutputDataRate_When_Enabled
                0x0000000008004880       0xb0 Drivers/BSP/Components/lps22hb/lps22hb.o
 .text.LPS22HB_SetOutputDataRate_When_Disabled
                0x0000000008004930       0x80 Drivers/BSP/Components/lps22hb/lps22hb.o
 .text.LPS22HB_Initialize
                0x00000000080049b0       0xb2 Drivers/BSP/Components/lps22hb/lps22hb.o
 .text.ReadRegWrap
                0x0000000008004a62       0x86 Drivers/BSP/Components/lps22hb/lps22hb.o
 .text.WriteRegWrap
                0x0000000008004ae8       0x86 Drivers/BSP/Components/lps22hb/lps22hb.o
 .text.lps22hb_read_reg
                0x0000000008004b6e       0x30 Drivers/BSP/Components/lps22hb/lps22hb_reg.o
                0x0000000008004b6e                lps22hb_read_reg
 .text.lps22hb_write_reg
                0x0000000008004b9e       0x30 Drivers/BSP/Components/lps22hb/lps22hb_reg.o
                0x0000000008004b9e                lps22hb_write_reg
 *fill*         0x0000000008004bce        0x2 
 .text.lps22hb_from_lsb_to_hpa
                0x0000000008004bd0       0x30 Drivers/BSP/Components/lps22hb/lps22hb_reg.o
                0x0000000008004bd0                lps22hb_from_lsb_to_hpa
 .text.lps22hb_from_lsb_to_degc
                0x0000000008004c00       0x34 Drivers/BSP/Components/lps22hb/lps22hb_reg.o
                0x0000000008004c00                lps22hb_from_lsb_to_degc
 .text.lps22hb_block_data_update_set
                0x0000000008004c34       0x4c Drivers/BSP/Components/lps22hb/lps22hb_reg.o
                0x0000000008004c34                lps22hb_block_data_update_set
 .text.lps22hb_low_pass_filter_mode_set
                0x0000000008004c80       0x4c Drivers/BSP/Components/lps22hb/lps22hb_reg.o
                0x0000000008004c80                lps22hb_low_pass_filter_mode_set
 .text.lps22hb_data_rate_set
                0x0000000008004ccc       0x4c Drivers/BSP/Components/lps22hb/lps22hb_reg.o
                0x0000000008004ccc                lps22hb_data_rate_set
 .text.lps22hb_data_rate_get
                0x0000000008004d18       0x88 Drivers/BSP/Components/lps22hb/lps22hb_reg.o
                0x0000000008004d18                lps22hb_data_rate_get
 .text.lps22hb_pressure_raw_get
                0x0000000008004da0       0x22 Drivers/BSP/Components/lps22hb/lps22hb_reg.o
                0x0000000008004da0                lps22hb_pressure_raw_get
 .text.lps22hb_temperature_raw_get
                0x0000000008004dc2       0x22 Drivers/BSP/Components/lps22hb/lps22hb_reg.o
                0x0000000008004dc2                lps22hb_temperature_raw_get
 .text.lps22hb_device_id_get
                0x0000000008004de4       0x22 Drivers/BSP/Components/lps22hb/lps22hb_reg.o
                0x0000000008004de4                lps22hb_device_id_get
 .text.lps22hb_low_power_set
                0x0000000008004e06       0x4c Drivers/BSP/Components/lps22hb/lps22hb_reg.o
                0x0000000008004e06                lps22hb_low_power_set
 .text.lps22hb_auto_add_inc_set
                0x0000000008004e52       0x4c Drivers/BSP/Components/lps22hb/lps22hb_reg.o
                0x0000000008004e52                lps22hb_auto_add_inc_set
 *fill*         0x0000000008004e9e        0x2 
 .text.IKS01A2_ENV_SENSOR_Init
                0x0000000008004ea0      0x180 Drivers/BSP/IKS01A2/iks01a2_env_sensors.o
                0x0000000008004ea0                IKS01A2_ENV_SENSOR_Init
 .text.IKS01A2_ENV_SENSOR_GetValue
                0x0000000008005020       0x88 Drivers/BSP/IKS01A2/iks01a2_env_sensors.o
                0x0000000008005020                IKS01A2_ENV_SENSOR_GetValue
 .text.HTS221_0_Probe
                0x00000000080050a8      0x174 Drivers/BSP/IKS01A2/iks01a2_env_sensors.o
 .text.LPS22HB_0_Probe
                0x000000000800521c      0x178 Drivers/BSP/IKS01A2/iks01a2_env_sensors.o
 .text.HAL_Init
                0x0000000008005394       0x44 Drivers/STM32F4xx_HAL_Driver/Src/stm32f4xx_hal.o
                0x0000000008005394                HAL_Init
 .text.HAL_InitTick
                0x00000000080053d8       0x60 Drivers/STM32F4xx_HAL_Driver/Src/stm32f4xx_hal.o
                0x00000000080053d8                HAL_InitTick
 .text.HAL_IncTick
                0x0000000008005438       0x28 Drivers/STM32F4xx_HAL_Driver/Src/stm32f4xx_hal.o
                0x0000000008005438                HAL_IncTick
 .text.HAL_GetTick
                0x0000000008005460       0x18 Drivers/STM32F4xx_HAL_Driver/Src/stm32f4xx_hal.o
                0x0000000008005460                HAL_GetTick
 .text.HAL_Delay
                0x0000000008005478       0x44 Drivers/STM32F4xx_HAL_Driver/Src/stm32f4xx_hal.o
                0x0000000008005478                HAL_Delay
 .text.HAL_ADC_Init
                0x00000000080054bc       0x86 Drivers/STM32F4xx_HAL_Driver/Src/stm32f4xx_hal_adc.o
                0x00000000080054bc                HAL_ADC_Init
 *fill*         0x0000000008005542        0x2 
 .text.HAL_ADC_Start_DMA
                0x0000000008005544      0x1a8 Drivers/STM32F4xx_HAL_Driver/Src/stm32f4xx_hal_adc.o
                0x0000000008005544                HAL_ADC_Start_DMA
 .text.HAL_ADC_ConvCpltCallback
                0x00000000080056ec       0x14 Drivers/STM32F4xx_HAL_Driver/Src/stm32f4xx_hal_adc.o
                0x00000000080056ec                HAL_ADC_ConvCpltCallback
 .text.HAL_ADC_ConvHalfCpltCallback
                0x0000000008005700       0x14 Drivers/STM32F4xx_HAL_Driver/Src/stm32f4xx_hal_adc.o
                0x0000000008005700                HAL_ADC_ConvHalfCpltCallback
 .text.HAL_ADC_ErrorCallback
                0x0000000008005714       0x14 Drivers/STM32F4xx_HAL_Driver/Src/stm32f4xx_hal_adc.o
                0x0000000008005714                HAL_ADC_ErrorCallback
 .text.HAL_ADC_ConfigChannel
                0x0000000008005728      0x244 Drivers/STM32F4xx_HAL_Driver/Src/stm32f4xx_hal_adc.o
                0x0000000008005728                HAL_ADC_ConfigChannel
 .text.ADC_Init
                0x000000000800596c      0x1f8 Drivers/STM32F4xx_HAL_Driver/Src/stm32f4xx_hal_adc.o
 .text.ADC_DMAConvCplt
                0x0000000008005b64       0xba Drivers/STM32F4xx_HAL_Driver/Src/stm32f4xx_hal_adc.o
 .text.ADC_DMAHalfConvCplt
                0x0000000008005c1e       0x1c Drivers/STM32F4xx_HAL_Driver/Src/stm32f4xx_hal_adc.o
 .text.ADC_DMAError
                0x0000000008005c3a       0x2e Drivers/STM32F4xx_HAL_Driver/Src/stm32f4xx_hal_adc.o
 .text.__NVIC_SetPriorityGrouping
                0x0000000008005c68       0x48 Drivers/STM32F4xx_HAL_Driver/Src/stm32f4xx_hal_cortex.o
 .text.__NVIC_GetPriorityGrouping
                0x0000000008005cb0       0x1c Drivers/STM32F4xx_HAL_Driver/Src/stm32f4xx_hal_cortex.o
 .text.__NVIC_EnableIRQ
                0x0000000008005ccc       0x3c Drivers/STM32F4xx_HAL_Driver/Src/stm32f4xx_hal_cortex.o
 .text.__NVIC_SetPriority
                0x0000000008005d08       0x54 Drivers/STM32F4xx_HAL_Driver/Src/stm32f4xx_hal_cortex.o
 .text.NVIC_EncodePriority
                0x0000000008005d5c       0x66 Drivers/STM32F4xx_HAL_Driver/Src/stm32f4xx_hal_cortex.o
 *fill*         0x0000000008005dc2        0x2 
 .text.SysTick_Config
                0x0000000008005dc4       0x44 Drivers/STM32F4xx_HAL_Driver/Src/stm32f4xx_hal_cortex.o
 .text.HAL_NVIC_SetPriorityGrouping
                0x0000000008005e08       0x16 Drivers/STM32F4xx_HAL_Driver/Src/stm32f4xx_hal_cortex.o
                0x0000000008005e08                HAL_NVIC_SetPriorityGrouping
 .text.HAL_NVIC_SetPriority
                0x0000000008005e1e       0x38 Drivers/STM32F4xx_HAL_Driver/Src/stm32f4xx_hal_cortex.o
                0x0000000008005e1e                HAL_NVIC_SetPriority
 .text.HAL_NVIC_EnableIRQ
                0x0000000008005e56       0x1c Drivers/STM32F4xx_HAL_Driver/Src/stm32f4xx_hal_cortex.o
                0x0000000008005e56                HAL_NVIC_EnableIRQ
 .text.HAL_SYSTICK_Config
                0x0000000008005e72       0x18 Drivers/STM32F4xx_HAL_Driver/Src/stm32f4xx_hal_cortex.o
                0x0000000008005e72                HAL_SYSTICK_Config
 *fill*         0x0000000008005e8a        0x2 
 .text.HAL_DMA_Init
                0x0000000008005e8c      0x15c Drivers/STM32F4xx_HAL_Driver/Src/stm32f4xx_hal_dma.o
                0x0000000008005e8c                HAL_DMA_Init
 .text.HAL_DMA_Start_IT
                0x0000000008005fe8       0xb0 Drivers/STM32F4xx_HAL_Driver/Src/stm32f4xx_hal_dma.o
                0x0000000008005fe8                HAL_DMA_Start_IT
 .text.HAL_DMA_IRQHandler
                0x0000000008006098      0x314 Drivers/STM32F4xx_HAL_Driver/Src/stm32f4xx_hal_dma.o
                0x0000000008006098                HAL_DMA_IRQHandler
 .text.DMA_SetConfig
                0x00000000080063ac       0x5c Drivers/STM32F4xx_HAL_Driver/Src/stm32f4xx_hal_dma.o
 .text.DMA_CalcBaseAndBitshift
                0x0000000008006408       0x6c Drivers/STM32F4xx_HAL_Driver/Src/stm32f4xx_hal_dma.o
 .text.DMA_CheckFifoParam
                0x0000000008006474       0xf4 Drivers/STM32F4xx_HAL_Driver/Src/stm32f4xx_hal_dma.o
 .text.HAL_FLASH_Program
                0x0000000008006568       0xa8 Drivers/STM32F4xx_HAL_Driver/Src/stm32f4xx_hal_flash.o
                0x0000000008006568                HAL_FLASH_Program
 .text.HAL_FLASH_Unlock
                0x0000000008006610       0x44 Drivers/STM32F4xx_HAL_Driver/Src/stm32f4xx_hal_flash.o
                0x0000000008006610                HAL_FLASH_Unlock
 .text.FLASH_WaitForLastOperation
                0x0000000008006654       0x80 Drivers/STM32F4xx_HAL_Driver/Src/stm32f4xx_hal_flash.o
                0x0000000008006654                FLASH_WaitForLastOperation
 .text.FLASH_Program_DoubleWord
                0x00000000080066d4       0x60 Drivers/STM32F4xx_HAL_Driver/Src/stm32f4xx_hal_flash.o
 .text.FLASH_Program_Word
                0x0000000008006734       0x44 Drivers/STM32F4xx_HAL_Driver/Src/stm32f4xx_hal_flash.o
 .text.FLASH_Program_HalfWord
                0x0000000008006778       0x48 Drivers/STM32F4xx_HAL_Driver/Src/stm32f4xx_hal_flash.o
 .text.FLASH_Program_Byte
                0x00000000080067c0       0x44 Drivers/STM32F4xx_HAL_Driver/Src/stm32f4xx_hal_flash.o
 .text.FLASH_SetErrorCode
                0x0000000008006804       0xcc Drivers/STM32F4xx_HAL_Driver/Src/stm32f4xx_hal_flash.o
 .text.HAL_FLASHEx_Erase
                0x00000000080068d0       0xe0 Drivers/STM32F4xx_HAL_Driver/Src/stm32f4xx_hal_flash_ex.o
                0x00000000080068d0                HAL_FLASHEx_Erase
 .text.FLASH_MassErase
                0x00000000080069b0       0x48 Drivers/STM32F4xx_HAL_Driver/Src/stm32f4xx_hal_flash_ex.o
 .text.FLASH_Erase_Sector
                0x00000000080069f8       0x90 Drivers/STM32F4xx_HAL_Driver/Src/stm32f4xx_hal_flash_ex.o
                0x00000000080069f8                FLASH_Erase_Sector
 .text.FLASH_FlushCaches
                0x0000000008006a88       0x8c Drivers/STM32F4xx_HAL_Driver/Src/stm32f4xx_hal_flash_ex.o
                0x0000000008006a88                FLASH_FlushCaches
 .text.HAL_GPIO_Init
                0x0000000008006b14      0x304 Drivers/STM32F4xx_HAL_Driver/Src/stm32f4xx_hal_gpio.o
                0x0000000008006b14                HAL_GPIO_Init
 .text.HAL_GPIO_DeInit
                0x0000000008006e18      0x1c4 Drivers/STM32F4xx_HAL_Driver/Src/stm32f4xx_hal_gpio.o
                0x0000000008006e18                HAL_GPIO_DeInit
 .text.HAL_GPIO_ReadPin
                0x0000000008006fdc       0x30 Drivers/STM32F4xx_HAL_Driver/Src/stm32f4xx_hal_gpio.o
                0x0000000008006fdc                HAL_GPIO_ReadPin
 .text.HAL_GPIO_WritePin
                0x000000000800700c       0x32 Drivers/STM32F4xx_HAL_Driver/Src/stm32f4xx_hal_gpio.o
                0x000000000800700c                HAL_GPIO_WritePin
 *fill*         0x000000000800703e        0x2 
 .text.HAL_I2C_Init
                0x0000000008007040      0x270 Drivers/STM32F4xx_HAL_Driver/Src/stm32f4xx_hal_i2c.o
                0x0000000008007040                HAL_I2C_Init
 .text.HAL_I2C_DeInit
                0x00000000080072b0       0x5e Drivers/STM32F4xx_HAL_Driver/Src/stm32f4xx_hal_i2c.o
                0x00000000080072b0                HAL_I2C_DeInit
 *fill*         0x000000000800730e        0x2 
 .text.HAL_I2C_Master_Transmit
                0x0000000008007310      0x1fc Drivers/STM32F4xx_HAL_Driver/Src/stm32f4xx_hal_i2c.o
                0x0000000008007310                HAL_I2C_Master_Transmit
 .text.HAL_I2C_Mem_Write
                0x000000000800750c      0x1f4 Drivers/STM32F4xx_HAL_Driver/Src/stm32f4xx_hal_i2c.o
                0x000000000800750c                HAL_I2C_Mem_Write
 .text.HAL_I2C_Mem_Read
                0x0000000008007700      0x44c Drivers/STM32F4xx_HAL_Driver/Src/stm32f4xx_hal_i2c.o
                0x0000000008007700                HAL_I2C_Mem_Read
 .text.HAL_I2C_GetState
                0x0000000008007b4c       0x1c Drivers/STM32F4xx_HAL_Driver/Src/stm32f4xx_hal_i2c.o
                0x0000000008007b4c                HAL_I2C_GetState
 .text.HAL_I2C_GetError
                0x0000000008007b68       0x18 Drivers/STM32F4xx_HAL_Driver/Src/stm32f4xx_hal_i2c.o
                0x0000000008007b68                HAL_I2C_GetError
 .text.I2C_MasterRequestWrite
                0x0000000008007b80      0x104 Drivers/STM32F4xx_HAL_Driver/Src/stm32f4xx_hal_i2c.o
 .text.I2C_RequestMemoryWrite
                0x0000000008007c84      0x12c Drivers/STM32F4xx_HAL_Driver/Src/stm32f4xx_hal_i2c.o
 .text.I2C_RequestMemoryRead
                0x0000000008007db0      0x1d0 Drivers/STM32F4xx_HAL_Driver/Src/stm32f4xx_hal_i2c.o
 .text.I2C_WaitOnFlagUntilTimeout
                0x0000000008007f80       0xae Drivers/STM32F4xx_HAL_Driver/Src/stm32f4xx_hal_i2c.o
 .text.I2C_WaitOnMasterAddressFlagUntilTimeout
                0x000000000800802e       0xfe Drivers/STM32F4xx_HAL_Driver/Src/stm32f4xx_hal_i2c.o
 .text.I2C_WaitOnTXEFlagUntilTimeout
                0x000000000800812c       0x82 Drivers/STM32F4xx_HAL_Driver/Src/stm32f4xx_hal_i2c.o
 .text.I2C_WaitOnBTFFlagUntilTimeout
                0x00000000080081ae       0x82 Drivers/STM32F4xx_HAL_Driver/Src/stm32f4xx_hal_i2c.o
 .text.I2C_WaitOnRXNEFlagUntilTimeout
                0x0000000008008230       0xac Drivers/STM32F4xx_HAL_Driver/Src/stm32f4xx_hal_i2c.o
 .text.I2C_IsAcknowledgeFailed
                0x00000000080082dc       0x5e Drivers/STM32F4xx_HAL_Driver/Src/stm32f4xx_hal_i2c.o
 *fill*         0x000000000800833a        0x2 
 .text.HAL_RCC_OscConfig
                0x000000000800833c      0x4e0 Drivers/STM32F4xx_HAL_Driver/Src/stm32f4xx_hal_rcc.o
                0x000000000800833c                HAL_RCC_OscConfig
 .text.HAL_RCC_ClockConfig
                0x000000000800881c      0x1cc Drivers/STM32F4xx_HAL_Driver/Src/stm32f4xx_hal_rcc.o
                0x000000000800881c                HAL_RCC_ClockConfig
 .text.HAL_RCC_GetSysClockFreq
                0x00000000080089e8      0x1b0 Drivers/STM32F4xx_HAL_Driver/Src/stm32f4xx_hal_rcc.o
                0x00000000080089e8                HAL_RCC_GetSysClockFreq
 .text.HAL_RCC_GetHCLKFreq
                0x0000000008008b98       0x18 Drivers/STM32F4xx_HAL_Driver/Src/stm32f4xx_hal_rcc.o
                0x0000000008008b98                HAL_RCC_GetHCLKFreq
 .text.HAL_RCC_GetPCLK1Freq
                0x0000000008008bb0       0x28 Drivers/STM32F4xx_HAL_Driver/Src/stm32f4xx_hal_rcc.o
                0x0000000008008bb0                HAL_RCC_GetPCLK1Freq
 .text.HAL_RCC_GetPCLK2Freq
                0x0000000008008bd8       0x28 Drivers/STM32F4xx_HAL_Driver/Src/stm32f4xx_hal_rcc.o
                0x0000000008008bd8                HAL_RCC_GetPCLK2Freq
 .text.HAL_TIM_Base_Init
                0x0000000008008c00       0x56 Drivers/STM32F4xx_HAL_Driver/Src/stm32f4xx_hal_tim.o
                0x0000000008008c00                HAL_TIM_Base_Init
 .text.HAL_TIM_Base_Start_IT
                0x0000000008008c56       0x48 Drivers/STM32F4xx_HAL_Driver/Src/stm32f4xx_hal_tim.o
                0x0000000008008c56                HAL_TIM_Base_Start_IT
 .text.HAL_TIM_PWM_Init
                0x0000000008008c9e       0x56 Drivers/STM32F4xx_HAL_Driver/Src/stm32f4xx_hal_tim.o
                0x0000000008008c9e                HAL_TIM_PWM_Init
 .text.HAL_TIM_PWM_MspInit
                0x0000000008008cf4       0x14 Drivers/STM32F4xx_HAL_Driver/Src/stm32f4xx_hal_tim.o
                0x0000000008008cf4                HAL_TIM_PWM_MspInit
 .text.HAL_TIM_PWM_Start
                0x0000000008008d08       0x64 Drivers/STM32F4xx_HAL_Driver/Src/stm32f4xx_hal_tim.o
                0x0000000008008d08                HAL_TIM_PWM_Start
 .text.HAL_TIM_PWM_Stop
                0x0000000008008d6c       0x98 Drivers/STM32F4xx_HAL_Driver/Src/stm32f4xx_hal_tim.o
                0x0000000008008d6c                HAL_TIM_PWM_Stop
 .text.HAL_TIM_IRQHandler
                0x0000000008008e04      0x210 Drivers/STM32F4xx_HAL_Driver/Src/stm32f4xx_hal_tim.o
                0x0000000008008e04                HAL_TIM_IRQHandler
 .text.HAL_TIM_PWM_ConfigChannel
                0x0000000008009014      0x18c Drivers/STM32F4xx_HAL_Driver/Src/stm32f4xx_hal_tim.o
                0x0000000008009014                HAL_TIM_PWM_ConfigChannel
 .text.HAL_TIM_ConfigClockSource
                0x00000000080091a0      0x16e Drivers/STM32F4xx_HAL_Driver/Src/stm32f4xx_hal_tim.o
                0x00000000080091a0                HAL_TIM_ConfigClockSource
 .text.HAL_TIM_OC_DelayElapsedCallback
                0x000000000800930e       0x14 Drivers/STM32F4xx_HAL_Driver/Src/stm32f4xx_hal_tim.o
                0x000000000800930e                HAL_TIM_OC_DelayElapsedCallback
 .text.HAL_TIM_IC_CaptureCallback
                0x0000000008009322       0x14 Drivers/STM32F4xx_HAL_Driver/Src/stm32f4xx_hal_tim.o
                0x0000000008009322                HAL_TIM_IC_CaptureCallback
 .text.HAL_TIM_PWM_PulseFinishedCallback
                0x0000000008009336       0x14 Drivers/STM32F4xx_HAL_Driver/Src/stm32f4xx_hal_tim.o
                0x0000000008009336                HAL_TIM_PWM_PulseFinishedCallback
 .text.HAL_TIM_TriggerCallback
                0x000000000800934a       0x14 Drivers/STM32F4xx_HAL_Driver/Src/stm32f4xx_hal_tim.o
                0x000000000800934a                HAL_TIM_TriggerCallback
 *fill*         0x000000000800935e        0x2 
 .text.TIM_Base_SetConfig
                0x0000000008009360      0x100 Drivers/STM32F4xx_HAL_Driver/Src/stm32f4xx_hal_tim.o
                0x0000000008009360                TIM_Base_SetConfig
 .text.TIM_OC1_SetConfig
                0x0000000008009460       0xcc Drivers/STM32F4xx_HAL_Driver/Src/stm32f4xx_hal_tim.o
 .text.TIM_OC2_SetConfig
                0x000000000800952c       0xd8 Drivers/STM32F4xx_HAL_Driver/Src/stm32f4xx_hal_tim.o
                0x000000000800952c                TIM_OC2_SetConfig
 .text.TIM_OC3_SetConfig
                0x0000000008009604       0xd4 Drivers/STM32F4xx_HAL_Driver/Src/stm32f4xx_hal_tim.o
 .text.TIM_OC4_SetConfig
                0x00000000080096d8       0xa0 Drivers/STM32F4xx_HAL_Driver/Src/stm32f4xx_hal_tim.o
 .text.TIM_TI1_ConfigInputStage
                0x0000000008009778       0x5e Drivers/STM32F4xx_HAL_Driver/Src/stm32f4xx_hal_tim.o
 .text.TIM_TI2_ConfigInputStage
                0x00000000080097d6       0x60 Drivers/STM32F4xx_HAL_Driver/Src/stm32f4xx_hal_tim.o
 .text.TIM_ITRx_SetConfig
                0x0000000008009836       0x36 Drivers/STM32F4xx_HAL_Driver/Src/stm32f4xx_hal_tim.o
 .text.TIM_ETR_SetConfig
                0x000000000800986c       0x40 Drivers/STM32F4xx_HAL_Driver/Src/stm32f4xx_hal_tim.o
                0x000000000800986c                TIM_ETR_SetConfig
 .text.TIM_CCxChannelCmd
                0x00000000080098ac       0x4a Drivers/STM32F4xx_HAL_Driver/Src/stm32f4xx_hal_tim.o
                0x00000000080098ac                TIM_CCxChannelCmd
 *fill*         0x00000000080098f6        0x2 
 .text.HAL_TIMEx_MasterConfigSynchronization
                0x00000000080098f8       0xdc Drivers/STM32F4xx_HAL_Driver/Src/stm32f4xx_hal_tim_ex.o
                0x00000000080098f8                HAL_TIMEx_MasterConfigSynchronization
 .text.HAL_TIMEx_CommutCallback
                0x00000000080099d4       0x14 Drivers/STM32F4xx_HAL_Driver/Src/stm32f4xx_hal_tim_ex.o
                0x00000000080099d4                HAL_TIMEx_CommutCallback
 .text.HAL_TIMEx_BreakCallback
                0x00000000080099e8       0x14 Drivers/STM32F4xx_HAL_Driver/Src/stm32f4xx_hal_tim_ex.o
                0x00000000080099e8                HAL_TIMEx_BreakCallback
 .text.HAL_UART_Init
                0x00000000080099fc       0x9a Drivers/STM32F4xx_HAL_Driver/Src/stm32f4xx_hal_uart.o
                0x00000000080099fc                HAL_UART_Init
 .text.HAL_UART_Transmit
                0x0000000008009a96      0x132 Drivers/STM32F4xx_HAL_Driver/Src/stm32f4xx_hal_uart.o
                0x0000000008009a96                HAL_UART_Transmit
 .text.HAL_UART_Receive
                0x0000000008009bc8      0x14c Drivers/STM32F4xx_HAL_Driver/Src/stm32f4xx_hal_uart.o
                0x0000000008009bc8                HAL_UART_Receive
 .text.UART_WaitOnFlagUntilTimeout
                0x0000000008009d14       0x94 Drivers/STM32F4xx_HAL_Driver/Src/stm32f4xx_hal_uart.o
 .text.UART_SetConfig
                0x0000000008009da8      0x6f8 Drivers/STM32F4xx_HAL_Driver/Src/stm32f4xx_hal_uart.o
 .text.gcvt     0x000000000800a4a0       0x58 c:/st/stm32cubeide_1.4.0/stm32cubeide/plugins/com.st.stm32cube.ide.mcu.externaltools.gnu-tools-for-stm32.7-2018-q2-update.win32_1.5.0.202011040924/tools/bin/../lib/gcc/arm-none-eabi/7.3.1/../../../../arm-none-eabi/lib/thumb/v7e-m/fpv4-sp/hard\libc_nano.a(lib_a-efgcvt.o)
                0x000000000800a4a0                gcvt
 .text.__errno  0x000000000800a4f8        0xc c:/st/stm32cubeide_1.4.0/stm32cubeide/plugins/com.st.stm32cube.ide.mcu.externaltools.gnu-tools-for-stm32.7-2018-q2-update.win32_1.5.0.202011040924/tools/bin/../lib/gcc/arm-none-eabi/7.3.1/../../../../arm-none-eabi/lib/thumb/v7e-m/fpv4-sp/hard\libc_nano.a(lib_a-errno.o)
                0x000000000800a4f8                __errno
 .text.__libc_init_array
                0x000000000800a504       0x48 c:/st/stm32cubeide_1.4.0/stm32cubeide/plugins/com.st.stm32cube.ide.mcu.externaltools.gnu-tools-for-stm32.7-2018-q2-update.win32_1.5.0.202011040924/tools/bin/../lib/gcc/arm-none-eabi/7.3.1/../../../../arm-none-eabi/lib/thumb/v7e-m/fpv4-sp/hard\libc_nano.a(lib_a-init.o)
                0x000000000800a504                __libc_init_array
 .text.memset   0x000000000800a54c       0x10 c:/st/stm32cubeide_1.4.0/stm32cubeide/plugins/com.st.stm32cube.ide.mcu.externaltools.gnu-tools-for-stm32.7-2018-q2-update.win32_1.5.0.202011040924/tools/bin/../lib/gcc/arm-none-eabi/7.3.1/../../../../arm-none-eabi/lib/thumb/v7e-m/fpv4-sp/hard\libc_nano.a(lib_a-memset.o)
                0x000000000800a54c                memset
 .text.__cvt    0x000000000800a55c       0xc2 c:/st/stm32cubeide_1.4.0/stm32cubeide/plugins/com.st.stm32cube.ide.mcu.externaltools.gnu-tools-for-stm32.7-2018-q2-update.win32_1.5.0.202011040924/tools/bin/../lib/gcc/arm-none-eabi/7.3.1/../../../../arm-none-eabi/lib/thumb/v7e-m/fpv4-sp/hard\libc_nano.a(lib_a-nano-vfprintf_float.o)
                0x000000000800a55c                __cvt
 .text.__exponent
                0x000000000800a61e       0x66 c:/st/stm32cubeide_1.4.0/stm32cubeide/plugins/com.st.stm32cube.ide.mcu.externaltools.gnu-tools-for-stm32.7-2018-q2-update.win32_1.5.0.202011040924/tools/bin/../lib/gcc/arm-none-eabi/7.3.1/../../../../arm-none-eabi/lib/thumb/v7e-m/fpv4-sp/hard\libc_nano.a(lib_a-nano-vfprintf_float.o)
                0x000000000800a61e                __exponent
 .text._printf_float
                0x000000000800a684      0x480 c:/st/stm32cubeide_1.4.0/stm32cubeide/plugins/com.st.stm32cube.ide.mcu.externaltools.gnu-tools-for-stm32.7-2018-q2-update.win32_1.5.0.202011040924/tools/bin/../lib/gcc/arm-none-eabi/7.3.1/../../../../arm-none-eabi/lib/thumb/v7e-m/fpv4-sp/hard\libc_nano.a(lib_a-nano-vfprintf_float.o)
                0x000000000800a684                _printf_float
 .text._printf_common
                0x000000000800ab04       0xea c:/st/stm32cubeide_1.4.0/stm32cubeide/plugins/com.st.stm32cube.ide.mcu.externaltools.gnu-tools-for-stm32.7-2018-q2-update.win32_1.5.0.202011040924/tools/bin/../lib/gcc/arm-none-eabi/7.3.1/../../../../arm-none-eabi/lib/thumb/v7e-m/fpv4-sp/hard\libc_nano.a(lib_a-nano-vfprintf_i.o)
                0x000000000800ab04                _printf_common
 *fill*         0x000000000800abee        0x2 
 .text._printf_i
                0x000000000800abf0      0x224 c:/st/stm32cubeide_1.4.0/stm32cubeide/plugins/com.st.stm32cube.ide.mcu.externaltools.gnu-tools-for-stm32.7-2018-q2-update.win32_1.5.0.202011040924/tools/bin/../lib/gcc/arm-none-eabi/7.3.1/../../../../arm-none-eabi/lib/thumb/v7e-m/fpv4-sp/hard\libc_nano.a(lib_a-nano-vfprintf_i.o)
                0x000000000800abf0                _printf_i
 .text.sprintf  0x000000000800ae14       0x40 c:/st/stm32cubeide_1.4.0/stm32cubeide/plugins/com.st.stm32cube.ide.mcu.externaltools.gnu-tools-for-stm32.7-2018-q2-update.win32_1.5.0.202011040924/tools/bin/../lib/gcc/arm-none-eabi/7.3.1/../../../../arm-none-eabi/lib/thumb/v7e-m/fpv4-sp/hard\libc_nano.a(lib_a-sprintf.o)
                0x000000000800ae14                siprintf
                0x000000000800ae14                sprintf
 .text.strncat  0x000000000800ae54       0x28 c:/st/stm32cubeide_1.4.0/stm32cubeide/plugins/com.st.stm32cube.ide.mcu.externaltools.gnu-tools-for-stm32.7-2018-q2-update.win32_1.5.0.202011040924/tools/bin/../lib/gcc/arm-none-eabi/7.3.1/../../../../arm-none-eabi/lib/thumb/v7e-m/fpv4-sp/hard\libc_nano.a(lib_a-strncat.o)
                0x000000000800ae54                strncat
 .text.unlikely.sulp
                0x000000000800ae7c       0x38 c:/st/stm32cubeide_1.4.0/stm32cubeide/plugins/com.st.stm32cube.ide.mcu.externaltools.gnu-tools-for-stm32.7-2018-q2-update.win32_1.5.0.202011040924/tools/bin/../lib/gcc/arm-none-eabi/7.3.1/../../../../arm-none-eabi/lib/thumb/v7e-m/fpv4-sp/hard\libc_nano.a(lib_a-strtod.o)
 *fill*         0x000000000800aeb4        0x4 
 .text._strtod_l
                0x000000000800aeb8      0xbe8 c:/st/stm32cubeide_1.4.0/stm32cubeide/plugins/com.st.stm32cube.ide.mcu.externaltools.gnu-tools-for-stm32.7-2018-q2-update.win32_1.5.0.202011040924/tools/bin/../lib/gcc/arm-none-eabi/7.3.1/../../../../arm-none-eabi/lib/thumb/v7e-m/fpv4-sp/hard\libc_nano.a(lib_a-strtod.o)
                0x000000000800aeb8                _strtod_l
 .text.strtof   0x000000000800baa0       0xa8 c:/st/stm32cubeide_1.4.0/stm32cubeide/plugins/com.st.stm32cube.ide.mcu.externaltools.gnu-tools-for-stm32.7-2018-q2-update.win32_1.5.0.202011040924/tools/bin/../lib/gcc/arm-none-eabi/7.3.1/../../../../arm-none-eabi/lib/thumb/v7e-m/fpv4-sp/hard\libc_nano.a(lib_a-strtod.o)
                0x000000000800baa0                strtof
 .text.quorem   0x000000000800bb48      0x118 c:/st/stm32cubeide_1.4.0/stm32cubeide/plugins/com.st.stm32cube.ide.mcu.externaltools.gnu-tools-for-stm32.7-2018-q2-update.win32_1.5.0.202011040924/tools/bin/../lib/gcc/arm-none-eabi/7.3.1/../../../../arm-none-eabi/lib/thumb/v7e-m/fpv4-sp/hard\libc_nano.a(lib_a-dtoa.o)
 .text._dtoa_r  0x000000000800bc60      0xb70 c:/st/stm32cubeide_1.4.0/stm32cubeide/plugins/com.st.stm32cube.ide.mcu.externaltools.gnu-tools-for-stm32.7-2018-q2-update.win32_1.5.0.202011040924/tools/bin/../lib/gcc/arm-none-eabi/7.3.1/../../../../arm-none-eabi/lib/thumb/v7e-m/fpv4-sp/hard\libc_nano.a(lib_a-dtoa.o)
                0x000000000800bc60                _dtoa_r
 .text.print_e  0x000000000800c7d0       0xe8 c:/st/stm32cubeide_1.4.0/stm32cubeide/plugins/com.st.stm32cube.ide.mcu.externaltools.gnu-tools-for-stm32.7-2018-q2-update.win32_1.5.0.202011040924/tools/bin/../lib/gcc/arm-none-eabi/7.3.1/../../../../arm-none-eabi/lib/thumb/v7e-m/fpv4-sp/hard\libc_nano.a(lib_a-ecvtbuf.o)
 .text._gcvt    0x000000000800c8b8      0x194 c:/st/stm32cubeide_1.4.0/stm32cubeide/plugins/com.st.stm32cube.ide.mcu.externaltools.gnu-tools-for-stm32.7-2018-q2-update.win32_1.5.0.202011040924/tools/bin/../lib/gcc/arm-none-eabi/7.3.1/../../../../arm-none-eabi/lib/thumb/v7e-m/fpv4-sp/hard\libc_nano.a(lib_a-ecvtbuf.o)
                0x000000000800c8b8                _gcvt
 .text.rshift   0x000000000800ca4c       0x74 c:/st/stm32cubeide_1.4.0/stm32cubeide/plugins/com.st.stm32cube.ide.mcu.externaltools.gnu-tools-for-stm32.7-2018-q2-update.win32_1.5.0.202011040924/tools/bin/../lib/gcc/arm-none-eabi/7.3.1/../../../../arm-none-eabi/lib/thumb/v7e-m/fpv4-sp/hard\libc_nano.a(lib_a-gdtoa-gethex.o)
 .text.__hexdig_fun
                0x000000000800cac0       0x2a c:/st/stm32cubeide_1.4.0/stm32cubeide/plugins/com.st.stm32cube.ide.mcu.externaltools.gnu-tools-for-stm32.7-2018-q2-update.win32_1.5.0.202011040924/tools/bin/../lib/gcc/arm-none-eabi/7.3.1/../../../../arm-none-eabi/lib/thumb/v7e-m/fpv4-sp/hard\libc_nano.a(lib_a-gdtoa-gethex.o)
                0x000000000800cac0                __hexdig_fun
 .text.__gethex
                0x000000000800caea      0x442 c:/st/stm32cubeide_1.4.0/stm32cubeide/plugins/com.st.stm32cube.ide.mcu.externaltools.gnu-tools-for-stm32.7-2018-q2-update.win32_1.5.0.202011040924/tools/bin/../lib/gcc/arm-none-eabi/7.3.1/../../../../arm-none-eabi/lib/thumb/v7e-m/fpv4-sp/hard\libc_nano.a(lib_a-gdtoa-gethex.o)
                0x000000000800caea                __gethex
 .text.L_shift  0x000000000800cf2c       0x24 c:/st/stm32cubeide_1.4.0/stm32cubeide/plugins/com.st.stm32cube.ide.mcu.externaltools.gnu-tools-for-stm32.7-2018-q2-update.win32_1.5.0.202011040924/tools/bin/../lib/gcc/arm-none-eabi/7.3.1/../../../../arm-none-eabi/lib/thumb/v7e-m/fpv4-sp/hard\libc_nano.a(lib_a-gdtoa-hexnan.o)
 .text.__match  0x000000000800cf50       0x28 c:/st/stm32cubeide_1.4.0/stm32cubeide/plugins/com.st.stm32cube.ide.mcu.externaltools.gnu-tools-for-stm32.7-2018-q2-update.win32_1.5.0.202011040924/tools/bin/../lib/gcc/arm-none-eabi/7.3.1/../../../../arm-none-eabi/lib/thumb/v7e-m/fpv4-sp/hard\libc_nano.a(lib_a-gdtoa-hexnan.o)
                0x000000000800cf50                __match
 .text.__hexnan
                0x000000000800cf78      0x120 c:/st/stm32cubeide_1.4.0/stm32cubeide/plugins/com.st.stm32cube.ide.mcu.externaltools.gnu-tools-for-stm32.7-2018-q2-update.win32_1.5.0.202011040924/tools/bin/../lib/gcc/arm-none-eabi/7.3.1/../../../../arm-none-eabi/lib/thumb/v7e-m/fpv4-sp/hard\libc_nano.a(lib_a-gdtoa-hexnan.o)
                0x000000000800cf78                __hexnan
 .text.__localeconv_l
                0x000000000800d098        0x4 c:/st/stm32cubeide_1.4.0/stm32cubeide/plugins/com.st.stm32cube.ide.mcu.externaltools.gnu-tools-for-stm32.7-2018-q2-update.win32_1.5.0.202011040924/tools/bin/../lib/gcc/arm-none-eabi/7.3.1/../../../../arm-none-eabi/lib/thumb/v7e-m/fpv4-sp/hard\libc_nano.a(lib_a-localeconv.o)
                0x000000000800d098                __localeconv_l
 .text._localeconv_r
                0x000000000800d09c       0x1c c:/st/stm32cubeide_1.4.0/stm32cubeide/plugins/com.st.stm32cube.ide.mcu.externaltools.gnu-tools-for-stm32.7-2018-q2-update.win32_1.5.0.202011040924/tools/bin/../lib/gcc/arm-none-eabi/7.3.1/../../../../arm-none-eabi/lib/thumb/v7e-m/fpv4-sp/hard\libc_nano.a(lib_a-localeconv.o)
                0x000000000800d09c                _localeconv_r
 .text.malloc   0x000000000800d0b8       0x10 c:/st/stm32cubeide_1.4.0/stm32cubeide/plugins/com.st.stm32cube.ide.mcu.externaltools.gnu-tools-for-stm32.7-2018-q2-update.win32_1.5.0.202011040924/tools/bin/../lib/gcc/arm-none-eabi/7.3.1/../../../../arm-none-eabi/lib/thumb/v7e-m/fpv4-sp/hard\libc_nano.a(lib_a-malloc.o)
                0x000000000800d0b8                malloc
 .text.__ascii_mbtowc
                0x000000000800d0c8       0x24 c:/st/stm32cubeide_1.4.0/stm32cubeide/plugins/com.st.stm32cube.ide.mcu.externaltools.gnu-tools-for-stm32.7-2018-q2-update.win32_1.5.0.202011040924/tools/bin/../lib/gcc/arm-none-eabi/7.3.1/../../../../arm-none-eabi/lib/thumb/v7e-m/fpv4-sp/hard\libc_nano.a(lib_a-mbtowc_r.o)
                0x000000000800d0c8                __ascii_mbtowc
 .text.memcpy   0x000000000800d0ec       0x16 c:/st/stm32cubeide_1.4.0/stm32cubeide/plugins/com.st.stm32cube.ide.mcu.externaltools.gnu-tools-for-stm32.7-2018-q2-update.win32_1.5.0.202011040924/tools/bin/../lib/gcc/arm-none-eabi/7.3.1/../../../../arm-none-eabi/lib/thumb/v7e-m/fpv4-sp/hard\libc_nano.a(lib_a-memcpy-stub.o)
                0x000000000800d0ec                memcpy
 .text._Balloc  0x000000000800d102       0x68 c:/st/stm32cubeide_1.4.0/stm32cubeide/plugins/com.st.stm32cube.ide.mcu.externaltools.gnu-tools-for-stm32.7-2018-q2-update.win32_1.5.0.202011040924/tools/bin/../lib/gcc/arm-none-eabi/7.3.1/../../../../arm-none-eabi/lib/thumb/v7e-m/fpv4-sp/hard\libc_nano.a(lib_a-mprec.o)
                0x000000000800d102                _Balloc
 .text._Bfree   0x000000000800d16a       0x2e c:/st/stm32cubeide_1.4.0/stm32cubeide/plugins/com.st.stm32cube.ide.mcu.externaltools.gnu-tools-for-stm32.7-2018-q2-update.win32_1.5.0.202011040924/tools/bin/../lib/gcc/arm-none-eabi/7.3.1/../../../../arm-none-eabi/lib/thumb/v7e-m/fpv4-sp/hard\libc_nano.a(lib_a-mprec.o)
                0x000000000800d16a                _Bfree
 .text.__multadd
                0x000000000800d198       0x76 c:/st/stm32cubeide_1.4.0/stm32cubeide/plugins/com.st.stm32cube.ide.mcu.externaltools.gnu-tools-for-stm32.7-2018-q2-update.win32_1.5.0.202011040924/tools/bin/../lib/gcc/arm-none-eabi/7.3.1/../../../../arm-none-eabi/lib/thumb/v7e-m/fpv4-sp/hard\libc_nano.a(lib_a-mprec.o)
                0x000000000800d198                __multadd
 .text.__s2b    0x000000000800d20e       0x7c c:/st/stm32cubeide_1.4.0/stm32cubeide/plugins/com.st.stm32cube.ide.mcu.externaltools.gnu-tools-for-stm32.7-2018-q2-update.win32_1.5.0.202011040924/tools/bin/../lib/gcc/arm-none-eabi/7.3.1/../../../../arm-none-eabi/lib/thumb/v7e-m/fpv4-sp/hard\libc_nano.a(lib_a-mprec.o)
                0x000000000800d20e                __s2b
 .text.__hi0bits
                0x000000000800d28a       0x3e c:/st/stm32cubeide_1.4.0/stm32cubeide/plugins/com.st.stm32cube.ide.mcu.externaltools.gnu-tools-for-stm32.7-2018-q2-update.win32_1.5.0.202011040924/tools/bin/../lib/gcc/arm-none-eabi/7.3.1/../../../../arm-none-eabi/lib/thumb/v7e-m/fpv4-sp/hard\libc_nano.a(lib_a-mprec.o)
                0x000000000800d28a                __hi0bits
 .text.__lo0bits
                0x000000000800d2c8       0x5e c:/st/stm32cubeide_1.4.0/stm32cubeide/plugins/com.st.stm32cube.ide.mcu.externaltools.gnu-tools-for-stm32.7-2018-q2-update.win32_1.5.0.202011040924/tools/bin/../lib/gcc/arm-none-eabi/7.3.1/../../../../arm-none-eabi/lib/thumb/v7e-m/fpv4-sp/hard\libc_nano.a(lib_a-mprec.o)
                0x000000000800d2c8                __lo0bits
 .text.__i2b    0x000000000800d326       0x12 c:/st/stm32cubeide_1.4.0/stm32cubeide/plugins/com.st.stm32cube.ide.mcu.externaltools.gnu-tools-for-stm32.7-2018-q2-update.win32_1.5.0.202011040924/tools/bin/../lib/gcc/arm-none-eabi/7.3.1/../../../../arm-none-eabi/lib/thumb/v7e-m/fpv4-sp/hard\libc_nano.a(lib_a-mprec.o)
                0x000000000800d326                __i2b
 .text.__multiply
                0x000000000800d338      0x12c c:/st/stm32cubeide_1.4.0/stm32cubeide/plugins/com.st.stm32cube.ide.mcu.externaltools.gnu-tools-for-stm32.7-2018-q2-update.win32_1.5.0.202011040924/tools/bin/../lib/gcc/arm-none-eabi/7.3.1/../../../../arm-none-eabi/lib/thumb/v7e-m/fpv4-sp/hard\libc_nano.a(lib_a-mprec.o)
                0x000000000800d338                __multiply
 .text.__pow5mult
                0x000000000800d464       0x9c c:/st/stm32cubeide_1.4.0/stm32cubeide/plugins/com.st.stm32cube.ide.mcu.externaltools.gnu-tools-for-stm32.7-2018-q2-update.win32_1.5.0.202011040924/tools/bin/../lib/gcc/arm-none-eabi/7.3.1/../../../../arm-none-eabi/lib/thumb/v7e-m/fpv4-sp/hard\libc_nano.a(lib_a-mprec.o)
                0x000000000800d464                __pow5mult
 .text.__lshift
                0x000000000800d500       0xa8 c:/st/stm32cubeide_1.4.0/stm32cubeide/plugins/com.st.stm32cube.ide.mcu.externaltools.gnu-tools-for-stm32.7-2018-q2-update.win32_1.5.0.202011040924/tools/bin/../lib/gcc/arm-none-eabi/7.3.1/../../../../arm-none-eabi/lib/thumb/v7e-m/fpv4-sp/hard\libc_nano.a(lib_a-mprec.o)
                0x000000000800d500                __lshift
 .text.__mcmp   0x000000000800d5a8       0x34 c:/st/stm32cubeide_1.4.0/stm32cubeide/plugins/com.st.stm32cube.ide.mcu.externaltools.gnu-tools-for-stm32.7-2018-q2-update.win32_1.5.0.202011040924/tools/bin/../lib/gcc/arm-none-eabi/7.3.1/../../../../arm-none-eabi/lib/thumb/v7e-m/fpv4-sp/hard\libc_nano.a(lib_a-mprec.o)
                0x000000000800d5a8                __mcmp
 .text.__mdiff  0x000000000800d5dc       0xba c:/st/stm32cubeide_1.4.0/stm32cubeide/plugins/com.st.stm32cube.ide.mcu.externaltools.gnu-tools-for-stm32.7-2018-q2-update.win32_1.5.0.202011040924/tools/bin/../lib/gcc/arm-none-eabi/7.3.1/../../../../arm-none-eabi/lib/thumb/v7e-m/fpv4-sp/hard\libc_nano.a(lib_a-mprec.o)
                0x000000000800d5dc                __mdiff
 *fill*         0x000000000800d696        0x2 
 .text.__ulp    0x000000000800d698       0x50 c:/st/stm32cubeide_1.4.0/stm32cubeide/plugins/com.st.stm32cube.ide.mcu.externaltools.gnu-tools-for-stm32.7-2018-q2-update.win32_1.5.0.202011040924/tools/bin/../lib/gcc/arm-none-eabi/7.3.1/../../../../arm-none-eabi/lib/thumb/v7e-m/fpv4-sp/hard\libc_nano.a(lib_a-mprec.o)
                0x000000000800d698                __ulp
 .text.__b2d    0x000000000800d6e8       0x9c c:/st/stm32cubeide_1.4.0/stm32cubeide/plugins/com.st.stm32cube.ide.mcu.externaltools.gnu-tools-for-stm32.7-2018-q2-update.win32_1.5.0.202011040924/tools/bin/../lib/gcc/arm-none-eabi/7.3.1/../../../../arm-none-eabi/lib/thumb/v7e-m/fpv4-sp/hard\libc_nano.a(lib_a-mprec.o)
                0x000000000800d6e8                __b2d
 .text.__d2b    0x000000000800d784       0x9e c:/st/stm32cubeide_1.4.0/stm32cubeide/plugins/com.st.stm32cube.ide.mcu.externaltools.gnu-tools-for-stm32.7-2018-q2-update.win32_1.5.0.202011040924/tools/bin/../lib/gcc/arm-none-eabi/7.3.1/../../../../arm-none-eabi/lib/thumb/v7e-m/fpv4-sp/hard\libc_nano.a(lib_a-mprec.o)
                0x000000000800d784                __d2b
 .text.__ratio  0x000000000800d822       0x66 c:/st/stm32cubeide_1.4.0/stm32cubeide/plugins/com.st.stm32cube.ide.mcu.externaltools.gnu-tools-for-stm32.7-2018-q2-update.win32_1.5.0.202011040924/tools/bin/../lib/gcc/arm-none-eabi/7.3.1/../../../../arm-none-eabi/lib/thumb/v7e-m/fpv4-sp/hard\libc_nano.a(lib_a-mprec.o)
                0x000000000800d822                __ratio
 .text._mprec_log10
                0x000000000800d888       0x3c c:/st/stm32cubeide_1.4.0/stm32cubeide/plugins/com.st.stm32cube.ide.mcu.externaltools.gnu-tools-for-stm32.7-2018-q2-update.win32_1.5.0.202011040924/tools/bin/../lib/gcc/arm-none-eabi/7.3.1/../../../../arm-none-eabi/lib/thumb/v7e-m/fpv4-sp/hard\libc_nano.a(lib_a-mprec.o)
                0x000000000800d888                _mprec_log10
 .text.__copybits
                0x000000000800d8c4       0x34 c:/st/stm32cubeide_1.4.0/stm32cubeide/plugins/com.st.stm32cube.ide.mcu.externaltools.gnu-tools-for-stm32.7-2018-q2-update.win32_1.5.0.202011040924/tools/bin/../lib/gcc/arm-none-eabi/7.3.1/../../../../arm-none-eabi/lib/thumb/v7e-m/fpv4-sp/hard\libc_nano.a(lib_a-mprec.o)
                0x000000000800d8c4                __copybits
 .text.__any_on
                0x000000000800d8f8       0x42 c:/st/stm32cubeide_1.4.0/stm32cubeide/plugins/com.st.stm32cube.ide.mcu.externaltools.gnu-tools-for-stm32.7-2018-q2-update.win32_1.5.0.202011040924/tools/bin/../lib/gcc/arm-none-eabi/7.3.1/../../../../arm-none-eabi/lib/thumb/v7e-m/fpv4-sp/hard\libc_nano.a(lib_a-mprec.o)
                0x000000000800d8f8                __any_on
 .text._calloc_r
                0x000000000800d93a       0x1c c:/st/stm32cubeide_1.4.0/stm32cubeide/plugins/com.st.stm32cube.ide.mcu.externaltools.gnu-tools-for-stm32.7-2018-q2-update.win32_1.5.0.202011040924/tools/bin/../lib/gcc/arm-none-eabi/7.3.1/../../../../arm-none-eabi/lib/thumb/v7e-m/fpv4-sp/hard\libc_nano.a(lib_a-nano-callocr.o)
                0x000000000800d93a                _calloc_r
 *fill*         0x000000000800d956        0x2 
 .text._free_r  0x000000000800d958       0x9c c:/st/stm32cubeide_1.4.0/stm32cubeide/plugins/com.st.stm32cube.ide.mcu.externaltools.gnu-tools-for-stm32.7-2018-q2-update.win32_1.5.0.202011040924/tools/bin/../lib/gcc/arm-none-eabi/7.3.1/../../../../arm-none-eabi/lib/thumb/v7e-m/fpv4-sp/hard\libc_nano.a(lib_a-nano-freer.o)
                0x000000000800d958                _free_r
 .text._malloc_r
                0x000000000800d9f4       0xb4 c:/st/stm32cubeide_1.4.0/stm32cubeide/plugins/com.st.stm32cube.ide.mcu.externaltools.gnu-tools-for-stm32.7-2018-q2-update.win32_1.5.0.202011040924/tools/bin/../lib/gcc/arm-none-eabi/7.3.1/../../../../arm-none-eabi/lib/thumb/v7e-m/fpv4-sp/hard\libc_nano.a(lib_a-nano-mallocr.o)
                0x000000000800d9f4                _malloc_r
 .text._realloc_r
                0x000000000800daa8       0x4c c:/st/stm32cubeide_1.4.0/stm32cubeide/plugins/com.st.stm32cube.ide.mcu.externaltools.gnu-tools-for-stm32.7-2018-q2-update.win32_1.5.0.202011040924/tools/bin/../lib/gcc/arm-none-eabi/7.3.1/../../../../arm-none-eabi/lib/thumb/v7e-m/fpv4-sp/hard\libc_nano.a(lib_a-nano-reallocr.o)
                0x000000000800daa8                _realloc_r
 .text.__ssputs_r
                0x000000000800daf4       0xb4 c:/st/stm32cubeide_1.4.0/stm32cubeide/plugins/com.st.stm32cube.ide.mcu.externaltools.gnu-tools-for-stm32.7-2018-q2-update.win32_1.5.0.202011040924/tools/bin/../lib/gcc/arm-none-eabi/7.3.1/../../../../arm-none-eabi/lib/thumb/v7e-m/fpv4-sp/hard\libc_nano.a(lib_a-nano-svfprintf.o)
                0x000000000800daf4                __ssputs_r
 .text._svfprintf_r
                0x000000000800dba8      0x1f0 c:/st/stm32cubeide_1.4.0/stm32cubeide/plugins/com.st.stm32cube.ide.mcu.externaltools.gnu-tools-for-stm32.7-2018-q2-update.win32_1.5.0.202011040924/tools/bin/../lib/gcc/arm-none-eabi/7.3.1/../../../../arm-none-eabi/lib/thumb/v7e-m/fpv4-sp/hard\libc_nano.a(lib_a-nano-svfprintf.o)
                0x000000000800dba8                _svfiprintf_r
                0x000000000800dba8                _svfprintf_r
 .text._sbrk_r  0x000000000800dd98       0x20 c:/st/stm32cubeide_1.4.0/stm32cubeide/plugins/com.st.stm32cube.ide.mcu.externaltools.gnu-tools-for-stm32.7-2018-q2-update.win32_1.5.0.202011040924/tools/bin/../lib/gcc/arm-none-eabi/7.3.1/../../../../arm-none-eabi/lib/thumb/v7e-m/fpv4-sp/hard\libc_nano.a(lib_a-sbrkr.o)
                0x000000000800dd98                _sbrk_r
 .text.nanf     0x000000000800ddb8        0xc c:/st/stm32cubeide_1.4.0/stm32cubeide/plugins/com.st.stm32cube.ide.mcu.externaltools.gnu-tools-for-stm32.7-2018-q2-update.win32_1.5.0.202011040924/tools/bin/../lib/gcc/arm-none-eabi/7.3.1/../../../../arm-none-eabi/lib/thumb/v7e-m/fpv4-sp/hard\libc_nano.a(lib_a-sf_nan.o)
                0x000000000800ddb8                nanf
 .text.strcpy   0x000000000800ddc4       0x10 c:/st/stm32cubeide_1.4.0/stm32cubeide/plugins/com.st.stm32cube.ide.mcu.externaltools.gnu-tools-for-stm32.7-2018-q2-update.win32_1.5.0.202011040924/tools/bin/../lib/gcc/arm-none-eabi/7.3.1/../../../../arm-none-eabi/lib/thumb/v7e-m/fpv4-sp/hard\libc_nano.a(lib_a-strcpy.o)
                0x000000000800ddc4                strcpy
 .text.strncmp  0x000000000800ddd4       0x24 c:/st/stm32cubeide_1.4.0/stm32cubeide/plugins/com.st.stm32cube.ide.mcu.externaltools.gnu-tools-for-stm32.7-2018-q2-update.win32_1.5.0.202011040924/tools/bin/../lib/gcc/arm-none-eabi/7.3.1/../../../../arm-none-eabi/lib/thumb/v7e-m/fpv4-sp/hard\libc_nano.a(lib_a-strncmp.o)
                0x000000000800ddd4                strncmp
 .text.__ascii_wctomb
                0x000000000800ddf8       0x1a c:/st/stm32cubeide_1.4.0/stm32cubeide/plugins/com.st.stm32cube.ide.mcu.externaltools.gnu-tools-for-stm32.7-2018-q2-update.win32_1.5.0.202011040924/tools/bin/../lib/gcc/arm-none-eabi/7.3.1/../../../../arm-none-eabi/lib/thumb/v7e-m/fpv4-sp/hard\libc_nano.a(lib_a-wctomb_r.o)
                0x000000000800ddf8                __ascii_wctomb
 .text.memmove  0x000000000800de12       0x32 c:/st/stm32cubeide_1.4.0/stm32cubeide/plugins/com.st.stm32cube.ide.mcu.externaltools.gnu-tools-for-stm32.7-2018-q2-update.win32_1.5.0.202011040924/tools/bin/../lib/gcc/arm-none-eabi/7.3.1/../../../../arm-none-eabi/lib/thumb/v7e-m/fpv4-sp/hard\libc_nano.a(lib_a-memmove.o)
                0x000000000800de12                memmove
 .text.__malloc_lock
                0x000000000800de44        0x2 c:/st/stm32cubeide_1.4.0/stm32cubeide/plugins/com.st.stm32cube.ide.mcu.externaltools.gnu-tools-for-stm32.7-2018-q2-update.win32_1.5.0.202011040924/tools/bin/../lib/gcc/arm-none-eabi/7.3.1/../../../../arm-none-eabi/lib/thumb/v7e-m/fpv4-sp/hard\libc_nano.a(lib_a-mlock.o)
                0x000000000800de44                __malloc_lock
 .text.__malloc_unlock
                0x000000000800de46        0x2 c:/st/stm32cubeide_1.4.0/stm32cubeide/plugins/com.st.stm32cube.ide.mcu.externaltools.gnu-tools-for-stm32.7-2018-q2-update.win32_1.5.0.202011040924/tools/bin/../lib/gcc/arm-none-eabi/7.3.1/../../../../arm-none-eabi/lib/thumb/v7e-m/fpv4-sp/hard\libc_nano.a(lib_a-mlock.o)
                0x000000000800de46                __malloc_unlock
 .text._malloc_usable_size_r
                0x000000000800de48       0x10 c:/st/stm32cubeide_1.4.0/stm32cubeide/plugins/com.st.stm32cube.ide.mcu.externaltools.gnu-tools-for-stm32.7-2018-q2-update.win32_1.5.0.202011040924/tools/bin/../lib/gcc/arm-none-eabi/7.3.1/../../../../arm-none-eabi/lib/thumb/v7e-m/fpv4-sp/hard\libc_nano.a(lib_a-nano-msizer.o)
                0x000000000800de48                _malloc_usable_size_r
 .text.powf     0x000000000800de58      0x2c8 c:/st/stm32cubeide_1.4.0/stm32cubeide/plugins/com.st.stm32cube.ide.mcu.externaltools.gnu-tools-for-stm32.7-2018-q2-update.win32_1.5.0.202011040924/tools/bin/../lib/gcc/arm-none-eabi/7.3.1/../../../../arm-none-eabi/lib/thumb/v7e-m/fpv4-sp/hard\libm.a(lib_a-wf_pow.o)
                0x000000000800de58                powf
 .text.__ieee754_powf
                0x000000000800e120      0x580 c:/st/stm32cubeide_1.4.0/stm32cubeide/plugins/com.st.stm32cube.ide.mcu.externaltools.gnu-tools-for-stm32.7-2018-q2-update.win32_1.5.0.202011040924/tools/bin/../lib/gcc/arm-none-eabi/7.3.1/../../../../arm-none-eabi/lib/thumb/v7e-m/fpv4-sp/hard\libm.a(lib_a-ef_pow.o)
                0x000000000800e120                __ieee754_powf
 .text.__ieee754_sqrtf
                0x000000000800e6a0        0x6 c:/st/stm32cubeide_1.4.0/stm32cubeide/plugins/com.st.stm32cube.ide.mcu.externaltools.gnu-tools-for-stm32.7-2018-q2-update.win32_1.5.0.202011040924/tools/bin/../lib/gcc/arm-none-eabi/7.3.1/../../../../arm-none-eabi/lib/thumb/v7e-m/fpv4-sp/hard\libm.a(lib_a-ef_sqrt.o)
                0x000000000800e6a0                __ieee754_sqrtf
 .text.matherr  0x000000000800e6a6        0x4 c:/st/stm32cubeide_1.4.0/stm32cubeide/plugins/com.st.stm32cube.ide.mcu.externaltools.gnu-tools-for-stm32.7-2018-q2-update.win32_1.5.0.202011040924/tools/bin/../lib/gcc/arm-none-eabi/7.3.1/../../../../arm-none-eabi/lib/thumb/v7e-m/fpv4-sp/hard\libm.a(lib_a-s_matherr.o)
                0x000000000800e6a6                matherr
 .text.fabsf    0x000000000800e6aa        0xe c:/st/stm32cubeide_1.4.0/stm32cubeide/plugins/com.st.stm32cube.ide.mcu.externaltools.gnu-tools-for-stm32.7-2018-q2-update.win32_1.5.0.202011040924/tools/bin/../lib/gcc/arm-none-eabi/7.3.1/../../../../arm-none-eabi/lib/thumb/v7e-m/fpv4-sp/hard\libm.a(lib_a-sf_fabs.o)
                0x000000000800e6aa                fabsf
 .text.finitef  0x000000000800e6b8       0x14 c:/st/stm32cubeide_1.4.0/stm32cubeide/plugins/com.st.stm32cube.ide.mcu.externaltools.gnu-tools-for-stm32.7-2018-q2-update.win32_1.5.0.202011040924/tools/bin/../lib/gcc/arm-none-eabi/7.3.1/../../../../arm-none-eabi/lib/thumb/v7e-m/fpv4-sp/hard\libm.a(lib_a-sf_finite.o)
                0x000000000800e6b8                finitef
 .text.rintf    0x000000000800e6cc       0xb4 c:/st/stm32cubeide_1.4.0/stm32cubeide/plugins/com.st.stm32cube.ide.mcu.externaltools.gnu-tools-for-stm32.7-2018-q2-update.win32_1.5.0.202011040924/tools/bin/../lib/gcc/arm-none-eabi/7.3.1/../../../../arm-none-eabi/lib/thumb/v7e-m/fpv4-sp/hard\libm.a(lib_a-sf_rint.o)
                0x000000000800e6cc                rintf
 .text.scalbnf  0x000000000800e780       0xc0 c:/st/stm32cubeide_1.4.0/stm32cubeide/plugins/com.st.stm32cube.ide.mcu.externaltools.gnu-tools-for-stm32.7-2018-q2-update.win32_1.5.0.202011040924/tools/bin/../lib/gcc/arm-none-eabi/7.3.1/../../../../arm-none-eabi/lib/thumb/v7e-m/fpv4-sp/hard\libm.a(lib_a-sf_scalbn.o)
                0x000000000800e780                scalbnf
 .text.copysignf
                0x000000000800e840       0x18 c:/st/stm32cubeide_1.4.0/stm32cubeide/plugins/com.st.stm32cube.ide.mcu.externaltools.gnu-tools-for-stm32.7-2018-q2-update.win32_1.5.0.202011040924/tools/bin/../lib/gcc/arm-none-eabi/7.3.1/../../../../arm-none-eabi/lib/thumb/v7e-m/fpv4-sp/hard\libm.a(lib_a-sf_copysign.o)
                0x000000000800e840                copysignf
 *(.glue_7)
 .glue_7        0x000000000800e858        0x0 linker stubs
 *(.glue_7t)
 .glue_7t       0x000000000800e858        0x0 linker stubs
 *(.eh_frame)
 .eh_frame      0x000000000800e858        0x0 c:/st/stm32cubeide_1.4.0/stm32cubeide/plugins/com.st.stm32cube.ide.mcu.externaltools.gnu-tools-for-stm32.7-2018-q2-update.win32_1.5.0.202011040924/tools/bin/../lib/gcc/arm-none-eabi/7.3.1/thumb/v7e-m/fpv4-sp/hard/crtbegin.o
 *(.init)
 .init          0x000000000800e858        0x4 c:/st/stm32cubeide_1.4.0/stm32cubeide/plugins/com.st.stm32cube.ide.mcu.externaltools.gnu-tools-for-stm32.7-2018-q2-update.win32_1.5.0.202011040924/tools/bin/../lib/gcc/arm-none-eabi/7.3.1/thumb/v7e-m/fpv4-sp/hard/crti.o
                0x000000000800e858                _init
 .init          0x000000000800e85c        0x8 c:/st/stm32cubeide_1.4.0/stm32cubeide/plugins/com.st.stm32cube.ide.mcu.externaltools.gnu-tools-for-stm32.7-2018-q2-update.win32_1.5.0.202011040924/tools/bin/../lib/gcc/arm-none-eabi/7.3.1/thumb/v7e-m/fpv4-sp/hard/crtn.o
 *(.fini)
 .fini          0x000000000800e864        0x4 c:/st/stm32cubeide_1.4.0/stm32cubeide/plugins/com.st.stm32cube.ide.mcu.externaltools.gnu-tools-for-stm32.7-2018-q2-update.win32_1.5.0.202011040924/tools/bin/../lib/gcc/arm-none-eabi/7.3.1/thumb/v7e-m/fpv4-sp/hard/crti.o
                0x000000000800e864                _fini
 .fini          0x000000000800e868        0x8 c:/st/stm32cubeide_1.4.0/stm32cubeide/plugins/com.st.stm32cube.ide.mcu.externaltools.gnu-tools-for-stm32.7-2018-q2-update.win32_1.5.0.202011040924/tools/bin/../lib/gcc/arm-none-eabi/7.3.1/thumb/v7e-m/fpv4-sp/hard/crtn.o
                0x000000000800e870                . = ALIGN (0x4)
                0x000000000800e870                _etext = .

.vfp11_veneer   0x000000000800e870        0x0
 .vfp11_veneer  0x000000000800e870        0x0 linker stubs

.v4_bx          0x000000000800e870        0x0
 .v4_bx         0x000000000800e870        0x0 linker stubs

.iplt           0x000000000800e870        0x0
 .iplt          0x000000000800e870        0x0 c:/st/stm32cubeide_1.4.0/stm32cubeide/plugins/com.st.stm32cube.ide.mcu.externaltools.gnu-tools-for-stm32.7-2018-q2-update.win32_1.5.0.202011040924/tools/bin/../lib/gcc/arm-none-eabi/7.3.1/thumb/v7e-m/fpv4-sp/hard/crtbegin.o

.rodata         0x000000000800e870      0x544
                0x000000000800e870                . = ALIGN (0x4)
 *(.rodata)
 .rodata        0x000000000800e870        0x2 Core/Src/lcd.o
 *fill*         0x000000000800e872        0x2 
 .rodata        0x000000000800e874       0x56 Core/Src/main.o
 *fill*         0x000000000800e8ca        0x2 
 .rodata        0x000000000800e8cc      0x184 Core/Src/sensors.o
 .rodata        0x000000000800ea50       0x57 Core/Src/usart.o
 *(.rodata*)
 *fill*         0x000000000800eaa7        0x1 
 .rodata.kbMap  0x000000000800eaa8        0xc Core/Src/keyboard.o
                0x000000000800eaa8                kbMap
 .rodata.kbRows
                0x000000000800eab4        0x8 Core/Src/keyboard.o
                0x000000000800eab4                kbRows
 .rodata.kbCols
                0x000000000800eabc        0x6 Core/Src/keyboard.o
                0x000000000800eabc                kbCols
 *fill*         0x000000000800eac2        0x2 
 .rodata.AHBPrescTable
                0x000000000800eac4       0x10 Core/Src/system_stm32f4xx.o
                0x000000000800eac4                AHBPrescTable
 .rodata.APBPrescTable
                0x000000000800ead4        0x8 Core/Src/system_stm32f4xx.o
                0x000000000800ead4                APBPrescTable
 .rodata.flagBitshiftOffset.8333
                0x000000000800eadc        0x8 Drivers/STM32F4xx_HAL_Driver/Src/stm32f4xx_hal_dma.o
 .rodata._printf_float.str1.1
                0x000000000800eae4       0x12 c:/st/stm32cubeide_1.4.0/stm32cubeide/plugins/com.st.stm32cube.ide.mcu.externaltools.gnu-tools-for-stm32.7-2018-q2-update.win32_1.5.0.202011040924/tools/bin/../lib/gcc/arm-none-eabi/7.3.1/../../../../arm-none-eabi/lib/thumb/v7e-m/fpv4-sp/hard\libc_nano.a(lib_a-nano-vfprintf_float.o)
 .rodata._printf_i.str1.1
                0x000000000800eaf6       0x22 c:/st/stm32cubeide_1.4.0/stm32cubeide/plugins/com.st.stm32cube.ide.mcu.externaltools.gnu-tools-for-stm32.7-2018-q2-update.win32_1.5.0.202011040924/tools/bin/../lib/gcc/arm-none-eabi/7.3.1/../../../../arm-none-eabi/lib/thumb/v7e-m/fpv4-sp/hard\libc_nano.a(lib_a-nano-vfprintf_i.o)
 .rodata._strtod_l.str1.1
                0x000000000800eb18       0x22 c:/st/stm32cubeide_1.4.0/stm32cubeide/plugins/com.st.stm32cube.ide.mcu.externaltools.gnu-tools-for-stm32.7-2018-q2-update.win32_1.5.0.202011040924/tools/bin/../lib/gcc/arm-none-eabi/7.3.1/../../../../arm-none-eabi/lib/thumb/v7e-m/fpv4-sp/hard\libc_nano.a(lib_a-strtod.o)
                                          0xc (size before relaxing)
 .rodata.fpi.7435
                0x000000000800eb18       0x14 c:/st/stm32cubeide_1.4.0/stm32cubeide/plugins/com.st.stm32cube.ide.mcu.externaltools.gnu-tools-for-stm32.7-2018-q2-update.win32_1.5.0.202011040924/tools/bin/../lib/gcc/arm-none-eabi/7.3.1/../../../../arm-none-eabi/lib/thumb/v7e-m/fpv4-sp/hard\libc_nano.a(lib_a-strtod.o)
 .rodata.fpinan.7471
                0x000000000800eb2c       0x14 c:/st/stm32cubeide_1.4.0/stm32cubeide/plugins/com.st.stm32cube.ide.mcu.externaltools.gnu-tools-for-stm32.7-2018-q2-update.win32_1.5.0.202011040924/tools/bin/../lib/gcc/arm-none-eabi/7.3.1/../../../../arm-none-eabi/lib/thumb/v7e-m/fpv4-sp/hard\libc_nano.a(lib_a-strtod.o)
 .rodata.tinytens
                0x000000000800eb40       0x28 c:/st/stm32cubeide_1.4.0/stm32cubeide/plugins/com.st.stm32cube.ide.mcu.externaltools.gnu-tools-for-stm32.7-2018-q2-update.win32_1.5.0.202011040924/tools/bin/../lib/gcc/arm-none-eabi/7.3.1/../../../../arm-none-eabi/lib/thumb/v7e-m/fpv4-sp/hard\libc_nano.a(lib_a-strtod.o)
 .rodata._dtoa_r.str1.1
                0x000000000800eb68        0xd c:/st/stm32cubeide_1.4.0/stm32cubeide/plugins/com.st.stm32cube.ide.mcu.externaltools.gnu-tools-for-stm32.7-2018-q2-update.win32_1.5.0.202011040924/tools/bin/../lib/gcc/arm-none-eabi/7.3.1/../../../../arm-none-eabi/lib/thumb/v7e-m/fpv4-sp/hard\libc_nano.a(lib_a-dtoa.o)
                                          0xf (size before relaxing)
 .rodata._setlocale_r.str1.1
                0x000000000800eb75        0x8 c:/st/stm32cubeide_1.4.0/stm32cubeide/plugins/com.st.stm32cube.ide.mcu.externaltools.gnu-tools-for-stm32.7-2018-q2-update.win32_1.5.0.202011040924/tools/bin/../lib/gcc/arm-none-eabi/7.3.1/../../../../arm-none-eabi/lib/thumb/v7e-m/fpv4-sp/hard\libc_nano.a(lib_a-locale.o)
                                          0x9 (size before relaxing)
 .rodata.str1.1
                0x000000000800eb7d        0x2 c:/st/stm32cubeide_1.4.0/stm32cubeide/plugins/com.st.stm32cube.ide.mcu.externaltools.gnu-tools-for-stm32.7-2018-q2-update.win32_1.5.0.202011040924/tools/bin/../lib/gcc/arm-none-eabi/7.3.1/../../../../arm-none-eabi/lib/thumb/v7e-m/fpv4-sp/hard\libc_nano.a(lib_a-locale.o)
 *fill*         0x000000000800eb7f        0x1 
 .rodata.__mprec_bigtens