Archive member included to satisfy reference by file (symbol)

c:/st/stm32cubeide_1.4.0/stm32cubeide/plugins/com.st.stm32cube.ide.mcu.externaltools.gnu-tools-for-stm32.7-2018-q2-update.win32_1.5.0.202011040924/tools/bin/../lib/gcc/arm-none-eabi/7.3.1/../../../../arm-none-eabi/lib/thumb/v7e-m/fpv4-sp/hard\libc_nano.a(lib_a-efgcvt.o)
                              Core/Src/sensors.o (gcvt)
c:/st/stm32cubeide_1.4.0/stm32cubeide/plugins/com.st.stm32cube.ide.mcu.externaltools.gnu-tools-for-stm32.7-2018-q2-update.win32_1.5.0.202011040924/tools/bin/../lib/gcc/arm-none-eabi/7.3.1/../../../../arm-none-eabi/lib/thumb/v7e-m/fpv4-sp/hard\libc_nano.a(lib_a-errno.o)
                              Core/Src/syscalls.o (__errno)
c:/st/stm32cubeide_1.4.0/stm32cubeide/plugins/com.st.stm32cube.ide.mcu.externaltools.gnu-tools-for-stm32.7-2018-q2-update.win32_1.5.0.202011040924/tools/bin/../lib/gcc/arm-none-eabi/7.3.1/../../../../arm-none-eabi/lib/thumb/v7e-m/fpv4-sp/hard\libc_nano.a(lib_a-exit.o)
                              c:/st/stm32cubeide_1.4.0/stm32cubeide/plugins/com.st.stm32cube.ide.mcu.externaltools.gnu-tools-for-stm32.7-2018-q2-update.win32_1.5.0.202011040924/tools/bin/../lib/gcc/arm-none-eabi/7.3.1/../../../../arm-none-eabi/lib/thumb/v7e-m/fpv4-sp/hard/crt0.o (exit)
c:/st/stm32cubeide_1.4.0/stm32cubeide/plugins/com.st.stm32cube.ide.mcu.externaltools.gnu-tools-for-stm32.7-2018-q2-update.win32_1.5.0.202011040924/tools/bin/../lib/gcc/arm-none-eabi/7.3.1/../../../../arm-none-eabi/lib/thumb/v7e-m/fpv4-sp/hard\libc_nano.a(lib_a-impure.o)
                              c:/st/stm32cubeide_1.4.0/stm32cubeide/plugins/com.st.stm32cube.ide.mcu.externaltools.gnu-tools-for-stm32.7-2018-q2-update.win32_1.5.0.202011040924/tools/bin/../lib/gcc/arm-none-eabi/7.3.1/../../../../arm-none-eabi/lib/thumb/v7e-m/fpv4-sp/hard\libc_nano.a(lib_a-exit.o) (_global_impure_ptr)
c:/st/stm32cubeide_1.4.0/stm32cubeide/plugins/com.st.stm32cube.ide.mcu.externaltools.gnu-tools-for-stm32.7-2018-q2-update.win32_1.5.0.202011040924/tools/bin/../lib/gcc/arm-none-eabi/7.3.1/../../../../arm-none-eabi/lib/thumb/v7e-m/fpv4-sp/hard\libc_nano.a(lib_a-init.o)
                              c:/st/stm32cubeide_1.4.0/stm32cubeide/plugins/com.st.stm32cube.ide.mcu.externaltools.gnu-tools-for-stm32.7-2018-q2-update.win32_1.5.0.202011040924/tools/bin/../lib/gcc/arm-none-eabi/7.3.1/../../../../arm-none-eabi/lib/thumb/v7e-m/fpv4-sp/hard/crt0.o (__libc_init_array)
c:/st/stm32cubeide_1.4.0/stm32cubeide/plugins/com.st.stm32cube.ide.mcu.externaltools.gnu-tools-for-stm32.7-2018-q2-update.win32_1.5.0.202011040924/tools/bin/../lib/gcc/arm-none-eabi/7.3.1/../../../../arm-none-eabi/lib/thumb/v7e-m/fpv4-sp/hard\libc_nano.a(lib_a-memset.o)
                              c:/st/stm32cubeide_1.4.0/stm32cubeide/plugins/com.st.stm32cube.ide.mcu.externaltools.gnu-tools-for-stm32.7-2018-q2-update.win32_1.5.0.202011040924/tools/bin/../lib/gcc/arm-none-eabi/7.3.1/../../../../arm-none-eabi/lib/thumb/v7e-m/fpv4-sp/hard/crt0.o (memset)
c:/st/stm32cubeide_1.4.0/stm32cubeide/plugins/com.st.stm32cube.ide.mcu.externaltools.gnu-tools-for-stm32.7-2018-q2-update.win32_1.5.0.202011040924/tools/bin/../lib/gcc/arm-none-eabi/7.3.1/../../../../arm-none-eabi/lib/thumb/v7e-m/fpv4-sp/hard\libc_nano.a(lib_a-nano-vfprintf_float.o)
                              (_printf_float)
c:/st/stm32cubeide_1.4.0/stm32cubeide/plugins/com.st.stm32cube.ide.mcu.externaltools.gnu-tools-for-stm32.7-2018-q2-update.win32_1.5.0.202011040924/tools/bin/../lib/gcc/arm-none-eabi/7.3.1/../../../../arm-none-eabi/lib/thumb/v7e-m/fpv4-sp/hard\libc_nano.a(lib_a-nano-vfprintf_i.o)
                              c:/st/stm32cubeide_1.4.0/stm32cubeide/plugins/com.st.stm32cube.ide.mcu.externaltools.gnu-tools-for-stm32.7-2018-q2-update.win32_1.5.0.202011040924/tools/bin/../lib/gcc/arm-none-eabi/7.3.1/../../../../arm-none-eabi/lib/thumb/v7e-m/fpv4-sp/hard\libc_nano.a(lib_a-nano-vfprintf_float.o) (_printf_common)
c:/st/stm32cubeide_1.4.0/stm32cubeide/plugins/com.st.stm32cube.ide.mcu.externaltools.gnu-tools-for-stm32.7-2018-q2-update.win32_1.5.0.202011040924/tools/bin/../lib/gcc/arm-none-eabi/7.3.1/../../../../arm-none-eabi/lib/thumb/v7e-m/fpv4-sp/hard\libc_nano.a(lib_a-sprintf.o)
                              Core/Src/sensors.o (sprintf)
c:/st/stm32cubeide_1.4.0/stm32cubeide/plugins/com.st.stm32cube.ide.mcu.externaltools.gnu-tools-for-stm32.7-2018-q2-update.win32_1.5.0.202011040924/tools/bin/../lib/gcc/arm-none-eabi/7.3.1/../../../../arm-none-eabi/lib/thumb/v7e-m/fpv4-sp/hard\libc_nano.a(lib_a-strlen.o)
                              Core/Src/sensors.o (strlen)
c:/st/stm32cubeide_1.4.0/stm32cubeide/plugins/com.st.stm32cube.ide.mcu.externaltools.gnu-tools-for-stm32.7-2018-q2-update.win32_1.5.0.202011040924/tools/bin/../lib/gcc/arm-none-eabi/7.3.1/../../../../arm-none-eabi/lib/thumb/v7e-m/fpv4-sp/hard\libc_nano.a(lib_a-strncat.o)
                              Core/Src/sensors.o (strncat)
[...]
Memory Configuration

Name             Origin             Length             Attributes
RAM              0x0000000020000000 0x0000000000018000 xrw
FLASH            0x0000000008000000 0x0000000000080000 xr
*default*        0x0000000000000000 0xffffffffffffffff

Linker script and memory map

LOAD c:/st/stm32cubeide_1.4.0/stm32cubeide/plugins/com.st.stm32cube.ide.mcu.externaltools.gnu-tools-for-stm32.7-2018-q2-update.win32_1.5.0.202011040924/tools/bin/../lib/gcc/arm-none-eabi/7.3.1/thumb/v7e-m/fpv4-sp/hard/crti.o
LOAD c:/st/stm32cubeide_1.4.0/stm32cubeide/plugins/com.st.stm32cube.ide.mcu.externaltools.gnu-tools-for-stm32.7-2018-q2-update.win32_1.5.0.202011040924/tools/bin/../lib/gcc/arm-none-eabi/7.3.1/thumb/v7e-m/fpv4-sp/hard/crtbegin.o
LOAD c:/st/stm32cubeide_1.4.0/stm32cubeide/plugins/com.st.stm32cube.ide.mcu.externaltools.gnu-tools-for-stm32.7-2018-q2-update.win32_1.5.0.202011040924/tools/bin/../lib/gcc/arm-none-eabi/7.3.1/../../../../arm-none-eabi/lib/thumb/v7e-m/fpv4-sp/hard/crt0.o
LOAD Core/Src/adc.o
LOAD Core/Src/buzzer.o
LOAD Core/Src/dma.o
LOAD Core/Src/eeprom.o
LOAD Core/Src/gpio.o
LOAD Core/Src/hts221_add.o
LOAD Core/Src/i2c.o
LOAD Core/Src/keyboard.o
LOAD Core/Src/lcd.o
LOAD Core/Src/main.o
LOAD Core/Src/sensors.o
LOAD Core/Src/stm32f4xx_hal_msp.o
LOAD Core/Src/stm32f4xx_it.o
LOAD Core/Src/stm32f4xx_nucleo_bus.o
LOAD Core/Src/syscalls.o
LOAD Core/Src/sysmem.o
LOAD Core/Src/system_stm32f4xx.o
LOAD Core/Src/tim.o
LOAD Core/Src/usart.o
LOAD Core/Startup/startup_stm32f401retx.o
LOAD Drivers/BSP/Components/hts221/hts221.o
LOAD Drivers/BSP/Components/hts221/hts221_reg.o
LOAD Drivers/BSP/Components/lps22hb/lps22hb.o
LOAD Drivers/BSP/Components/lps22hb/lps22hb_reg.o
LOAD Drivers/BSP/Components/lsm303agr/lsm303agr.o
LOAD Drivers/BSP/Components/lsm303agr/lsm303agr_reg.o
LOAD Drivers/BSP/Components/lsm6dsl/lsm6dsl.o
LOAD Drivers/BSP/Components/lsm6dsl/lsm6dsl_reg.o
LOAD Drivers/BSP/IKS01A2/iks01a2_env_sensors.o
LOAD Drivers/BSP/IKS01A2/iks01a2_env_sensors_ex.o
LOAD Drivers/BSP/IKS01A2/iks01a2_motion_sensors.o
LOAD Drivers/BSP/IKS01A2/iks01a2_motion_sensors_ex.o
LOAD Drivers/STM32F4xx_HAL_Driver/Src/stm32f4xx_hal.o
LOAD Drivers/STM32F4xx_HAL_Driver/Src/stm32f4xx_hal_adc.o
LOAD Drivers/STM32F4xx_HAL_Driver/Src/stm32f4xx_hal_adc_ex.o
LOAD Drivers/STM32F4xx_HAL_Driver/Src/stm32f4xx_hal_cortex.o
LOAD Drivers/STM32F4xx_HAL_Driver/Src/stm32f4xx_hal_dma.o
LOAD Drivers/STM32F4xx_HAL_Driver/Src/stm32f4xx_hal_dma_ex.o
LOAD Drivers/STM32F4xx_HAL_Driver/Src/stm32f4xx_hal_exti.o
LOAD Drivers/STM32F4xx_HAL_Driver/Src/stm32f4xx_hal_flash.o
LOAD Drivers/STM32F4xx_HAL_Driver/Src/stm32f4xx_hal_flash_ex.o
LOAD Drivers/STM32F4xx_HAL_Driver/Src/stm32f4xx_hal_flash_ramfunc.o
LOAD Drivers/STM32F4xx_HAL_Driver/Src/stm32f4xx_hal_gpio.o
LOAD Drivers/STM32F4xx_HAL_Driver/Src/stm32f4xx_hal_i2c.o
LOAD Drivers/STM32F4xx_HAL_Driver/Src/stm32f4xx_hal_i2c_ex.o
LOAD Drivers/STM32F4xx_HAL_Driver/Src/stm32f4xx_hal_pwr.o
LOAD Drivers/STM32F4xx_HAL_Driver/Src/stm32f4xx_hal_pwr_ex.o
LOAD Drivers/STM32F4xx_HAL_Driver/Src/stm32f4xx_hal_rcc.o
LOAD Drivers/STM32F4xx_HAL_Driver/Src/stm32f4xx_hal_rcc_ex.o
LOAD Drivers/STM32F4xx_HAL_Driver/Src/stm32f4xx_hal_tim.o
LOAD Drivers/STM32F4xx_HAL_Driver/Src/stm32f4xx_hal_tim_ex.o
LOAD Drivers/STM32F4xx_HAL_Driver/Src/stm32f4xx_hal_uart.o
START GROUP
LOAD c:/st/stm32cubeide_1.4.0/stm32cubeide/plugins/com.st.stm32cube.ide.mcu.externaltools.gnu-tools-for-stm32.7-2018-q2-update.win32_1.5.0.202011040924/tools/bin/../lib/gcc/arm-none-eabi/7.3.1/../../../../arm-none-eabi/lib/thumb/v7e-m/fpv4-sp/hard\libc_nano.a
LOAD c:/st/stm32cubeide_1.4.0/stm32cubeide/plugins/com.st.stm32cube.ide.mcu.externaltools.gnu-tools-for-stm32.7-2018-q2-update.win32_1.5.0.202011040924/tools/bin/../lib/gcc/arm-none-eabi/7.3.1/../../../../arm-none-eabi/lib/thumb/v7e-m/fpv4-sp/hard\libm.a
END GROUP
START GROUP
LOAD c:/st/stm32cubeide_1.4.0/stm32cubeide/plugins/com.st.stm32cube.ide.mcu.externaltools.gnu-tools-for-stm32.7-2018-q2-update.win32_1.5.0.202011040924/tools/bin/../lib/gcc/arm-none-eabi/7.3.1/thumb/v7e-m/fpv4-sp/hard\libgcc.a
LOAD c:/st/stm32cubeide_1.4.0/stm32cubeide/plugins/com.st.stm32cube.ide.mcu.externaltools.gnu-tools-for-stm32.7-2018-q2-update.win32_1.5.0.202011040924/tools/bin/../lib/gcc/arm-none-eabi/7.3.1/../../../../arm-none-eabi/lib/thumb/v7e-m/fpv4-sp/hard\libc_nano.a
END GROUP
START GROUP
LOAD c:/st/stm32cubeide_1.4.0/stm32cubeide/plugins/com.st.stm32cube.ide.mcu.externaltools.gnu-tools-for-stm32.7-2018-q2-update.win32_1.5.0.202011040924/tools/bin/../lib/gcc/arm-none-eabi/7.3.1/thumb/v7e-m/fpv4-sp/hard\libgcc.a
LOAD c:/st/stm32cubeide_1.4.0/stm32cubeide/plugins/com.st.stm32cube.ide.mcu.externaltools.gnu-tools-for-stm32.7-2018-q2-update.win32_1.5.0.202011040924/tools/bin/../lib/gcc/arm-none-eabi/7.3.1/../../../../arm-none-eabi/lib/thumb/v7e-m/fpv4-sp/hard\libc_nano.a
LOAD c:/st/stm32cubeide_1.4.0/stm32cubeide/plugins/com.st.stm32cube.ide.mcu.externaltools.gnu-tools-for-stm32.7-2018-q2-update.win32_1.5.0.202011040924/tools/bin/../lib/gcc/arm-none-eabi/7.3.1/../../../../arm-none-eabi/lib/thumb/v7e-m/fpv4-sp/hard\libnosys.a
END GROUP
START GROUP
LOAD c:/st/stm32cubeide_1.4.0/stm32cubeide/plugins/com.st.stm32cube.ide.mcu.externaltools.gnu-tools-for-stm32.7-2018-q2-update.win32_1.5.0.202011040924/tools/bin/../lib/gcc/arm-none-eabi/7.3.1/thumb/v7e-m/fpv4-sp/hard\libgcc.a
LOAD c:/st/stm32cubeide_1.4.0/stm32cubeide/plugins/com.st.stm32cube.ide.mcu.externaltools.gnu-tools-for-stm32.7-2018-q2-update.win32_1.5.0.202011040924/tools/bin/../lib/gcc/arm-none-eabi/7.3.1/../../../../arm-none-eabi/lib/thumb/v7e-m/fpv4-sp/hard\libc_nano.a
LOAD c:/st/stm32cubeide_1.4.0/stm32cubeide/plugins/com.st.stm32cube.ide.mcu.externaltools.gnu-tools-for-stm32.7-2018-q2-update.win32_1.5.0.202011040924/tools/bin/../lib/gcc/arm-none-eabi/7.3.1/../../../../arm-none-eabi/lib/thumb/v7e-m/fpv4-sp/hard\libnosys.a
END GROUP
LOAD c:/st/stm32cubeide_1.4.0/stm32cubeide/plugins/com.st.stm32cube.ide.mcu.externaltools.gnu-tools-for-stm32.7-2018-q2-update.win32_1.5.0.202011040924/tools/bin/../lib/gcc/arm-none-eabi/7.3.1/thumb/v7e-m/fpv4-sp/hard/crtend.o
LOAD c:/st/stm32cubeide_1.4.0/stm32cubeide/plugins/com.st.stm32cube.ide.mcu.externaltools.gnu-tools-for-stm32.7-2018-q2-update.win32_1.5.0.202011040924/tools/bin/../lib/gcc/arm-none-eabi/7.3.1/thumb/v7e-m/fpv4-sp/hard/crtn.o
                0x0000000020018000                _estack = (ORIGIN (RAM) + LENGTH (RAM))
                0x0000000000000200                _Min_Heap_Size = 0x200
                0x0000000000000400                _Min_Stack_Size = 0x400

.isr_vector     0x0000000008000000      0x194
                0x0000000008000000                . = ALIGN (0x4)
 *(.isr_vector)
 .isr_vector    0x0000000008000000      0x194 Core/Startup/startup_stm32f401retx.o
                0x0000000008000000                g_pfnVectors
                0x0000000008000194                . = ALIGN (0x4)

.text           0x00000000080001a0     0xcf2c
                0x00000000080001a0                . = ALIGN (0x4)
 *(.text)
 .text          0x00000000080001a0       0x40 c:/st/stm32cubeide_1.4.0/stm32cubeide/plugins/com.st.stm32cube.ide.mcu.externaltools.gnu-tools-for-stm32.7-2018-q2-update.win32_1.5.0.202011040924/tools/bin/../lib/gcc/arm-none-eabi/7.3.1/thumb/v7e-m/fpv4-sp/hard/crtbegin.o
 .text          0x00000000080001e0       0x10 c:/st/stm32cubeide_1.4.0/stm32cubeide/plugins/com.st.stm32cube.ide.mcu.externaltools.gnu-tools-for-stm32.7-2018-q2-update.win32_1.5.0.202011040924/tools/bin/../lib/gcc/arm-none-eabi/7.3.1/../../../../arm-none-eabi/lib/thumb/v7e-m/fpv4-sp/hard\libc_nano.a(lib_a-strlen.o)
                0x00000000080001e0                strlen
 .text          0x00000000080001f0       0xa0 c:/st/stm32cubeide_1.4.0/stm32cubeide/plugins/com.st.stm32cube.ide.mcu.externaltools.gnu-tools-for-stm32.7-2018-q2-update.win32_1.5.0.202011040924/tools/bin/../lib/gcc/arm-none-eabi/7.3.1/../../../../arm-none-eabi/lib/thumb/v7e-m/fpv4-sp/hard\libc_nano.a(lib_a-memchr.o)
                0x00000000080001f0                memchr
 .text          0x0000000008000290      0x378 c:/st/stm32cubeide_1.4.0/stm32cubeide/plugins/com.st.stm32cube.ide.mcu.externaltools.gnu-tools-for-stm32.7-2018-q2-update.win32_1.5.0.202011040924/tools/bin/../lib/gcc/arm-none-eabi/7.3.1/thumb/v7e-m/fpv4-sp/hard\libgcc.a(_arm_addsubdf3.o)
                0x0000000008000290                __aeabi_drsub
                0x0000000008000298                __aeabi_dsub
                0x0000000008000298                __subdf3
                0x000000000800029c                __aeabi_dadd
                0x000000000800029c                __adddf3
                0x0000000008000514                __floatunsidf
                0x0000000008000514                __aeabi_ui2d
                0x0000000008000534                __floatsidf
                0x0000000008000534                __aeabi_i2d
                0x0000000008000558                __aeabi_f2d
                0x0000000008000558                __extendsfdf2
                0x000000000800059c                __floatundidf
                0x000000000800059c                __aeabi_ul2d
                0x00000000080005ac                __floatdidf
                0x00000000080005ac                __aeabi_l2d
 .text          0x0000000008000608      0x424 c:/st/stm32cubeide_1.4.0/stm32cubeide/plugins/com.st.stm32cube.ide.mcu.externaltools.gnu-tools-for-stm32.7-2018-q2-update.win32_1.5.0.202011040924/tools/bin/../lib/gcc/arm-none-eabi/7.3.1/thumb/v7e-m/fpv4-sp/hard\libgcc.a(_arm_muldivdf3.o)
                0x0000000008000608                __aeabi_dmul
                0x0000000008000608                __muldf3
                0x000000000800085c                __divdf3
                0x000000000800085c                __aeabi_ddiv
 .text          0x0000000008000a2c      0x110 c:/st/stm32cubeide_1.4.0/stm32cubeide/plugins/com.st.stm32cube.ide.mcu.externaltools.gnu-tools-for-stm32.7-2018-q2-update.win32_1.5.0.202011040924/tools/bin/../lib/gcc/arm-none-eabi/7.3.1/thumb/v7e-m/fpv4-sp/hard\libgcc.a(_arm_cmpdf2.o)
                0x0000000008000a2c                __gtdf2
                0x0000000008000a2c                __gedf2
                0x0000000008000a34                __ltdf2
                0x0000000008000a34                __ledf2
                0x0000000008000a3c                __nedf2
                0x0000000008000a3c                __eqdf2
                0x0000000008000a3c                __cmpdf2
                0x0000000008000ab8                __aeabi_cdrcmple
                0x0000000008000ac8                __aeabi_cdcmpeq
                0x0000000008000ac8                __aeabi_cdcmple
                0x0000000008000ad8                __aeabi_dcmpeq
                0x0000000008000aec                __aeabi_dcmplt
                0x0000000008000b00                __aeabi_dcmple
                0x0000000008000b14                __aeabi_dcmpge
                0x0000000008000b28                __aeabi_dcmpgt
 .text          0x0000000008000b3c       0x2c c:/st/stm32cubeide_1.4.0/stm32cubeide/plugins/com.st.stm32cube.ide.mcu.externaltools.gnu-tools-for-stm32.7-2018-q2-update.win32_1.5.0.202011040924/tools/bin/../lib/gcc/arm-none-eabi/7.3.1/thumb/v7e-m/fpv4-sp/hard\libgcc.a(_arm_unorddf2.o)
                0x0000000008000b3c                __unorddf2
                0x0000000008000b3c                __aeabi_dcmpun
 .text          0x0000000008000b68       0x50 c:/st/stm32cubeide_1.4.0/stm32cubeide/plugins/com.st.stm32cube.ide.mcu.externaltools.gnu-tools-for-stm32.7-2018-q2-update.win32_1.5.0.202011040924/tools/bin/../lib/gcc/arm-none-eabi/7.3.1/thumb/v7e-m/fpv4-sp/hard\libgcc.a(_arm_fixdfsi.o)
                0x0000000008000b68                __aeabi_d2iz
                0x0000000008000b68                __fixdfsi
 .text          0x0000000008000bb8       0xa0 c:/st/stm32cubeide_1.4.0/stm32cubeide/plugins/com.st.stm32cube.ide.mcu.externaltools.gnu-tools-for-stm32.7-2018-q2-update.win32_1.5.0.202011040924/tools/bin/../lib/gcc/arm-none-eabi/7.3.1/thumb/v7e-m/fpv4-sp/hard\libgcc.a(_arm_truncdfsf2.o)
                0x0000000008000bb8                __truncdfsf2
                0x0000000008000bb8                __aeabi_d2f
 .text          0x0000000008000c58       0x30 c:/st/stm32cubeide_1.4.0/stm32cubeide/plugins/com.st.stm32cube.ide.mcu.externaltools.gnu-tools-for-stm32.7-2018-q2-update.win32_1.5.0.202011040924/tools/bin/../lib/gcc/arm-none-eabi/7.3.1/thumb/v7e-m/fpv4-sp/hard\libgcc.a(_aeabi_uldivmod.o)
                0x0000000008000c58                __aeabi_uldivmod
 .text          0x0000000008000c88      0x2cc c:/st/stm32cubeide_1.4.0/stm32cubeide/plugins/com.st.stm32cube.ide.mcu.externaltools.gnu-tools-for-stm32.7-2018-q2-update.win32_1.5.0.202011040924/tools/bin/../lib/gcc/arm-none-eabi/7.3.1/thumb/v7e-m/fpv4-sp/hard\libgcc.a(_udivmoddi4.o)
                0x0000000008000c88                __udivmoddi4
 .text          0x0000000008000f54        0x4 c:/st/stm32cubeide_1.4.0/stm32cubeide/plugins/com.st.stm32cube.ide.mcu.externaltools.gnu-tools-for-stm32.7-2018-q2-update.win32_1.5.0.202011040924/tools/bin/../lib/gcc/arm-none-eabi/7.3.1/thumb/v7e-m/fpv4-sp/hard\libgcc.a(_dvmd_tls.o)
                0x0000000008000f54                __aeabi_idiv0
                0x0000000008000f54                __aeabi_ldiv0
 *(.text*)
 .text.MX_ADC1_Init
                0x0000000008000f58       0xa8 Core/Src/adc.o
                0x0000000008000f58                MX_ADC1_Init
 .text.HAL_ADC_MspInit
                0x0000000008001000       0xf0 Core/Src/adc.o
                0x0000000008001000                HAL_ADC_MspInit
 .text.buzzerAlarm
                0x00000000080010f0       0x40 Core/Src/buzzer.o
                0x00000000080010f0                buzzerAlarm
 .text.MX_DMA_Init
                0x0000000008001130       0x40 Core/Src/dma.o
                0x0000000008001130                MX_DMA_Init
 .text.EE_Init  0x0000000008001170      0x3b8 Core/Src/eeprom.o
                0x0000000008001170                EE_Init
 .text.EE_VerifyPageFullyErased
                0x0000000008001528       0x54 Core/Src/eeprom.o
 .text.EE_ReadVariable
                0x000000000800157c       0x94 Core/Src/eeprom.o
                0x000000000800157c                EE_ReadVariable
 .text.EE_WriteVariable
                0x0000000008001610       0x44 Core/Src/eeprom.o
                0x0000000008001610                EE_WriteVariable
 .text.EE_Format
                0x0000000008001654       0xa4 Core/Src/eeprom.o
 .text.EE_FindValidPage
                0x00000000080016f8       0x8c Core/Src/eeprom.o
 .text.EE_VerifyPageFullWriteVariable
                0x0000000008001784       0xc0 Core/Src/eeprom.o
 .text.EE_PageTransfer
                0x0000000008001844      0x178 Core/Src/eeprom.o
 .text.MX_GPIO_Init
                0x00000000080019bc       0xdc Core/Src/gpio.o
                0x00000000080019bc                MX_GPIO_Init
 .text.hts221_init
                0x0000000008001a98       0x1a Core/Src/hts221_add.o
                0x0000000008001a98                hts221_init
 .text.hts221_readTemp
                0x0000000008001ab2       0x1e Core/Src/hts221_add.o
                0x0000000008001ab2                hts221_readTemp
 .text.hts221_readHumid
                0x0000000008001ad0       0x1e Core/Src/hts221_add.o
                0x0000000008001ad0                hts221_readHumid
 *fill*         0x0000000008001aee        0x2 
 .text.MX_I2C3_Init
                0x0000000008001af0       0x5c Core/Src/i2c.o
                0x0000000008001af0                MX_I2C3_Init
 .text.HAL_I2C_MspInit
                0x0000000008001b4c       0xd4 Core/Src/i2c.o
                0x0000000008001b4c                HAL_I2C_MspInit
 .text.HAL_I2C_MspDeInit
                0x0000000008001c20       0x4c Core/Src/i2c.o
                0x0000000008001c20                HAL_I2C_MspDeInit
 .text.kb_readKey
                0x0000000008001c6c       0x8c Core/Src/keyboard.o
                0x0000000008001c6c                kb_readKey
 .text.kb_service
                0x0000000008001cf8       0x38 Core/Src/keyboard.o
                0x0000000008001cf8                kb_service
 .text.lcd_init
                0x0000000008001d30       0xd4 Core/Src/lcd.o
                0x0000000008001d30                lcd_init
 .text.lcd_write
                0x0000000008001e04       0x8c Core/Src/lcd.o
                0x0000000008001e04                lcd_write
 .text.lcd_display
                0x0000000008001e90       0xa2 Core/Src/lcd.o
                0x0000000008001e90                lcd_display
 *fill*         0x0000000008001f32        0x2 
 .text.lcd_clear
                0x0000000008001f34       0x4c Core/Src/lcd.o
                0x0000000008001f34                lcd_clear
 .text.main     0x0000000008001f80      0x194 Core/Src/main.o
                0x0000000008001f80                main
 .text.SystemClock_Config
                0x0000000008002114       0xd8 Core/Src/main.o
                0x0000000008002114                SystemClock_Config
 .text.HAL_TIM_PeriodElapsedCallback
                0x00000000080021ec       0xec Core/Src/main.o
                0x00000000080021ec                HAL_TIM_PeriodElapsedCallback
 .text.Error_Handler
                0x00000000080022d8       0x10 Core/Src/main.o
                0x00000000080022d8                Error_Handler
 .text.data_settingInit
                0x00000000080022e8       0x40 Core/Src/sensors.o
                0x00000000080022e8                data_settingInit
 .text.data_settingSave
                0x0000000008002328       0x94 Core/Src/sensors.o
                0x0000000008002328                data_settingSave
 .text.data_settingLoad
                0x00000000080023bc       0xa4 Core/Src/sensors.o
                0x00000000080023bc                data_settingLoad
 .text.data_settingEnter
                0x0000000008002460      0x4f4 Core/Src/sensors.o
                0x0000000008002460                data_settingEnter
 .text.data_settingPrint
                0x0000000008002954      0x13c Core/Src/sensors.o
                0x0000000008002954                data_settingPrint
 .text.data_get
                0x0000000008002a90       0x30 Core/Src/sensors.o
                0x0000000008002a90                data_get
 .text.convertMoisture
                0x0000000008002ac0       0x94 Core/Src/sensors.o
                0x0000000008002ac0                convertMoisture
 .text.data_print
                0x0000000008002b54      0x150 Core/Src/sensors.o
                0x0000000008002b54                data_print
 .text.data_printAlert
                0x0000000008002ca4       0xdc Core/Src/sensors.o
                0x0000000008002ca4                data_printAlert
 .text.data_check
                0x0000000008002d80       0x84 Core/Src/sensors.o
                0x0000000008002d80                data_check
 .text.HAL_MspInit
                0x0000000008002e04       0x50 Core/Src/stm32f4xx_hal_msp.o
                0x0000000008002e04                HAL_MspInit
 .text.NMI_Handler
                0x0000000008002e54        0xe Core/Src/stm32f4xx_it.o
                0x0000000008002e54                NMI_Handler
 .text.HardFault_Handler
                0x0000000008002e62        0x6 Core/Src/stm32f4xx_it.o
                0x0000000008002e62                HardFault_Handler
 .text.MemManage_Handler
                0x0000000008002e68        0x6 Core/Src/stm32f4xx_it.o
                0x0000000008002e68                MemManage_Handler
 .text.BusFault_Handler
                0x0000000008002e6e        0x6 Core/Src/stm32f4xx_it.o
                0x0000000008002e6e                BusFault_Handler
 .text.UsageFault_Handler
                0x0000000008002e74        0x6 Core/Src/stm32f4xx_it.o
                0x0000000008002e74                UsageFault_Handler
 .text.SVC_Handler
                0x0000000008002e7a        0xe Core/Src/stm32f4xx_it.o
                0x0000000008002e7a                SVC_Handler
 .text.DebugMon_Handler
                0x0000000008002e88        0xe Core/Src/stm32f4xx_it.o
                0x0000000008002e88                DebugMon_Handler
 .text.PendSV_Handler
                0x0000000008002e96        0xe Core/Src/stm32f4xx_it.o
                0x0000000008002e96                PendSV_Handler
 .text.SysTick_Handler
                0x0000000008002ea4       0x34 Core/Src/stm32f4xx_it.o
                0x0000000008002ea4                SysTick_Handler
 .text.TIM1_TRG_COM_TIM11_IRQHandler
                0x0000000008002ed8       0x14 Core/Src/stm32f4xx_it.o
                0x0000000008002ed8                TIM1_TRG_COM_TIM11_IRQHandler
 .text.TIM2_IRQHandler
                0x0000000008002eec       0x14 Core/Src/stm32f4xx_it.o
                0x0000000008002eec                TIM2_IRQHandler
 .text.DMA2_Stream0_IRQHandler
                0x0000000008002f00       0x14 Core/Src/stm32f4xx_it.o
                0x0000000008002f00                DMA2_Stream0_IRQHandler
 .text.BSP_I2C1_Init
                0x0000000008002f14       0x64 Core/Src/stm32f4xx_nucleo_bus.o
                0x0000000008002f14                BSP_I2C1_Init
 .text.BSP_I2C1_DeInit
                0x0000000008002f78       0x50 Core/Src/stm32f4xx_nucleo_bus.o
                0x0000000008002f78                BSP_I2C1_DeInit
 .text.BSP_I2C1_WriteReg
                0x0000000008002fc8       0x64 Core/Src/stm32f4xx_nucleo_bus.o
                0x0000000008002fc8                BSP_I2C1_WriteReg
 .text.BSP_I2C1_ReadReg
                0x000000000800302c       0x64 Core/Src/stm32f4xx_nucleo_bus.o
                0x000000000800302c                BSP_I2C1_ReadReg
 .text.BSP_GetTick
                0x0000000008003090        0xe Core/Src/stm32f4xx_nucleo_bus.o
                0x0000000008003090                BSP_GetTick
 *fill*         0x000000000800309e        0x2 
 .text.MX_I2C1_Init
                0x00000000080030a0       0x68 Core/Src/stm32f4xx_nucleo_bus.o
                0x00000000080030a0                MX_I2C1_Init
 .text.I2C1_MspInit
                0x0000000008003108       0x94 Core/Src/stm32f4xx_nucleo_bus.o
 .text.I2C1_MspDeInit
                0x000000000800319c       0x38 Core/Src/stm32f4xx_nucleo_bus.o
 .text._sbrk    0x00000000080031d4       0x6c Core/Src/sysmem.o
                0x00000000080031d4                _sbrk
 .text.SystemInit
                0x0000000008003240       0x2c Core/Src/system_stm32f4xx.o
                0x0000000008003240                SystemInit
 .text.MX_TIM2_Init
                0x000000000800326c       0x9c Core/Src/tim.o
                0x000000000800326c                MX_TIM2_Init
 .text.MX_TIM3_Init
                0x0000000008003308       0xec Core/Src/tim.o
                0x0000000008003308                MX_TIM3_Init
 .text.MX_TIM11_Init
                0x00000000080033f4       0x48 Core/Src/tim.o
                0x00000000080033f4                MX_TIM11_Init
 .text.HAL_TIM_Base_MspInit
                0x000000000800343c       0xb4 Core/Src/tim.o
                0x000000000800343c                HAL_TIM_Base_MspInit
 .text.HAL_TIM_MspPostInit
                0x00000000080034f0       0x74 Core/Src/tim.o
                0x00000000080034f0                HAL_TIM_MspPostInit
 .text.MX_USART2_UART_Init
                0x0000000008003564       0x54 Core/Src/usart.o
                0x0000000008003564                MX_USART2_UART_Init
 .text.HAL_UART_MspInit
                0x00000000080035b8       0x90 Core/Src/usart.o
                0x00000000080035b8                HAL_UART_MspInit
 .text.usart_send_string
                0x0000000008003648       0x30 Core/Src/usart.o
                0x0000000008003648                usart_send_string
 .text.Reset_Handler
                0x0000000008003678       0x50 Core/Startup/startup_stm32f401retx.o
                0x0000000008003678                Reset_Handler
 .text.Default_Handler
                0x00000000080036c8        0x2 Core/Startup/startup_stm32f401retx.o
                0x00000000080036c8                RTC_Alarm_IRQHandler
                0x00000000080036c8                EXTI2_IRQHandler
                0x00000000080036c8                SPI4_IRQHandler
                0x00000000080036c8                TIM1_CC_IRQHandler
                0x00000000080036c8                DMA2_Stream5_IRQHandler
                0x00000000080036c8                DMA1_Stream5_IRQHandler
                0x00000000080036c8                PVD_IRQHandler
                0x00000000080036c8                SDIO_IRQHandler
                0x00000000080036c8                TAMP_STAMP_IRQHandler
                0x00000000080036c8                EXTI3_IRQHandler
                0x00000000080036c8                TIM1_UP_TIM10_IRQHandler
                0x00000000080036c8                I2C3_ER_IRQHandler
                0x00000000080036c8                EXTI0_IRQHandler
                0x00000000080036c8                I2C2_EV_IRQHandler
                0x00000000080036c8                DMA1_Stream2_IRQHandler
                0x00000000080036c8                FPU_IRQHandler
                0x00000000080036c8                DMA2_Stream2_IRQHandler
                0x00000000080036c8                SPI1_IRQHandler
                0x00000000080036c8                TIM1_BRK_TIM9_IRQHandler
                0x00000000080036c8                DMA2_Stream3_IRQHandler
                0x00000000080036c8                USART6_IRQHandler
                0x00000000080036c8                TIM4_IRQHandler
                0x00000000080036c8                I2C1_EV_IRQHandler
                0x00000000080036c8                DMA1_Stream6_IRQHandler
                0x00000000080036c8                DMA1_Stream1_IRQHandler
                0x00000000080036c8                TIM3_IRQHandler
                0x00000000080036c8                RCC_IRQHandler
                0x00000000080036c8                Default_Handler
                0x00000000080036c8                EXTI15_10_IRQHandler
                0x00000000080036c8                ADC_IRQHandler
                0x00000000080036c8                DMA1_Stream7_IRQHandler
                0x00000000080036c8                TIM5_IRQHandler
                0x00000000080036c8                DMA2_Stream7_IRQHandler
                0x00000000080036c8                I2C3_EV_IRQHandler
                0x00000000080036c8                EXTI9_5_IRQHandler
                0x00000000080036c8                RTC_WKUP_IRQHandler
                0x00000000080036c8                SPI2_IRQHandler
                0x00000000080036c8                DMA1_Stream0_IRQHandler
                0x00000000080036c8                EXTI4_IRQHandler
                0x00000000080036c8                WWDG_IRQHandler
                0x00000000080036c8                OTG_FS_WKUP_IRQHandler
                0x00000000080036c8                EXTI1_IRQHandler
                0x00000000080036c8                USART2_IRQHandler
                0x00000000080036c8                I2C2_ER_IRQHandler
                0x00000000080036c8                DMA2_Stream1_IRQHandler
                0x00000000080036c8                FLASH_IRQHandler
                0x00000000080036c8                DMA2_Stream4_IRQHandler
                0x00000000080036c8                USART1_IRQHandler
                0x00000000080036c8                OTG_FS_IRQHandler
                0x00000000080036c8                SPI3_IRQHandler
                0x00000000080036c8                DMA1_Stream4_IRQHandler
                0x00000000080036c8                I2C1_ER_IRQHandler
                0x00000000080036c8                DMA2_Stream6_IRQHandler
                0x00000000080036c8                DMA1_Stream3_IRQHandler
 *fill*         0x00000000080036ca        0x2 
 .text.HTS221_RegisterBusIO
                0x00000000080036cc       0x8c Drivers/BSP/Components/hts221/hts221.o
                0x00000000080036cc                HTS221_RegisterBusIO
 .text.HTS221_Init
                0x0000000008003758       0x36 Drivers/BSP/Components/hts221/hts221.o
                0x0000000008003758                HTS221_Init
 .text.HTS221_DeInit
                0x000000000800378e       0x48 Drivers/BSP/Components/hts221/hts221.o
                0x000000000800378e                HTS221_DeInit
 .text.HTS221_ReadID
                0x00000000080037d6       0x2c Drivers/BSP/Components/hts221/hts221.o
                0x00000000080037d6                HTS221_ReadID
 *fill*         0x0000000008003802        0x2 
 .text.HTS221_GetCapabilities
                0x0000000008003804       0x48 Drivers/BSP/Components/hts221/hts221.o
                0x0000000008003804                HTS221_GetCapabilities
 .text.HTS221_HUM_Enable
                0x000000000800384c       0x4a Drivers/BSP/Components/hts221/hts221.o
                0x000000000800384c                HTS221_HUM_Enable
 .text.HTS221_HUM_Disable
                0x0000000008003896       0x4a Drivers/BSP/Components/hts221/hts221.o
                0x0000000008003896                HTS221_HUM_Disable
 .text.HTS221_HUM_GetOutputDataRate
                0x00000000080038e0       0x1c Drivers/BSP/Components/hts221/hts221.o
                0x00000000080038e0                HTS221_HUM_GetOutputDataRate
 .text.HTS221_HUM_SetOutputDataRate
                0x00000000080038fc       0x20 Drivers/BSP/Components/hts221/hts221.o
                0x00000000080038fc                HTS221_HUM_SetOutputDataRate
 .text.HTS221_HUM_GetHumidity
                0x000000000800391c      0x148 Drivers/BSP/Components/hts221/hts221.o
                0x000000000800391c                HTS221_HUM_GetHumidity
 .text.HTS221_TEMP_Enable
                0x0000000008003a64       0x4a Drivers/BSP/Components/hts221/hts221.o
                0x0000000008003a64                HTS221_TEMP_Enable
 .text.HTS221_TEMP_Disable
                0x0000000008003aae       0x4a Drivers/BSP/Components/hts221/hts221.o
                0x0000000008003aae                HTS221_TEMP_Disable
 .text.HTS221_TEMP_GetOutputDataRate
                0x0000000008003af8       0x1c Drivers/BSP/Components/hts221/hts221.o
                0x0000000008003af8                HTS221_TEMP_GetOutputDataRate
 .text.HTS221_TEMP_SetOutputDataRate
                0x0000000008003b14       0x20 Drivers/BSP/Components/hts221/hts221.o
                0x0000000008003b14                HTS221_TEMP_SetOutputDataRate
 .text.HTS221_TEMP_GetTemperature
                0x0000000008003b34      0x10e Drivers/BSP/Components/hts221/hts221.o
                0x0000000008003b34                HTS221_TEMP_GetTemperature
 *fill*         0x0000000008003c42        0x2 
 .text.HTS221_GetOutputDataRate
                0x0000000008003c44       0x88 Drivers/BSP/Components/hts221/hts221.o
 .text.HTS221_SetOutputDataRate
                0x0000000008003ccc       0x60 Drivers/BSP/Components/hts221/hts221.o
 .text.HTS221_Initialize
                0x0000000008003d2c       0x58 Drivers/BSP/Components/hts221/hts221.o
 .text.Linear_Interpolation
                0x0000000008003d84       0x72 Drivers/BSP/Components/hts221/hts221.o
 .text.ReadRegWrap
                0x0000000008003df6       0x62 Drivers/BSP/Components/hts221/hts221.o
 .text.WriteRegWrap
                0x0000000008003e58       0x62 Drivers/BSP/Components/hts221/hts221.o
 .text.hts221_read_reg
                0x0000000008003eba       0x30 Drivers/BSP/Components/hts221/hts221_reg.o
                0x0000000008003eba                hts221_read_reg
 .text.hts221_write_reg
                0x0000000008003eea       0x30 Drivers/BSP/Components/hts221/hts221_reg.o
                0x0000000008003eea                hts221_write_reg
 .text.hts221_data_rate_set
                0x0000000008003f1a       0x4c Drivers/BSP/Components/hts221/hts221_reg.o
                0x0000000008003f1a                hts221_data_rate_set
 *fill*         0x0000000008003f66        0x2 
 .text.hts221_data_rate_get
                0x0000000008003f68       0x70 Drivers/BSP/Components/hts221/hts221_reg.o
                0x0000000008003f68                hts221_data_rate_get
 .text.hts221_block_data_update_set
                0x0000000008003fd8       0x4c Drivers/BSP/Components/hts221/hts221_reg.o
                0x0000000008003fd8                hts221_block_data_update_set
 .text.hts221_humidity_raw_get
                0x0000000008004024       0x22 Drivers/BSP/Components/hts221/hts221_reg.o
                0x0000000008004024                hts221_humidity_raw_get
 .text.hts221_temperature_raw_get
                0x0000000008004046       0x22 Drivers/BSP/Components/hts221/hts221_reg.o
                0x0000000008004046                hts221_temperature_raw_get
 .text.hts221_device_id_get
                0x0000000008004068       0x22 Drivers/BSP/Components/hts221/hts221_reg.o
                0x0000000008004068                hts221_device_id_get
 .text.hts221_power_on_set
                0x000000000800408a       0x4c Drivers/BSP/Components/hts221/hts221_reg.o
                0x000000000800408a                hts221_power_on_set
 .text.hts221_hum_rh_point_0_get
                0x00000000080040d6       0x2e Drivers/BSP/Components/hts221/hts221_reg.o
                0x00000000080040d6                hts221_hum_rh_point_0_get
 .text.hts221_hum_rh_point_1_get
                0x0000000008004104       0x2e Drivers/BSP/Components/hts221/hts221_reg.o
                0x0000000008004104                hts221_hum_rh_point_1_get
 .text.hts221_temp_deg_point_0_get
                0x0000000008004132       0x54 Drivers/BSP/Components/hts221/hts221_reg.o
                0x0000000008004132                hts221_temp_deg_point_0_get
 .text.hts221_temp_deg_point_1_get
                0x0000000008004186       0x54 Drivers/BSP/Components/hts221/hts221_reg.o
                0x0000000008004186                hts221_temp_deg_point_1_get
 .text.hts221_hum_adc_point_0_get
                0x00000000080041da       0x22 Drivers/BSP/Components/hts221/hts221_reg.o
                0x00000000080041da                hts221_hum_adc_point_0_get
 .text.hts221_hum_adc_point_1_get
                0x00000000080041fc       0x22 Drivers/BSP/Components/hts221/hts221_reg.o
                0x00000000080041fc                hts221_hum_adc_point_1_get
 .text.hts221_temp_adc_point_0_get
                0x000000000800421e       0x22 Drivers/BSP/Components/hts221/hts221_reg.o
                0x000000000800421e                hts221_temp_adc_point_0_get
 .text.hts221_temp_adc_point_1_get
                0x0000000008004240       0x22 Drivers/BSP/Components/hts221/hts221_reg.o
                0x0000000008004240                hts221_temp_adc_point_1_get
 *fill*         0x0000000008004262        0x2 
 .text.LPS22HB_RegisterBusIO
                0x0000000008004264       0xcc Drivers/BSP/Components/lps22hb/lps22hb.o
                0x0000000008004264                LPS22HB_RegisterBusIO
 .text.LPS22HB_Init
                0x0000000008004330       0x36 Drivers/BSP/Components/lps22hb/lps22hb.o
                0x0000000008004330                LPS22HB_Init
 .text.LPS22HB_DeInit
                0x0000000008004366       0x48 Drivers/BSP/Components/lps22hb/lps22hb.o
                0x0000000008004366                LPS22HB_DeInit
 .text.LPS22HB_ReadID
                0x00000000080043ae       0x2c Drivers/BSP/Components/lps22hb/lps22hb.o
                0x00000000080043ae                LPS22HB_ReadID
 *fill*         0x00000000080043da        0x2 
 .text.LPS22HB_GetCapabilities
                0x00000000080043dc       0x48 Drivers/BSP/Components/lps22hb/lps22hb.o
                0x00000000080043dc                LPS22HB_GetCapabilities
 .text.LPS22HB_PRESS_Enable
                0x0000000008004424       0x48 Drivers/BSP/Components/lps22hb/lps22hb.o
                0x0000000008004424                LPS22HB_PRESS_Enable
 .text.LPS22HB_PRESS_Disable
                0x000000000800446c       0x68 Drivers/BSP/Components/lps22hb/lps22hb.o
                0x000000000800446c                LPS22HB_PRESS_Disable
 .text.LPS22HB_PRESS_GetOutputDataRate
                0x00000000080044d4       0x1c Drivers/BSP/Components/lps22hb/lps22hb.o
                0x00000000080044d4                LPS22HB_PRESS_GetOutputDataRate
 .text.LPS22HB_PRESS_SetOutputDataRate
                0x00000000080044f0       0x38 Drivers/BSP/Components/lps22hb/lps22hb.o
                0x00000000080044f0                LPS22HB_PRESS_SetOutputDataRate
 .text.LPS22HB_PRESS_GetPressure
                0x0000000008004528       0x50 Drivers/BSP/Components/lps22hb/lps22hb.o
                0x0000000008004528                LPS22HB_PRESS_GetPressure
 .text.LPS22HB_TEMP_Enable
                0x0000000008004578       0x48 Drivers/BSP/Components/lps22hb/lps22hb.o
                0x0000000008004578                LPS22HB_TEMP_Enable
 .text.LPS22HB_TEMP_Disable
                0x00000000080045c0       0x68 Drivers/BSP/Components/lps22hb/lps22hb.o
                0x00000000080045c0                LPS22HB_TEMP_Disable
 .text.LPS22HB_TEMP_GetOutputDataRate
                0x0000000008004628       0x1c Drivers/BSP/Components/lps22hb/lps22hb.o
                0x0000000008004628                LPS22HB_TEMP_GetOutputDataRate
 .text.LPS22HB_TEMP_SetOutputDataRate
                0x0000000008004644       0x38 Drivers/BSP/Components/lps22hb/lps22hb.o
                0x0000000008004644                LPS22HB_TEMP_SetOutputDataRate
 .text.LPS22HB_TEMP_GetTemperature
                0x000000000800467c       0x52 Drivers/BSP/Components/lps22hb/lps22hb.o
                0x000000000800467c                LPS22HB_TEMP_GetTemperature
 .text.LPS22HB_Write_Reg
                0x00000000080046ce       0x36 Drivers/BSP/Components/lps22hb/lps22hb.o
                0x00000000080046ce                LPS22HB_Write_Reg
 .text.LPS22HB_GetOutputDataRate
                0x0000000008004704       0xa8 Drivers/BSP/Components/lps22hb/lps22hb.o
 .text.LPS22HB_SetOutputDataRate_When_Enabled
                0x00000000080047ac       0xb0 Drivers/BSP/Components/lps22hb/lps22hb.o
 .text.LPS22HB_SetOutputDataRate_When_Disabled
                0x000000000800485c       0x80 Drivers/BSP/Components/lps22hb/lps22hb.o
 .text.LPS22HB_Initialize
                0x00000000080048dc       0xb2 Drivers/BSP/Components/lps22hb/lps22hb.o
 .text.ReadRegWrap
                0x000000000800498e       0x86 Drivers/BSP/Components/lps22hb/lps22hb.o
 .text.WriteRegWrap
                0x0000000008004a14       0x86 Drivers/BSP/Components/lps22hb/lps22hb.o
 .text.lps22hb_read_reg
                0x0000000008004a9a       0x30 Drivers/BSP/Components/lps22hb/lps22hb_reg.o
                0x0000000008004a9a                lps22hb_read_reg
 .text.lps22hb_write_reg
                0x0000000008004aca       0x30 Drivers/BSP/Components/lps22hb/lps22hb_reg.o
                0x0000000008004aca                lps22hb_write_reg
 *fill*         0x0000000008004afa        0x2 
 .text.lps22hb_from_lsb_to_hpa
                0x0000000008004afc       0x30 Drivers/BSP/Components/lps22hb/lps22hb_reg.o
                0x0000000008004afc                lps22hb_from_lsb_to_hpa
 .text.lps22hb_from_lsb_to_degc
                0x0000000008004b2c       0x34 Drivers/BSP/Components/lps22hb/lps22hb_reg.o
                0x0000000008004b2c                lps22hb_from_lsb_to_degc
 .text.lps22hb_block_data_update_set
                0x0000000008004b60       0x4c Drivers/BSP/Components/lps22hb/lps22hb_reg.o
                0x0000000008004b60                lps22hb_block_data_update_set
 .text.lps22hb_low_pass_filter_mode_set
                0x0000000008004bac       0x4c Drivers/BSP/Components/lps22hb/lps22hb_reg.o
                0x0000000008004bac                lps22hb_low_pass_filter_mode_set
 .text.lps22hb_data_rate_set
                0x0000000008004bf8       0x4c Drivers/BSP/Components/lps22hb/lps22hb_reg.o
                0x0000000008004bf8                lps22hb_data_rate_set
 .text.lps22hb_data_rate_get
                0x0000000008004c44       0x88 Drivers/BSP/Components/lps22hb/lps22hb_reg.o
                0x0000000008004c44                lps22hb_data_rate_get
 .text.lps22hb_pressure_raw_get
                0x0000000008004ccc       0x22 Drivers/BSP/Components/lps22hb/lps22hb_reg.o
                0x0000000008004ccc                lps22hb_pressure_raw_get
 .text.lps22hb_temperature_raw_get
                0x0000000008004cee       0x22 Drivers/BSP/Components/lps22hb/lps22hb_reg.o
                0x0000000008004cee                lps22hb_temperature_raw_get
 .text.lps22hb_device_id_get
                0x0000000008004d10       0x22 Drivers/BSP/Components/lps22hb/lps22hb_reg.o
                0x0000000008004d10                lps22hb_device_id_get
 .text.lps22hb_low_power_set
                0x0000000008004d32       0x4c Drivers/BSP/Components/lps22hb/lps22hb_reg.o
                0x0000000008004d32                lps22hb_low_power_set
 .text.lps22hb_auto_add_inc_set
                0x0000000008004d7e       0x4c Drivers/BSP/Components/lps22hb/lps22hb_reg.o
                0x0000000008004d7e                lps22hb_auto_add_inc_set
 *fill*         0x0000000008004dca        0x2 
 .text.IKS01A2_ENV_SENSOR_Init
                0x0000000008004dcc      0x180 Drivers/BSP/IKS01A2/iks01a2_env_sensors.o
                0x0000000008004dcc                IKS01A2_ENV_SENSOR_Init
 .text.IKS01A2_ENV_SENSOR_GetValue
                0x0000000008004f4c       0x88 Drivers/BSP/IKS01A2/iks01a2_env_sensors.o
                0x0000000008004f4c                IKS01A2_ENV_SENSOR_GetValue
 .text.HTS221_0_Probe
                0x0000000008004fd4      0x174 Drivers/BSP/IKS01A2/iks01a2_env_sensors.o
 .text.LPS22HB_0_Probe
                0x0000000008005148      0x178 Drivers/BSP/IKS01A2/iks01a2_env_sensors.o
 .text.HAL_Init
                0x00000000080052c0       0x44 Drivers/STM32F4xx_HAL_Driver/Src/stm32f4xx_hal.o
                0x00000000080052c0                HAL_Init
 .text.HAL_InitTick
                0x0000000008005304       0x60 Drivers/STM32F4xx_HAL_Driver/Src/stm32f4xx_hal.o
                0x0000000008005304                HAL_InitTick
 .text.HAL_IncTick
                0x0000000008005364       0x28 Drivers/STM32F4xx_HAL_Driver/Src/stm32f4xx_hal.o
                0x0000000008005364                HAL_IncTick
 .text.HAL_GetTick
                0x000000000800538c       0x18 Drivers/STM32F4xx_HAL_Driver/Src/stm32f4xx_hal.o
                0x000000000800538c                HAL_GetTick
 .text.HAL_Delay
                0x00000000080053a4       0x44 Drivers/STM32F4xx_HAL_Driver/Src/stm32f4xx_hal.o
                0x00000000080053a4                HAL_Delay
 .text.HAL_ADC_Init
                0x00000000080053e8       0x86 Drivers/STM32F4xx_HAL_Driver/Src/stm32f4xx_hal_adc.o
                0x00000000080053e8                HAL_ADC_Init
 *fill*         0x000000000800546e        0x2 
 .text.HAL_ADC_Start_DMA
                0x0000000008005470      0x1a8 Drivers/STM32F4xx_HAL_Driver/Src/stm32f4xx_hal_adc.o
                0x0000000008005470                HAL_ADC_Start_DMA
 .text.HAL_ADC_ConvCpltCallback
                0x0000000008005618       0x14 Drivers/STM32F4xx_HAL_Driver/Src/stm32f4xx_hal_adc.o
                0x0000000008005618                HAL_ADC_ConvCpltCallback
 .text.HAL_ADC_ConvHalfCpltCallback
                0x000000000800562c       0x14 Drivers/STM32F4xx_HAL_Driver/Src/stm32f4xx_hal_adc.o
                0x000000000800562c                HAL_ADC_ConvHalfCpltCallback
 .text.HAL_ADC_ErrorCallback
                0x0000000008005640       0x14 Drivers/STM32F4xx_HAL_Driver/Src/stm32f4xx_hal_adc.o
                0x0000000008005640                HAL_ADC_ErrorCallback
 .text.HAL_ADC_ConfigChannel
                0x0000000008005654      0x244 Drivers/STM32F4xx_HAL_Driver/Src/stm32f4xx_hal_adc.o
                0x0000000008005654                HAL_ADC_ConfigChannel
 .text.ADC_Init
                0x0000000008005898      0x1f8 Drivers/STM32F4xx_HAL_Driver/Src/stm32f4xx_hal_adc.o
 .text.ADC_DMAConvCplt
                0x0000000008005a90       0xba Drivers/STM32F4xx_HAL_Driver/Src/stm32f4xx_hal_adc.o
 .text.ADC_DMAHalfConvCplt
                0x0000000008005b4a       0x1c Drivers/STM32F4xx_HAL_Driver/Src/stm32f4xx_hal_adc.o
 .text.ADC_DMAError
                0x0000000008005b66       0x2e Drivers/STM32F4xx_HAL_Driver/Src/stm32f4xx_hal_adc.o
 .text.__NVIC_SetPriorityGrouping
                0x0000000008005b94       0x48 Drivers/STM32F4xx_HAL_Driver/Src/stm32f4xx_hal_cortex.o
 .text.__NVIC_GetPriorityGrouping
                0x0000000008005bdc       0x1c Drivers/STM32F4xx_HAL_Driver/Src/stm32f4xx_hal_cortex.o
 .text.__NVIC_EnableIRQ
                0x0000000008005bf8       0x3c Drivers/STM32F4xx_HAL_Driver/Src/stm32f4xx_hal_cortex.o
 .text.__NVIC_SetPriority
                0x0000000008005c34       0x54 Drivers/STM32F4xx_HAL_Driver/Src/stm32f4xx_hal_cortex.o
 .text.NVIC_EncodePriority
                0x0000000008005c88       0x66 Drivers/STM32F4xx_HAL_Driver/Src/stm32f4xx_hal_cortex.o
 *fill*         0x0000000008005cee        0x2 
 .text.SysTick_Config
                0x0000000008005cf0       0x44 Drivers/STM32F4xx_HAL_Driver/Src/stm32f4xx_hal_cortex.o
 .text.HAL_NVIC_SetPriorityGrouping
                0x0000000008005d34       0x16 Drivers/STM32F4xx_HAL_Driver/Src/stm32f4xx_hal_cortex.o
                0x0000000008005d34                HAL_NVIC_SetPriorityGrouping
 .text.HAL_NVIC_SetPriority
                0x0000000008005d4a       0x38 Drivers/STM32F4xx_HAL_Driver/Src/stm32f4xx_hal_cortex.o
                0x0000000008005d4a                HAL_NVIC_SetPriority
 .text.HAL_NVIC_EnableIRQ
                0x0000000008005d82       0x1c Drivers/STM32F4xx_HAL_Driver/Src/stm32f4xx_hal_cortex.o
                0x0000000008005d82                HAL_NVIC_EnableIRQ
 .text.HAL_SYSTICK_Config
                0x0000000008005d9e       0x18 Drivers/STM32F4xx_HAL_Driver/Src/stm32f4xx_hal_cortex.o
                0x0000000008005d9e                HAL_SYSTICK_Config
 *fill*         0x0000000008005db6        0x2 
 .text.HAL_DMA_Init
                0x0000000008005db8      0x15c Drivers/STM32F4xx_HAL_Driver/Src/stm32f4xx_hal_dma.o
                0x0000000008005db8                HAL_DMA_Init
 .text.HAL_DMA_Start_IT
                0x0000000008005f14       0xb0 Drivers/STM32F4xx_HAL_Driver/Src/stm32f4xx_hal_dma.o
                0x0000000008005f14                HAL_DMA_Start_IT
 .text.HAL_DMA_IRQHandler
                0x0000000008005fc4      0x314 Drivers/STM32F4xx_HAL_Driver/Src/stm32f4xx_hal_dma.o
                0x0000000008005fc4                HAL_DMA_IRQHandler
 .text.DMA_SetConfig
                0x00000000080062d8       0x5c Drivers/STM32F4xx_HAL_Driver/Src/stm32f4xx_hal_dma.o
 .text.DMA_CalcBaseAndBitshift
                0x0000000008006334       0x6c Drivers/STM32F4xx_HAL_Driver/Src/stm32f4xx_hal_dma.o
 .text.DMA_CheckFifoParam
                0x00000000080063a0       0xf4 Drivers/STM32F4xx_HAL_Driver/Src/stm32f4xx_hal_dma.o
 .text.HAL_FLASH_Program
                0x0000000008006494       0xa8 Drivers/STM32F4xx_HAL_Driver/Src/stm32f4xx_hal_flash.o
                0x0000000008006494                HAL_FLASH_Program
 .text.HAL_FLASH_Unlock
                0x000000000800653c       0x44 Drivers/STM32F4xx_HAL_Driver/Src/stm32f4xx_hal_flash.o
                0x000000000800653c                HAL_FLASH_Unlock
 .text.FLASH_WaitForLastOperation
                0x0000000008006580       0x80 Drivers/STM32F4xx_HAL_Driver/Src/stm32f4xx_hal_flash.o
                0x0000000008006580                FLASH_WaitForLastOperation
 .text.FLASH_Program_DoubleWord
                0x0000000008006600       0x60 Drivers/STM32F4xx_HAL_Driver/Src/stm32f4xx_hal_flash.o
 .text.FLASH_Program_Word
                0x0000000008006660       0x44 Drivers/STM32F4xx_HAL_Driver/Src/stm32f4xx_hal_flash.o
 .text.FLASH_Program_HalfWord
                0x00000000080066a4       0x48 Drivers/STM32F4xx_HAL_Driver/Src/stm32f4xx_hal_flash.o
 .text.FLASH_Program_Byte
                0x00000000080066ec       0x44 Drivers/STM32F4xx_HAL_Driver/Src/stm32f4xx_hal_flash.o
 .text.FLASH_SetErrorCode
                0x0000000008006730       0xcc Drivers/STM32F4xx_HAL_Driver/Src/stm32f4xx_hal_flash.o
 .text.HAL_FLASHEx_Erase
                0x00000000080067fc       0xe0 Drivers/STM32F4xx_HAL_Driver/Src/stm32f4xx_hal_flash_ex.o
                0x00000000080067fc                HAL_FLASHEx_Erase
 .text.FLASH_MassErase
                0x00000000080068dc       0x48 Drivers/STM32F4xx_HAL_Driver/Src/stm32f4xx_hal_flash_ex.o
 .text.FLASH_Erase_Sector
                0x0000000008006924       0x90 Drivers/STM32F4xx_HAL_Driver/Src/stm32f4xx_hal_flash_ex.o
                0x0000000008006924                FLASH_Erase_Sector
 .text.FLASH_FlushCaches
                0x00000000080069b4       0x8c Drivers/STM32F4xx_HAL_Driver/Src/stm32f4xx_hal_flash_ex.o
                0x00000000080069b4                FLASH_FlushCaches
 .text.HAL_GPIO_Init
                0x0000000008006a40      0x304 Drivers/STM32F4xx_HAL_Driver/Src/stm32f4xx_hal_gpio.o
                0x0000000008006a40                HAL_GPIO_Init
 .text.HAL_GPIO_DeInit
                0x0000000008006d44      0x1c4 Drivers/STM32F4xx_HAL_Driver/Src/stm32f4xx_hal_gpio.o
                0x0000000008006d44                HAL_GPIO_DeInit
 .text.HAL_GPIO_ReadPin
                0x0000000008006f08       0x30 Drivers/STM32F4xx_HAL_Driver/Src/stm32f4xx_hal_gpio.o
                0x0000000008006f08                HAL_GPIO_ReadPin
 .text.HAL_GPIO_WritePin
                0x0000000008006f38       0x32 Drivers/STM32F4xx_HAL_Driver/Src/stm32f4xx_hal_gpio.o
                0x0000000008006f38                HAL_GPIO_WritePin
 *fill*         0x0000000008006f6a        0x2 
 .text.HAL_I2C_Init
                0x0000000008006f6c      0x270 Drivers/STM32F4xx_HAL_Driver/Src/stm32f4xx_hal_i2c.o
                0x0000000008006f6c                HAL_I2C_Init
 .text.HAL_I2C_DeInit
                0x00000000080071dc       0x5e Drivers/STM32F4xx_HAL_Driver/Src/stm32f4xx_hal_i2c.o
                0x00000000080071dc                HAL_I2C_DeInit
 *fill*         0x000000000800723a        0x2 
 .text.HAL_I2C_Master_Transmit
                0x000000000800723c      0x1fc Drivers/STM32F4xx_HAL_Driver/Src/stm32f4xx_hal_i2c.o
                0x000000000800723c                HAL_I2C_Master_Transmit
 .text.HAL_I2C_Mem_Write
                0x0000000008007438      0x1f4 Drivers/STM32F4xx_HAL_Driver/Src/stm32f4xx_hal_i2c.o
                0x0000000008007438                HAL_I2C_Mem_Write
 .text.HAL_I2C_Mem_Read
                0x000000000800762c      0x44c Drivers/STM32F4xx_HAL_Driver/Src/stm32f4xx_hal_i2c.o
                0x000000000800762c                HAL_I2C_Mem_Read
 .text.HAL_I2C_GetState
                0x0000000008007a78       0x1c Drivers/STM32F4xx_HAL_Driver/Src/stm32f4xx_hal_i2c.o
                0x0000000008007a78                HAL_I2C_GetState
 .text.HAL_I2C_GetError
                0x0000000008007a94       0x18 Drivers/STM32F4xx_HAL_Driver/Src/stm32f4xx_hal_i2c.o
                0x0000000008007a94                HAL_I2C_GetError
 .text.I2C_MasterRequestWrite
                0x0000000008007aac      0x104 Drivers/STM32F4xx_HAL_Driver/Src/stm32f4xx_hal_i2c.o
 .text.I2C_RequestMemoryWrite
                0x0000000008007bb0      0x12c Drivers/STM32F4xx_HAL_Driver/Src/stm32f4xx_hal_i2c.o
 .text.I2C_RequestMemoryRead
                0x0000000008007cdc      0x1d0 Drivers/STM32F4xx_HAL_Driver/Src/stm32f4xx_hal_i2c.o
 .text.I2C_WaitOnFlagUntilTimeout
                0x0000000008007eac       0xae Drivers/STM32F4xx_HAL_Driver/Src/stm32f4xx_hal_i2c.o
 .text.I2C_WaitOnMasterAddressFlagUntilTimeout
                0x0000000008007f5a       0xfe Drivers/STM32F4xx_HAL_Driver/Src/stm32f4xx_hal_i2c.o
 .text.I2C_WaitOnTXEFlagUntilTimeout
                0x0000000008008058       0x82 Drivers/STM32F4xx_HAL_Driver/Src/stm32f4xx_hal_i2c.o
 .text.I2C_WaitOnBTFFlagUntilTimeout
                0x00000000080080da       0x82 Drivers/STM32F4xx_HAL_Driver/Src/stm32f4xx_hal_i2c.o
 .text.I2C_WaitOnRXNEFlagUntilTimeout
                0x000000000800815c       0xac Drivers/STM32F4xx_HAL_Driver/Src/stm32f4xx_hal_i2c.o
 .text.I2C_IsAcknowledgeFailed
                0x0000000008008208       0x5e Drivers/STM32F4xx_HAL_Driver/Src/stm32f4xx_hal_i2c.o
 *fill*         0x0000000008008266        0x2 
 .text.HAL_RCC_OscConfig
                0x0000000008008268      0x4e0 Drivers/STM32F4xx_HAL_Driver/Src/stm32f4xx_hal_rcc.o
                0x0000000008008268                HAL_RCC_OscConfig
 .text.HAL_RCC_ClockConfig
                0x0000000008008748      0x1cc Drivers/STM32F4xx_HAL_Driver/Src/stm32f4xx_hal_rcc.o
                0x0000000008008748                HAL_RCC_ClockConfig
 .text.HAL_RCC_GetSysClockFreq
                0x0000000008008914      0x1b0 Drivers/STM32F4xx_HAL_Driver/Src/stm32f4xx_hal_rcc.o
                0x0000000008008914                HAL_RCC_GetSysClockFreq
 .text.HAL_RCC_GetHCLKFreq
                0x0000000008008ac4       0x18 Drivers/STM32F4xx_HAL_Driver/Src/stm32f4xx_hal_rcc.o
                0x0000000008008ac4                HAL_RCC_GetHCLKFreq
 .text.HAL_RCC_GetPCLK1Freq
                0x0000000008008adc       0x28 Drivers/STM32F4xx_HAL_Driver/Src/stm32f4xx_hal_rcc.o
                0x0000000008008adc                HAL_RCC_GetPCLK1Freq
 .text.HAL_RCC_GetPCLK2Freq
                0x0000000008008b04       0x28 Drivers/STM32F4xx_HAL_Driver/Src/stm32f4xx_hal_rcc.o
                0x0000000008008b04                HAL_RCC_GetPCLK2Freq
 .text.HAL_TIM_Base_Init
                0x0000000008008b2c       0x56 Drivers/STM32F4xx_HAL_Driver/Src/stm32f4xx_hal_tim.o
                0x0000000008008b2c                HAL_TIM_Base_Init
 .text.HAL_TIM_Base_Start_IT
                0x0000000008008b82       0x48 Drivers/STM32F4xx_HAL_Driver/Src/stm32f4xx_hal_tim.o
                0x0000000008008b82                HAL_TIM_Base_Start_IT
 .text.HAL_TIM_PWM_Init
                0x0000000008008bca       0x56 Drivers/STM32F4xx_HAL_Driver/Src/stm32f4xx_hal_tim.o
                0x0000000008008bca                HAL_TIM_PWM_Init
 .text.HAL_TIM_PWM_MspInit
                0x0000000008008c20       0x14 Drivers/STM32F4xx_HAL_Driver/Src/stm32f4xx_hal_tim.o
                0x0000000008008c20                HAL_TIM_PWM_MspInit
 .text.HAL_TIM_PWM_Start
                0x0000000008008c34       0x64 Drivers/STM32F4xx_HAL_Driver/Src/stm32f4xx_hal_tim.o
                0x0000000008008c34                HAL_TIM_PWM_Start
 .text.HAL_TIM_PWM_Stop
                0x0000000008008c98       0x98 Drivers/STM32F4xx_HAL_Driver/Src/stm32f4xx_hal_tim.o
                0x0000000008008c98                HAL_TIM_PWM_Stop
 .text.HAL_TIM_IRQHandler
                0x0000000008008d30      0x210 Drivers/STM32F4xx_HAL_Driver/Src/stm32f4xx_hal_tim.o
                0x0000000008008d30                HAL_TIM_IRQHandler
 .text.HAL_TIM_PWM_ConfigChannel
                0x0000000008008f40      0x18c Drivers/STM32F4xx_HAL_Driver/Src/stm32f4xx_hal_tim.o
                0x0000000008008f40                HAL_TIM_PWM_ConfigChannel
 .text.HAL_TIM_ConfigClockSource
                0x00000000080090cc      0x16e Drivers/STM32F4xx_HAL_Driver/Src/stm32f4xx_hal_tim.o
                0x00000000080090cc                HAL_TIM_ConfigClockSource
 .text.HAL_TIM_OC_DelayElapsedCallback
                0x000000000800923a       0x14 Drivers/STM32F4xx_HAL_Driver/Src/stm32f4xx_hal_tim.o
                0x000000000800923a                HAL_TIM_OC_DelayElapsedCallback
 .text.HAL_TIM_IC_CaptureCallback
                0x000000000800924e       0x14 Drivers/STM32F4xx_HAL_Driver/Src/stm32f4xx_hal_tim.o
                0x000000000800924e                HAL_TIM_IC_CaptureCallback
 .text.HAL_TIM_PWM_PulseFinishedCallback
                0x0000000008009262       0x14 Drivers/STM32F4xx_HAL_Driver/Src/stm32f4xx_hal_tim.o
                0x0000000008009262                HAL_TIM_PWM_PulseFinishedCallback
 .text.HAL_TIM_TriggerCallback
                0x0000000008009276       0x14 Drivers/STM32F4xx_HAL_Driver/Src/stm32f4xx_hal_tim.o
                0x0000000008009276                HAL_TIM_TriggerCallback
 *fill*         0x000000000800928a        0x2 
 .text.TIM_Base_SetConfig
                0x000000000800928c      0x100 Drivers/STM32F4xx_HAL_Driver/Src/stm32f4xx_hal_tim.o
                0x000000000800928c                TIM_Base_SetConfig
 .text.TIM_OC1_SetConfig
                0x000000000800938c       0xcc Drivers/STM32F4xx_HAL_Driver/Src/stm32f4xx_hal_tim.o
 .text.TIM_OC2_SetConfig
                0x0000000008009458       0xd8 Drivers/STM32F4xx_HAL_Driver/Src/stm32f4xx_hal_tim.o
                0x0000000008009458                TIM_OC2_SetConfig
 .text.TIM_OC3_SetConfig
                0x0000000008009530       0xd4 Drivers/STM32F4xx_HAL_Driver/Src/stm32f4xx_hal_tim.o
 .text.TIM_OC4_SetConfig
                0x0000000008009604       0xa0 Drivers/STM32F4xx_HAL_Driver/Src/stm32f4xx_hal_tim.o
 .text.TIM_TI1_ConfigInputStage
                0x00000000080096a4       0x5e Drivers/STM32F4xx_HAL_Driver/Src/stm32f4xx_hal_tim.o
 .text.TIM_TI2_ConfigInputStage
                0x0000000008009702       0x60 Drivers/STM32F4xx_HAL_Driver/Src/stm32f4xx_hal_tim.o
 .text.TIM_ITRx_SetConfig
                0x0000000008009762       0x36 Drivers/STM32F4xx_HAL_Driver/Src/stm32f4xx_hal_tim.o
 .text.TIM_ETR_SetConfig
                0x0000000008009798       0x40 Drivers/STM32F4xx_HAL_Driver/Src/stm32f4xx_hal_tim.o
                0x0000000008009798                TIM_ETR_SetConfig
 .text.TIM_CCxChannelCmd
                0x00000000080097d8       0x4a Drivers/STM32F4xx_HAL_Driver/Src/stm32f4xx_hal_tim.o
                0x00000000080097d8                TIM_CCxChannelCmd
 *fill*         0x0000000008009822        0x2 
 .text.HAL_TIMEx_MasterConfigSynchronization
                0x0000000008009824       0xdc Drivers/STM32F4xx_HAL_Driver/Src/stm32f4xx_hal_tim_ex.o
                0x0000000008009824                HAL_TIMEx_MasterConfigSynchronization
 .text.HAL_TIMEx_CommutCallback
                0x0000000008009900       0x14 Drivers/STM32F4xx_HAL_Driver/Src/stm32f4xx_hal_tim_ex.o
                0x0000000008009900                HAL_TIMEx_CommutCallback
 .text.HAL_TIMEx_BreakCallback
                0x0000000008009914       0x14 Drivers/STM32F4xx_HAL_Driver/Src/stm32f4xx_hal_tim_ex.o
                0x0000000008009914                HAL_TIMEx_BreakCallback
 .text.HAL_UART_Init
                0x0000000008009928       0x9a Drivers/STM32F4xx_HAL_Driver/Src/stm32f4xx_hal_uart.o
                0x0000000008009928                HAL_UART_Init
 .text.HAL_UART_Transmit
                0x00000000080099c2      0x132 Drivers/STM32F4xx_HAL_Driver/Src/stm32f4xx_hal_uart.o
                0x00000000080099c2                HAL_UART_Transmit
 .text.UART_WaitOnFlagUntilTimeout
                0x0000000008009af4       0x94 Drivers/STM32F4xx_HAL_Driver/Src/stm32f4xx_hal_uart.o
 .text.UART_SetConfig
                0x0000000008009b88      0x6f8 Drivers/STM32F4xx_HAL_Driver/Src/stm32f4xx_hal_uart.o
 .text.gcvt     0x000000000800a280       0x58 c:/st/stm32cubeide_1.4.0/stm32cubeide/plugins/com.st.stm32cube.ide.mcu.externaltools.gnu-tools-for-stm32.7-2018-q2-update.win32_1.5.0.202011040924/tools/bin/../lib/gcc/arm-none-eabi/7.3.1/../../../../arm-none-eabi/lib/thumb/v7e-m/fpv4-sp/hard\libc_nano.a(lib_a-efgcvt.o)
                0x000000000800a280                gcvt
 .text.__errno  0x000000000800a2d8        0xc c:/st/stm32cubeide_1.4.0/stm32cubeide/plugins/com.st.stm32cube.ide.mcu.externaltools.gnu-tools-for-stm32.7-2018-q2-update.win32_1.5.0.202011040924/tools/bin/../lib/gcc/arm-none-eabi/7.3.1/../../../../arm-none-eabi/lib/thumb/v7e-m/fpv4-sp/hard\libc_nano.a(lib_a-errno.o)
                0x000000000800a2d8                __errno
 .text.__libc_init_array
                0x000000000800a2e4       0x48 c:/st/stm32cubeide_1.4.0/stm32cubeide/plugins/com.st.stm32cube.ide.mcu.externaltools.gnu-tools-for-stm32.7-2018-q2-update.win32_1.5.0.202011040924/tools/bin/../lib/gcc/arm-none-eabi/7.3.1/../../../../arm-none-eabi/lib/thumb/v7e-m/fpv4-sp/hard\libc_nano.a(lib_a-init.o)
                0x000000000800a2e4                __libc_init_array
 .text.memset   0x000000000800a32c       0x10 c:/st/stm32cubeide_1.4.0/stm32cubeide/plugins/com.st.stm32cube.ide.mcu.externaltools.gnu-tools-for-stm32.7-2018-q2-update.win32_1.5.0.202011040924/tools/bin/../lib/gcc/arm-none-eabi/7.3.1/../../../../arm-none-eabi/lib/thumb/v7e-m/fpv4-sp/hard\libc_nano.a(lib_a-memset.o)
                0x000000000800a32c                memset
 .text.__cvt    0x000000000800a33c       0xc2 c:/st/stm32cubeide_1.4.0/stm32cubeide/plugins/com.st.stm32cube.ide.mcu.externaltools.gnu-tools-for-stm32.7-2018-q2-update.win32_1.5.0.202011040924/tools/bin/../lib/gcc/arm-none-eabi/7.3.1/../../../../arm-none-eabi/lib/thumb/v7e-m/fpv4-sp/hard\libc_nano.a(lib_a-nano-vfprintf_float.o)
                0x000000000800a33c                __cvt
 .text.__exponent
                0x000000000800a3fe       0x66 c:/st/stm32cubeide_1.4.0/stm32cubeide/plugins/com.st.stm32cube.ide.mcu.externaltools.gnu-tools-for-stm32.7-2018-q2-update.win32_1.5.0.202011040924/tools/bin/../lib/gcc/arm-none-eabi/7.3.1/../../../../arm-none-eabi/lib/thumb/v7e-m/fpv4-sp/hard\libc_nano.a(lib_a-nano-vfprintf_float.o)
                0x000000000800a3fe                __exponent
 .text._printf_float
                0x000000000800a464      0x480 c:/st/stm32cubeide_1.4.0/stm32cubeide/plugins/com.st.stm32cube.ide.mcu.externaltools.gnu-tools-for-stm32.7-2018-q2-update.win32_1.5.0.202011040924/tools/bin/../lib/gcc/arm-none-eabi/7.3.1/../../../../arm-none-eabi/lib/thumb/v7e-m/fpv4-sp/hard\libc_nano.a(lib_a-nano-vfprintf_float.o)
                0x000000000800a464                _printf_float
 .text._printf_common
                0x000000000800a8e4       0xea c:/st/stm32cubeide_1.4.0/stm32cubeide/plugins/com.st.stm32cube.ide.mcu.externaltools.gnu-tools-for-stm32.7-2018-q2-update.win32_1.5.0.202011040924/tools/bin/../lib/gcc/arm-none-eabi/7.3.1/../../../../arm-none-eabi/lib/thumb/v7e-m/fpv4-sp/hard\libc_nano.a(lib_a-nano-vfprintf_i.o)
                0x000000000800a8e4                _printf_common
 *fill*         0x000000000800a9ce        0x2 
 .text._printf_i
                0x000000000800a9d0      0x224 c:/st/stm32cubeide_1.4.0/stm32cubeide/plugins/com.st.stm32cube.ide.mcu.externaltools.gnu-tools-for-stm32.7-2018-q2-update.win32_1.5.0.202011040924/tools/bin/../lib/gcc/arm-none-eabi/7.3.1/../../../../arm-none-eabi/lib/thumb/v7e-m/fpv4-sp/hard\libc_nano.a(lib_a-nano-vfprintf_i.o)
                0x000000000800a9d0                _printf_i
 .text.sprintf  0x000000000800abf4       0x40 c:/st/stm32cubeide_1.4.0/stm32cubeide/plugins/com.st.stm32cube.ide.mcu.externaltools.gnu-tools-for-stm32.7-2018-q2-update.win32_1.5.0.202011040924/tools/bin/../lib/gcc/arm-none-eabi/7.3.1/../../../../arm-none-eabi/lib/thumb/v7e-m/fpv4-sp/hard\libc_nano.a(lib_a-sprintf.o)
                0x000000000800abf4                siprintf
                0x000000000800abf4                sprintf
 .text.strncat  0x000000000800ac34       0x28 c:/st/stm32cubeide_1.4.0/stm32cubeide/plugins/com.st.stm32cube.ide.mcu.externaltools.gnu-tools-for-stm32.7-2018-q2-update.win32_1.5.0.202011040924/tools/bin/../lib/gcc/arm-none-eabi/7.3.1/../../../../arm-none-eabi/lib/thumb/v7e-m/fpv4-sp/hard\libc_nano.a(lib_a-strncat.o)
                0x000000000800ac34                strncat
 .text.quorem   0x000000000800ac5c      0x118 c:/st/stm32cubeide_1.4.0/stm32cubeide/plugins/com.st.stm32cube.ide.mcu.externaltools.gnu-tools-for-stm32.7-2018-q2-update.win32_1.5.0.202011040924/tools/bin/../lib/gcc/arm-none-eabi/7.3.1/../../../../arm-none-eabi/lib/thumb/v7e-m/fpv4-sp/hard\libc_nano.a(lib_a-dtoa.o)
 *fill*         0x000000000800ad74        0x4 
 .text._dtoa_r  0x000000000800ad78      0xb70 c:/st/stm32cubeide_1.4.0/stm32cubeide/plugins/com.st.stm32cube.ide.mcu.externaltools.gnu-tools-for-stm32.7-2018-q2-update.win32_1.5.0.202011040924/tools/bin/../lib/gcc/arm-none-eabi/7.3.1/../../../../arm-none-eabi/lib/thumb/v7e-m/fpv4-sp/hard\libc_nano.a(lib_a-dtoa.o)
                0x000000000800ad78                _dtoa_r
 .text.print_e  0x000000000800b8e8       0xe8 c:/st/stm32cubeide_1.4.0/stm32cubeide/plugins/com.st.stm32cube.ide.mcu.externaltools.gnu-tools-for-stm32.7-2018-q2-update.win32_1.5.0.202011040924/tools/bin/../lib/gcc/arm-none-eabi/7.3.1/../../../../arm-none-eabi/lib/thumb/v7e-m/fpv4-sp/hard\libc_nano.a(lib_a-ecvtbuf.o)
 .text._gcvt    0x000000000800b9d0      0x194 c:/st/stm32cubeide_1.4.0/stm32cubeide/plugins/com.st.stm32cube.ide.mcu.externaltools.gnu-tools-for-stm32.7-2018-q2-update.win32_1.5.0.202011040924/tools/bin/../lib/gcc/arm-none-eabi/7.3.1/../../../../arm-none-eabi/lib/thumb/v7e-m/fpv4-sp/hard\libc_nano.a(lib_a-ecvtbuf.o)
                0x000000000800b9d0                _gcvt
 .text._localeconv_r
                0x000000000800bb64       0x1c c:/st/stm32cubeide_1.4.0/stm32cubeide/plugins/com.st.stm32cube.ide.mcu.externaltools.gnu-tools-for-stm32.7-2018-q2-update.win32_1.5.0.202011040924/tools/bin/../lib/gcc/arm-none-eabi/7.3.1/../../../../arm-none-eabi/lib/thumb/v7e-m/fpv4-sp/hard\libc_nano.a(lib_a-localeconv.o)
                0x000000000800bb64                _localeconv_r
 .text.malloc   0x000000000800bb80       0x10 c:/st/stm32cubeide_1.4.0/stm32cubeide/plugins/com.st.stm32cube.ide.mcu.externaltools.gnu-tools-for-stm32.7-2018-q2-update.win32_1.5.0.202011040924/tools/bin/../lib/gcc/arm-none-eabi/7.3.1/../../../../arm-none-eabi/lib/thumb/v7e-m/fpv4-sp/hard\libc_nano.a(lib_a-malloc.o)
                0x000000000800bb80                malloc
 .text.memcpy   0x000000000800bb90       0x16 c:/st/stm32cubeide_1.4.0/stm32cubeide/plugins/com.st.stm32cube.ide.mcu.externaltools.gnu-tools-for-stm32.7-2018-q2-update.win32_1.5.0.202011040924/tools/bin/../lib/gcc/arm-none-eabi/7.3.1/../../../../arm-none-eabi/lib/thumb/v7e-m/fpv4-sp/hard\libc_nano.a(lib_a-memcpy-stub.o)
                0x000000000800bb90                memcpy
 .text._Balloc  0x000000000800bba6       0x68 c:/st/stm32cubeide_1.4.0/stm32cubeide/plugins/com.st.stm32cube.ide.mcu.externaltools.gnu-tools-for-stm32.7-2018-q2-update.win32_1.5.0.202011040924/tools/bin/../lib/gcc/arm-none-eabi/7.3.1/../../../../arm-none-eabi/lib/thumb/v7e-m/fpv4-sp/hard\libc_nano.a(lib_a-mprec.o)
                0x000000000800bba6                _Balloc
 .text._Bfree   0x000000000800bc0e       0x2e c:/st/stm32cubeide_1.4.0/stm32cubeide/plugins/com.st.stm32cube.ide.mcu.externaltools.gnu-tools-for-stm32.7-2018-q2-update.win32_1.5.0.202011040924/tools/bin/../lib/gcc/arm-none-eabi/7.3.1/../../../../arm-none-eabi/lib/thumb/v7e-m/fpv4-sp/hard\libc_nano.a(lib_a-mprec.o)
                0x000000000800bc0e                _Bfree
 .text.__multadd
                0x000000000800bc3c       0x76 c:/st/stm32cubeide_1.4.0/stm32cubeide/plugins/com.st.stm32cube.ide.mcu.externaltools.gnu-tools-for-stm32.7-2018-q2-update.win32_1.5.0.202011040924/tools/bin/../lib/gcc/arm-none-eabi/7.3.1/../../../../arm-none-eabi/lib/thumb/v7e-m/fpv4-sp/hard\libc_nano.a(lib_a-mprec.o)
                0x000000000800bc3c                __multadd
 .text.__hi0bits
                0x000000000800bcb2       0x3e c:/st/stm32cubeide_1.4.0/stm32cubeide/plugins/com.st.stm32cube.ide.mcu.externaltools.gnu-tools-for-stm32.7-2018-q2-update.win32_1.5.0.202011040924/tools/bin/../lib/gcc/arm-none-eabi/7.3.1/../../../../arm-none-eabi/lib/thumb/v7e-m/fpv4-sp/hard\libc_nano.a(lib_a-mprec.o)
                0x000000000800bcb2                __hi0bits
 .text.__lo0bits
                0x000000000800bcf0       0x5e c:/st/stm32cubeide_1.4.0/stm32cubeide/plugins/com.st.stm32cube.ide.mcu.externaltools.gnu-tools-for-stm32.7-2018-q2-update.win32_1.5.0.202011040924/tools/bin/../lib/gcc/arm-none-eabi/7.3.1/../../../../arm-none-eabi/lib/thumb/v7e-m/fpv4-sp/hard\libc_nano.a(lib_a-mprec.o)
                0x000000000800bcf0                __lo0bits
 .text.__i2b    0x000000000800bd4e       0x12 c:/st/stm32cubeide_1.4.0/stm32cubeide/plugins/com.st.stm32cube.ide.mcu.externaltools.gnu-tools-for-stm32.7-2018-q2-update.win32_1.5.0.202011040924/tools/bin/../lib/gcc/arm-none-eabi/7.3.1/../../../../arm-none-eabi/lib/thumb/v7e-m/fpv4-sp/hard\libc_nano.a(lib_a-mprec.o)
                0x000000000800bd4e                __i2b
 .text.__multiply
                0x000000000800bd60      0x12c c:/st/stm32cubeide_1.4.0/stm32cubeide/plugins/com.st.stm32cube.ide.mcu.externaltools.gnu-tools-for-stm32.7-2018-q2-update.win32_1.5.0.202011040924/tools/bin/../lib/gcc/arm-none-eabi/7.3.1/../../../../arm-none-eabi/lib/thumb/v7e-m/fpv4-sp/hard\libc_nano.a(lib_a-mprec.o)
                0x000000000800bd60                __multiply
 .text.__pow5mult
                0x000000000800be8c       0x9c c:/st/stm32cubeide_1.4.0/stm32cubeide/plugins/com.st.stm32cube.ide.mcu.externaltools.gnu-tools-for-stm32.7-2018-q2-update.win32_1.5.0.202011040924/tools/bin/../lib/gcc/arm-none-eabi/7.3.1/../../../../arm-none-eabi/lib/thumb/v7e-m/fpv4-sp/hard\libc_nano.a(lib_a-mprec.o)
                0x000000000800be8c                __pow5mult
 .text.__lshift
                0x000000000800bf28       0xa8 c:/st/stm32cubeide_1.4.0/stm32cubeide/plugins/com.st.stm32cube.ide.mcu.externaltools.gnu-tools-for-stm32.7-2018-q2-update.win32_1.5.0.202011040924/tools/bin/../lib/gcc/arm-none-eabi/7.3.1/../../../../arm-none-eabi/lib/thumb/v7e-m/fpv4-sp/hard\libc_nano.a(lib_a-mprec.o)
                0x000000000800bf28                __lshift
 .text.__mcmp   0x000000000800bfd0       0x34 c:/st/stm32cubeide_1.4.0/stm32cubeide/plugins/com.st.stm32cube.ide.mcu.externaltools.gnu-tools-for-stm32.7-2018-q2-update.win32_1.5.0.202011040924/tools/bin/../lib/gcc/arm-none-eabi/7.3.1/../../../../arm-none-eabi/lib/thumb/v7e-m/fpv4-sp/hard\libc_nano.a(lib_a-mprec.o)
                0x000000000800bfd0                __mcmp
 .text.__mdiff  0x000000000800c004       0xba c:/st/stm32cubeide_1.4.0/stm32cubeide/plugins/com.st.stm32cube.ide.mcu.externaltools.gnu-tools-for-stm32.7-2018-q2-update.win32_1.5.0.202011040924/tools/bin/../lib/gcc/arm-none-eabi/7.3.1/../../../../arm-none-eabi/lib/thumb/v7e-m/fpv4-sp/hard\libc_nano.a(lib_a-mprec.o)
                0x000000000800c004                __mdiff
 .text.__d2b    0x000000000800c0be       0x9e c:/st/stm32cubeide_1.4.0/stm32cubeide/plugins/com.st.stm32cube.ide.mcu.externaltools.gnu-tools-for-stm32.7-2018-q2-update.win32_1.5.0.202011040924/tools/bin/../lib/gcc/arm-none-eabi/7.3.1/../../../../arm-none-eabi/lib/thumb/v7e-m/fpv4-sp/hard\libc_nano.a(lib_a-mprec.o)
                0x000000000800c0be                __d2b
 .text._mprec_log10
                0x000000000800c15c       0x3c c:/st/stm32cubeide_1.4.0/stm32cubeide/plugins/com.st.stm32cube.ide.mcu.externaltools.gnu-tools-for-stm32.7-2018-q2-update.win32_1.5.0.202011040924/tools/bin/../lib/gcc/arm-none-eabi/7.3.1/../../../../arm-none-eabi/lib/thumb/v7e-m/fpv4-sp/hard\libc_nano.a(lib_a-mprec.o)
                0x000000000800c15c                _mprec_log10
 .text._calloc_r
                0x000000000800c198       0x1c c:/st/stm32cubeide_1.4.0/stm32cubeide/plugins/com.st.stm32cube.ide.mcu.externaltools.gnu-tools-for-stm32.7-2018-q2-update.win32_1.5.0.202011040924/tools/bin/../lib/gcc/arm-none-eabi/7.3.1/../../../../arm-none-eabi/lib/thumb/v7e-m/fpv4-sp/hard\libc_nano.a(lib_a-nano-callocr.o)
                0x000000000800c198                _calloc_r
 .text._free_r  0x000000000800c1b4       0x9c c:/st/stm32cubeide_1.4.0/stm32cubeide/plugins/com.st.stm32cube.ide.mcu.externaltools.gnu-tools-for-stm32.7-2018-q2-update.win32_1.5.0.202011040924/tools/bin/../lib/gcc/arm-none-eabi/7.3.1/../../../../arm-none-eabi/lib/thumb/v7e-m/fpv4-sp/hard\libc_nano.a(lib_a-nano-freer.o)
                0x000000000800c1b4                _free_r
 .text._malloc_r
                0x000000000800c250       0xb4 c:/st/stm32cubeide_1.4.0/stm32cubeide/plugins/com.st.stm32cube.ide.mcu.externaltools.gnu-tools-for-stm32.7-2018-q2-update.win32_1.5.0.202011040924/tools/bin/../lib/gcc/arm-none-eabi/7.3.1/../../../../arm-none-eabi/lib/thumb/v7e-m/fpv4-sp/hard\libc_nano.a(lib_a-nano-mallocr.o)
                0x000000000800c250                _malloc_r
 .text._realloc_r
                0x000000000800c304       0x4c c:/st/stm32cubeide_1.4.0/stm32cubeide/plugins/com.st.stm32cube.ide.mcu.externaltools.gnu-tools-for-stm32.7-2018-q2-update.win32_1.5.0.202011040924/tools/bin/../lib/gcc/arm-none-eabi/7.3.1/../../../../arm-none-eabi/lib/thumb/v7e-m/fpv4-sp/hard\libc_nano.a(lib_a-nano-reallocr.o)
                0x000000000800c304                _realloc_r
 .text.__ssputs_r
                0x000000000800c350       0xb4 c:/st/stm32cubeide_1.4.0/stm32cubeide/plugins/com.st.stm32cube.ide.mcu.externaltools.gnu-tools-for-stm32.7-2018-q2-update.win32_1.5.0.202011040924/tools/bin/../lib/gcc/arm-none-eabi/7.3.1/../../../../arm-none-eabi/lib/thumb/v7e-m/fpv4-sp/hard\libc_nano.a(lib_a-nano-svfprintf.o)
                0x000000000800c350                __ssputs_r
 .text._svfprintf_r
                0x000000000800c404      0x1f0 c:/st/stm32cubeide_1.4.0/stm32cubeide/plugins/com.st.stm32cube.ide.mcu.externaltools.gnu-tools-for-stm32.7-2018-q2-update.win32_1.5.0.202011040924/tools/bin/../lib/gcc/arm-none-eabi/7.3.1/../../../../arm-none-eabi/lib/thumb/v7e-m/fpv4-sp/hard\libc_nano.a(lib_a-nano-svfprintf.o)
                0x000000000800c404                _svfiprintf_r
                0x000000000800c404                _svfprintf_r
 .text._sbrk_r  0x000000000800c5f4       0x20 c:/st/stm32cubeide_1.4.0/stm32cubeide/plugins/com.st.stm32cube.ide.mcu.externaltools.gnu-tools-for-stm32.7-2018-q2-update.win32_1.5.0.202011040924/tools/bin/../lib/gcc/arm-none-eabi/7.3.1/../../../../arm-none-eabi/lib/thumb/v7e-m/fpv4-sp/hard\libc_nano.a(lib_a-sbrkr.o)
                0x000000000800c5f4                _sbrk_r
 .text.strcpy   0x000000000800c614       0x10 c:/st/stm32cubeide_1.4.0/stm32cubeide/plugins/com.st.stm32cube.ide.mcu.externaltools.gnu-tools-for-stm32.7-2018-q2-update.win32_1.5.0.202011040924/tools/bin/../lib/gcc/arm-none-eabi/7.3.1/../../../../arm-none-eabi/lib/thumb/v7e-m/fpv4-sp/hard\libc_nano.a(lib_a-strcpy.o)
                0x000000000800c614                strcpy
 .text.__ascii_mbtowc
                0x000000000800c624       0x24 c:/st/stm32cubeide_1.4.0/stm32cubeide/plugins/com.st.stm32cube.ide.mcu.externaltools.gnu-tools-for-stm32.7-2018-q2-update.win32_1.5.0.202011040924/tools/bin/../lib/gcc/arm-none-eabi/7.3.1/../../../../arm-none-eabi/lib/thumb/v7e-m/fpv4-sp/hard\libc_nano.a(lib_a-mbtowc_r.o)
                0x000000000800c624                __ascii_mbtowc
 .text.memmove  0x000000000800c648       0x32 c:/st/stm32cubeide_1.4.0/stm32cubeide/plugins/com.st.stm32cube.ide.mcu.externaltools.gnu-tools-for-stm32.7-2018-q2-update.win32_1.5.0.202011040924/tools/bin/../lib/gcc/arm-none-eabi/7.3.1/../../../../arm-none-eabi/lib/thumb/v7e-m/fpv4-sp/hard\libc_nano.a(lib_a-memmove.o)
                0x000000000800c648                memmove
 .text.__malloc_lock
                0x000000000800c67a        0x2 c:/st/stm32cubeide_1.4.0/stm32cubeide/plugins/com.st.stm32cube.ide.mcu.externaltools.gnu-tools-for-stm32.7-2018-q2-update.win32_1.5.0.202011040924/tools/bin/../lib/gcc/arm-none-eabi/7.3.1/../../../../arm-none-eabi/lib/thumb/v7e-m/fpv4-sp/hard\libc_nano.a(lib_a-mlock.o)
                0x000000000800c67a                __malloc_lock
 .text.__malloc_unlock
                0x000000000800c67c        0x2 c:/st/stm32cubeide_1.4.0/stm32cubeide/plugins/com.st.stm32cube.ide.mcu.externaltools.gnu-tools-for-stm32.7-2018-q2-update.win32_1.5.0.202011040924/tools/bin/../lib/gcc/arm-none-eabi/7.3.1/../../../../arm-none-eabi/lib/thumb/v7e-m/fpv4-sp/hard\libc_nano.a(lib_a-mlock.o)
                0x000000000800c67c                __malloc_unlock
 .text._malloc_usable_size_r
                0x000000000800c67e       0x10 c:/st/stm32cubeide_1.4.0/stm32cubeide/plugins/com.st.stm32cube.ide.mcu.externaltools.gnu-tools-for-stm32.7-2018-q2-update.win32_1.5.0.202011040924/tools/bin/../lib/gcc/arm-none-eabi/7.3.1/../../../../arm-none-eabi/lib/thumb/v7e-m/fpv4-sp/hard\libc_nano.a(lib_a-nano-msizer.o)
                0x000000000800c67e                _malloc_usable_size_r
 .text.__ascii_wctomb
                0x000000000800c68e       0x1a c:/st/stm32cubeide_1.4.0/stm32cubeide/plugins/com.st.stm32cube.ide.mcu.externaltools.gnu-tools-for-stm32.7-2018-q2-update.win32_1.5.0.202011040924/tools/bin/../lib/gcc/arm-none-eabi/7.3.1/../../../../arm-none-eabi/lib/thumb/v7e-m/fpv4-sp/hard\libc_nano.a(lib_a-wctomb_r.o)
                0x000000000800c68e                __ascii_wctomb
 .text.powf     0x000000000800c6a8      0x2c8 c:/st/stm32cubeide_1.4.0/stm32cubeide/plugins/com.st.stm32cube.ide.mcu.externaltools.gnu-tools-for-stm32.7-2018-q2-update.win32_1.5.0.202011040924/tools/bin/../lib/gcc/arm-none-eabi/7.3.1/../../../../arm-none-eabi/lib/thumb/v7e-m/fpv4-sp/hard\libm.a(lib_a-wf_pow.o)
                0x000000000800c6a8                powf
 .text.__ieee754_powf
                0x000000000800c970      0x580 c:/st/stm32cubeide_1.4.0/stm32cubeide/plugins/com.st.stm32cube.ide.mcu.externaltools.gnu-tools-for-stm32.7-2018-q2-update.win32_1.5.0.202011040924/tools/bin/../lib/gcc/arm-none-eabi/7.3.1/../../../../arm-none-eabi/lib/thumb/v7e-m/fpv4-sp/hard\libm.a(lib_a-ef_pow.o)
                0x000000000800c970                __ieee754_powf
 .text.__ieee754_sqrtf
                0x000000000800cef0        0x6 c:/st/stm32cubeide_1.4.0/stm32cubeide/plugins/com.st.stm32cube.ide.mcu.externaltools.gnu-tools-for-stm32.7-2018-q2-update.win32_1.5.0.202011040924/tools/bin/../lib/gcc/arm-none-eabi/7.3.1/../../../../arm-none-eabi/lib/thumb/v7e-m/fpv4-sp/hard\libm.a(lib_a-ef_sqrt.o)
                0x000000000800cef0                __ieee754_sqrtf
 .text.matherr  0x000000000800cef6        0x4 c:/st/stm32cubeide_1.4.0/stm32cubeide/plugins/com.st.stm32cube.ide.mcu.externaltools.gnu-tools-for-stm32.7-2018-q2-update.win32_1.5.0.202011040924/tools/bin/../lib/gcc/arm-none-eabi/7.3.1/../../../../arm-none-eabi/lib/thumb/v7e-m/fpv4-sp/hard\libm.a(lib_a-s_matherr.o)
                0x000000000800cef6                matherr
 .text.fabsf    0x000000000800cefa        0xe c:/st/stm32cubeide_1.4.0/stm32cubeide/plugins/com.st.stm32cube.ide.mcu.externaltools.gnu-tools-for-stm32.7-2018-q2-update.win32_1.5.0.202011040924/tools/bin/../lib/gcc/arm-none-eabi/7.3.1/../../../../arm-none-eabi/lib/thumb/v7e-m/fpv4-sp/hard\libm.a(lib_a-sf_fabs.o)
                0x000000000800cefa                fabsf
 .text.finitef  0x000000000800cf08       0x14 c:/st/stm32cubeide_1.4.0/stm32cubeide/plugins/com.st.stm32cube.ide.mcu.externaltools.gnu-tools-for-stm32.7-2018-q2-update.win32_1.5.0.202011040924/tools/bin/../lib/gcc/arm-none-eabi/7.3.1/../../../../arm-none-eabi/lib/thumb/v7e-m/fpv4-sp/hard\libm.a(lib_a-sf_finite.o)
                0x000000000800cf08                finitef
 .text.nanf     0x000000000800cf1c        0xc c:/st/stm32cubeide_1.4.0/stm32cubeide/plugins/com.st.stm32cube.ide.mcu.externaltools.gnu-tools-for-stm32.7-2018-q2-update.win32_1.5.0.202011040924/tools/bin/../lib/gcc/arm-none-eabi/7.3.1/../../../../arm-none-eabi/lib/thumb/v7e-m/fpv4-sp/hard\libm.a(lib_a-sf_nan.o)
                0x000000000800cf1c                nanf
 .text.rintf    0x000000000800cf28       0xb4 c:/st/stm32cubeide_1.4.0/stm32cubeide/plugins/com.st.stm32cube.ide.mcu.externaltools.gnu-tools-for-stm32.7-2018-q2-update.win32_1.5.0.202011040924/tools/bin/../lib/gcc/arm-none-eabi/7.3.1/../../../../arm-none-eabi/lib/thumb/v7e-m/fpv4-sp/hard\libm.a(lib_a-sf_rint.o)
                0x000000000800cf28                rintf
 .text.scalbnf  0x000000000800cfdc       0xc0 c:/st/stm32cubeide_1.4.0/stm32cubeide/plugins/com.st.stm32cube.ide.mcu.externaltools.gnu-tools-for-stm32.7-2018-q2-update.win32_1.5.0.202011040924/tools/bin/../lib/gcc/arm-none-eabi/7.3.1/../../../../arm-none-eabi/lib/thumb/v7e-m/fpv4-sp/hard\libm.a(lib_a-sf_scalbn.o)
                0x000000000800cfdc                scalbnf
 .text.copysignf
                0x000000000800d09c       0x18 c:/st/stm32cubeide_1.4.0/stm32cubeide/plugins/com.st.stm32cube.ide.mcu.externaltools.gnu-tools-for-stm32.7-2018-q2-update.win32_1.5.0.202011040924/tools/bin/../lib/gcc/arm-none-eabi/7.3.1/../../../../arm-none-eabi/lib/thumb/v7e-m/fpv4-sp/hard\libm.a(lib_a-sf_copysign.o)
                0x000000000800d09c                copysignf
 *(.glue_7)
 .glue_7        0x000000000800d0b4        0x0 linker stubs
 *(.glue_7t)
 .glue_7t       0x000000000800d0b4        0x0 linker stubs
 *(.eh_frame)
 .eh_frame      0x000000000800d0b4        0x0 c:/st/stm32cubeide_1.4.0/stm32cubeide/plugins/com.st.stm32cube.ide.mcu.externaltools.gnu-tools-for-stm32.7-2018-q2-update.win32_1.5.0.202011040924/tools/bin/../lib/gcc/arm-none-eabi/7.3.1/thumb/v7e-m/fpv4-sp/hard/crtbegin.o
 *(.init)
 .init          0x000000000800d0b4        0x4 c:/st/stm32cubeide_1.4.0/stm32cubeide/plugins/com.st.stm32cube.ide.mcu.externaltools.gnu-tools-for-stm32.7-2018-q2-update.win32_1.5.0.202011040924/tools/bin/../lib/gcc/arm-none-eabi/7.3.1/thumb/v7e-m/fpv4-sp/hard/crti.o
                0x000000000800d0b4                _init
 .init          0x000000000800d0b8        0x8 c:/st/stm32cubeide_1.4.0/stm32cubeide/plugins/com.st.stm32cube.ide.mcu.externaltools.gnu-tools-for-stm32.7-2018-q2-update.win32_1.5.0.202011040924/tools/bin/../lib/gcc/arm-none-eabi/7.3.1/thumb/v7e-m/fpv4-sp/hard/crtn.o
 *(.fini)
 .fini          0x000000000800d0c0        0x4 c:/st/stm32cubeide_1.4.0/stm32cubeide/plugins/com.st.stm32cube.ide.mcu.externaltools.gnu-tools-for-stm32.7-2018-q2-update.win32_1.5.0.202011040924/tools/bin/../lib/gcc/arm-none-eabi/7.3.1/thumb/v7e-m/fpv4-sp/hard/crti.o
                0x000000000800d0c0                _fini
 .fini          0x000000000800d0c4        0x8 c:/st/stm32cubeide_1.4.0/stm32cubeide/plugins/com.st.stm32cube.ide.mcu.externaltools.gnu-tools-for-stm32.7-2018-q2-update.win32_1.5.0.202011040924/tools/bin/../lib/gcc/arm-none-eabi/7.3.1/thumb/v7e-m/fpv4-sp/hard/crtn.o
                0x000000000800d0cc                . = ALIGN (0x4)
                0x000000000800d0cc                _etext = .

.vfp11_veneer   0x000000000800d0cc        0x0
 .vfp11_veneer  0x000000000800d0cc        0x0 linker stubs

.v4_bx          0x000000000800d0cc        0x0
 .v4_bx         0x000000000800d0cc        0x0 linker stubs

.iplt           0x000000000800d0cc        0x0
 .iplt          0x000000000800d0cc        0x0 c:/st/stm32cubeide_1.4.0/stm32cubeide/plugins/com.st.stm32cube.ide.mcu.externaltools.gnu-tools-for-stm32.7-2018-q2-update.win32_1.5.0.202011040924/tools/bin/../lib/gcc/arm-none-eabi/7.3.1/thumb/v7e-m/fpv4-sp/hard/crtbegin.o

.rodata         0x000000000800d0d0      0x4a0
                0x000000000800d0d0                . = ALIGN (0x4)
 *(.rodata)
 .rodata        0x000000000800d0d0        0x2 Core/Src/lcd.o
 *fill*         0x000000000800d0d2        0x2 
 .rodata        0x000000000800d0d4       0x55 Core/Src/main.o
 *fill*         0x000000000800d129        0x3 
 .rodata        0x000000000800d12c      0x184 Core/Src/sensors.o
 *(.rodata*)
 .rodata.kbMap  0x000000000800d2b0        0xc Core/Src/keyboard.o
                0x000000000800d2b0                kbMap
 .rodata.kbRows
                0x000000000800d2bc        0x8 Core/Src/keyboard.o
                0x000000000800d2bc                kbRows
 .rodata.kbCols
                0x000000000800d2c4        0x6 Core/Src/keyboard.o
                0x000000000800d2c4                kbCols
 *fill*         0x000000000800d2ca        0x2 
 .rodata.AHBPrescTable
                0x000000000800d2cc       0x10 Core/Src/system_stm32f4xx.o
                0x000000000800d2cc                AHBPrescTable
 .rodata.APBPrescTable
                0x000000000800d2dc        0x8 Core/Src/system_stm32f4xx.o
                0x000000000800d2dc                APBPrescTable
 .rodata.flagBitshiftOffset.8333
                0x000000000800d2e4        0x8 Drivers/STM32F4xx_HAL_Driver/Src/stm32f4xx_hal_dma.o
 .rodata._printf_float.str1.1
                0x000000000800d2ec       0x12 c:/st/stm32cubeide_1.4.0/stm32cubeide/plugins/com.st.stm32cube.ide.mcu.externaltools.gnu-tools-for-stm32.7-2018-q2-update.win32_1.5.0.202011040924/tools/bin/../lib/gcc/arm-none-eabi/7.3.1/../../../../arm-none-eabi/lib/thumb/v7e-m/fpv4-sp/hard\libc_nano.a(lib_a-nano-vfprintf_float.o)
 .rodata._printf_i.str1.1
                0x000000000800d2fe       0x22 c:/st/stm32cubeide_1.4.0/stm32cubeide/plugins/com.st.stm32cube.ide.mcu.externaltools.gnu-tools-for-stm32.7-2018-q2-update.win32_1.5.0.202011040924/tools/bin/../lib/gcc/arm-none-eabi/7.3.1/../../../../arm-none-eabi/lib/thumb/v7e-m/fpv4-sp/hard\libc_nano.a(lib_a-nano-vfprintf_i.o)
 .rodata._dtoa_r.str1.1
                0x000000000800d320        0xd c:/st/stm32cubeide_1.4.0/stm32cubeide/plugins/com.st.stm32cube.ide.mcu.externaltools.gnu-tools-for-stm32.7-2018-q2-update.win32_1.5.0.202011040924/tools/bin/../lib/gcc/arm-none-eabi/7.3.1/../../../../arm-none-eabi/lib/thumb/v7e-m/fpv4-sp/hard\libc_nano.a(lib_a-dtoa.o)
                                          0xf (size before relaxing)
 *fill*         0x000000000800d32d        0x3 
 .rodata.__mprec_bigtens
                0x000000000800d330       0x28 c:/st/stm32cubeide_1.4.0/stm32cubeide/plugins/com.st.stm32cube.ide.mcu.externaltools.gnu-tools-for-stm32.7-2018-q2-update.win32_1.5.0.202011040924/tools/bin/../lib/gcc/arm-none-eabi/7.3.1/../../../../arm-none-eabi/lib/thumb/v7e-m/fpv4-sp/hard\libc_nano.a(lib_a-mprec.o)
                0x000000000800d330                __mprec_bigtens
 .rodata.__mprec_tens
                0x000000000800d358       0xc8 c:/st/stm32cubeide_1.4.0/stm32cubeide/plugins/com.st.stm32cube.ide.mcu.externaltools.gnu-tools-for-stm32.7-2018-q2-update.win32_1.5.0.202011040924/tools/bin/../lib/gcc/arm-none-eabi/7.3.1/../../../../arm-none-eabi/lib/thumb/v7e-m/fpv4-sp/hard\libc_nano.a(lib_a-mprec.o)
                0x000000000800d358                __mprec_tens
 .rodata.p05.7359
                0x000000000800d420        0xc c:/st/stm32cubeide_1.4.0/stm32cubeide/plugins/com.st.stm32cube.ide.mcu.externaltools.gnu-tools-for-stm32.7-2018-q2-update.win32_1.5.0.202011040924/tools/bin/../lib/gcc/arm-none-eabi/7.3.1/../../../../arm-none-eabi/lib/thumb/v7e-m/fpv4-sp/hard\libc_nano.a(lib_a-mprec.o)
 .rodata._svfprintf_r.str1.1
                0x000000000800d42c       0x11 c:/st/stm32cubeide_1.4.0/stm32cubeide/plugins/com.st.stm32cube.ide.mcu.externaltools.gnu-tools-for-stm32.7-2018-q2-update.win32_1.5.0.202011040924/tools/bin/../lib/gcc/arm-none-eabi/7.3.1/../../../../arm-none-eabi/lib/thumb/v7e-m/fpv4-sp/hard\libc_nano.a(lib_a-nano-svfprintf.o)
 .rodata._setlocale_r.str1.1
                0x000000000800d43d        0x8 c:/st/stm32cubeide_1.4.0/stm32cubeide/plugins/com.st.stm32cube.ide.mcu.externaltools.gnu-tools-for-stm32.7-2018-q2-update.win32_1.5.0.202011040924/tools/bin/../lib/gcc/arm-none-eabi/7.3.1/../../../../arm-none-eabi/lib/thumb/v7e-m/fpv4-sp/hard\libc_nano.a(lib_a-locale.o)
                                          0x9 (size before relaxing)
 .rodata.str1.1
                0x000000000800d445        0x2 c:/st/stm32cubeide_1.4.0/stm32cubeide/plugins/com.st.stm32cube.ide.mcu.externaltools.gnu-tools-for-stm32.7-2018-q2-update.win32_1.5.0.202011040924/tools/bin/../lib/gcc/arm-none-eabi/7.3.1/../../../../arm-none-eabi/lib/thumb/v7e-m/fpv4-sp/hard\libc_nano.a(lib_a-locale.o)
 .rodata._ctype_
                0x000000000800d447      0x101 c:/st/stm32cubeide_1.4.0/stm32cubeide/plugins/com.st.stm32cube.ide.mcu.externaltools.gnu-tools-for-stm32.7-2018-q2-update.win32_1.5.0.202011040924/tools/bin/../lib/gcc/arm-none-eabi/7.3.1/../../../../arm-none-eabi/lib/thumb/v7e-m/fpv4-sp/hard\libc_nano.a(lib_a-ctype_.o)
                0x000000000800d447                _ctype_
 .rodata.powf.str1.1
                0x000000000800d548        0x5 c:/st/stm32cubeide_1.4.0/stm32cubeide/plugins/com.st.stm32cube.ide.mcu.externaltools.gnu-tools-for-stm32.7-2018-q2-update.win32_1.5.0.202011040924/tools/bin/../lib/gcc/arm-none-eabi/7.3.1/../../../../arm-none-eabi/lib/thumb/v7e-m/fpv4-sp/hard\libm.a(lib_a-wf_pow.o)
 .rodata.__ieee754_powf.str1.1
                0x000000000800d54d        0x1 c:/st/stm32cubeide_1.4.0/stm32cubeide/plugins/com.st.stm32cube.ide.mcu.externaltools.gnu-tools-for-stm32.7-2018-q2-update.win32_1.5.0.202011040924/tools/bin/../lib/gcc/arm-none-eabi/7.3.1/../../../../arm-none-eabi/lib/thumb/v7e-m/fpv4-sp/hard\libm.a(lib_a-ef_pow.o)
 *fill*         0x000000000800d54d        0x3 
 .rodata.bp     0x000000000800d550        0x8 c:/st/stm32cubeide_1.4.0/stm32cubeide/plugins/com.st.stm32cube.ide.mcu.externaltools.gnu-tools-for-stm32.7-2018-q2-update.win32_1.5.0.202011040924/tools/bin/../lib/gcc/arm-none-eabi/7.3.1/../../../../arm-none-eabi/lib/thumb/v7e-m/fpv4-sp/hard\libm.a(lib_a-ef_pow.o)
 .rodata.dp_h   0x000000000800d558        0x8 c:/st/stm32cubeide_1.4.0/stm32cubeide/plugins/com.st.stm32cube.ide.mcu.externaltools.gnu-tools-for-stm32.7-2018-q2-update.win32_1.5.0.202011040924/tools/bin/../lib/gcc/arm-none-eabi/7.3.1/../../../../arm-none-eabi/lib/thumb/v7e-m/fpv4-sp/hard\libm.a(lib_a-ef_pow.o)
 .rodata.dp_l   0x000000000800d560        0x8 c:/st/stm32cubeide_1.4.0/stm32cubeide/plugins/com.st.stm32cube.ide.mcu.externaltools.gnu-tools-for-stm32.7-2018-q2-update.win32_1.5.0.202011040924/tools/bin/../lib/gcc/arm-none-eabi/7.3.1/../../../../arm-none-eabi/lib/thumb/v7e-m/fpv4-sp/hard\libm.a(lib_a-ef_pow.o)
 .rodata.TWO23  0x000000000800d568        0x8 c:/st/stm32cubeide_1.4.0/stm32cubeide/plugins/com.st.stm32cube.ide.mcu.externaltools.gnu-tools-for-stm32.7-2018-q2-update.win32_1.5.0.202011040924/tools/bin/../lib/gcc/arm-none-eabi/7.3.1/../../../../arm-none-eabi/lib/thumb/v7e-m/fpv4-sp/hard\libm.a(lib_a-sf_rint.o)
                0x000000000800d570                . = ALIGN (0x4)

.ARM.extab      0x000000000800d570        0x0
                0x000000000800d570                . = ALIGN (0x4)
 *(.ARM.extab* .gnu.linkonce.armextab.*)
                0x000000000800d570                . = ALIGN (0x4)

.ARM            0x000000000800d570        0x8
                0x000000000800d570                . = ALIGN (0x4)
                0x000000000800d570                __exidx_start = .
 *(.ARM.exidx*)
 .ARM.exidx     0x000000000800d570        0x8 c:/st/stm32cubeide_1.4.0/stm32cubeide/plugins/com.st.stm32cube.ide.mcu.externaltools.gnu-tools-for-stm32.7-2018-q2-update.win32_1.5.0.202011040924/tools/bin/../lib/gcc/arm-none-eabi/7.3.1/thumb/v7e-m/fpv4-sp/hard\libgcc.a(_udivmoddi4.o)
                0x000000000800d578                __exidx_end = .
                0x000000000800d578                . = ALIGN (0x4)

.rel.dyn        0x000000000800d578        0x0
 .rel.iplt      0x000000000800d578        0x0 c:/st/stm32cubeide_1.4.0/stm32cubeide/plugins/com.st.stm32cube.ide.mcu.externaltools.gnu-tools-for-stm32.7-2018-q2-update.win32_1.5.0.202011040924/tools/bin/../lib/gcc/arm-none-eabi/7.3.1/thumb/v7e-m/fpv4-sp/hard/crtbegin.o

.preinit_array  0x000000000800d578        0x0
                0x000000000800d578                . = ALIGN (0x4)
                0x000000000800d578                PROVIDE (__preinit_array_start = .)
 *(.preinit_array*)
                0x000000000800d578                PROVIDE (__preinit_array_end = .)
                0x000000000800d578                . = ALIGN (0x4)

.init_array     0x000000000800d578        0x4
                0x000000000800d578                . = ALIGN (0x4)
                0x000000000800d578                PROVIDE (__init_array_start = .)
 *(SORT_BY_NAME(.init_array.*))
 *(.init_array*)
 .init_array    0x000000000800d578        0x4 c:/st/stm32cubeide_1.4.0/stm32cubeide/plugins/com.st.stm32cube.ide.mcu.externaltools.gnu-tools-for-stm32.7-2018-q2-update.win32_1.5.0.202011040924/tools/bin/../lib/gcc/arm-none-eabi/7.3.1/thumb/v7e-m/fpv4-sp/hard/crtbegin.o
                0x000000000800d57c                PROVIDE (__init_array_end = .)
                0x000000000800d57c                . = ALIGN (0x4)

.fini_array     0x000000000800d57c        0x4
                0x000000000800d57c                . = ALIGN (0x4)
                [!provide]                        PROVIDE (__fini_array_start = .)
 *(SORT_BY_NAME(.fini_array.*))
 *(.fini_array*)
 .fini_array    0x000000000800d57c        0x4 c:/st/stm32cubeide_1.4.0/stm32cubeide/plugins/com.st.stm32cube.ide.mcu.externaltools.gnu-tools-for-stm32.7-2018-q2-update.win32_1.5.0.202011040924/tools/bin/../lib/gcc/arm-none-eabi/7.3.1/thumb/v7e-m/fpv4-sp/hard/crtbegin.o
                [!provide]                        PROVIDE (__fini_array_end = .)
                0x000000000800d580                . = ALIGN (0x4)
                0x000000000800d580                _sidata = LOADADDR (.data)

.data           0x0000000020000000      0x268 load address 0x000000000800d580
                0x0000000020000000                . = ALIGN (0x4)
                0x0000000020000000                _sdata = .
 *(.data)
 *(.data*)
 .data.KB_KEY   0x0000000020000000        0x1 Core/Src/keyboard.o
                0x0000000020000000                KB_KEY
 *fill*         0x0000000020000001        0x3 
 .data.SystemCoreClock
                0x0000000020000004        0x4 Core/Src/system_stm32f4xx.o
                0x0000000020000004                SystemCoreClock
 .data.HTS221_COMMON_Driver
                0x0000000020000008       0x10 Drivers/BSP/Components/hts221/hts221.o
                0x0000000020000008                HTS221_COMMON_Driver
 .data.HTS221_HUM_Driver
                0x0000000020000018       0x14 Drivers/BSP/Components/hts221/hts221.o
                0x0000000020000018                HTS221_HUM_Driver
 .data.HTS221_TEMP_Driver
                0x000000002000002c       0x14 Drivers/BSP/Components/hts221/hts221.o
                0x000000002000002c                HTS221_TEMP_Driver
 .data.LPS22HB_COMMON_Driver
                0x0000000020000040       0x10 Drivers/BSP/Components/lps22hb/lps22hb.o
                0x0000000020000040                LPS22HB_COMMON_Driver
 .data.LPS22HB_PRESS_Driver
                0x0000000020000050       0x14 Drivers/BSP/Components/lps22hb/lps22hb.o
                0x0000000020000050                LPS22HB_PRESS_Driver
 .data.LPS22HB_TEMP_Driver
                0x0000000020000064       0x14 Drivers/BSP/Components/lps22hb/lps22hb.o
                0x0000000020000064                LPS22HB_TEMP_Driver
 .data.FunctionIndex
                0x0000000020000078       0x14 Drivers/BSP/IKS01A2/iks01a2_env_sensors.o
 .data.uwTickPrio
                0x000000002000008c        0x4 Drivers/STM32F4xx_HAL_Driver/Src/stm32f4xx_hal.o
                0x000000002000008c                uwTickPrio
 .data.uwTickFreq