stm32f4xx_nucleo_bus.c:34:9:BSP_I2C1_Init	16	static
stm32f4xx_nucleo_bus.c:75:9:BSP_I2C1_DeInit	16	static
stm32f4xx_nucleo_bus.c:98:9:BSP_I2C1_IsReady	24	static
stm32f4xx_nucleo_bus.c:112:9:BSP_I2C1_WriteReg	48	static
stm32f4xx_nucleo_bus.c:131:10:BSP_I2C1_ReadReg	48	static
stm32f4xx_nucleo_bus.c:150:9:BSP_I2C1_WriteReg16	48	static
stm32f4xx_nucleo_bus.c:169:10:BSP_I2C1_ReadReg16	48	static
stm32f4xx_nucleo_bus.c:188:9:BSP_I2C1_Send	32	static
stm32f4xx_nucleo_bus.c:207:9:BSP_I2C1_Recv	32	static
stm32f4xx_nucleo_bus.c:279:9:BSP_GetTick	8	static
stm32f4xx_nucleo_bus.c:285:26:MX_I2C1_Init	24	static
stm32f4xx_nucleo_bus.c:305:13:I2C1_MspInit	48	static
stm32f4xx_nucleo_bus.c:338:13:I2C1_MspDeInit	16	static
