stm32f4xx_it.c:74:6:NMI_Handler	4	static
stm32f4xx_it.c:87:6:HardFault_Handler	4	static
stm32f4xx_it.c:103:6:MemManage_Handler	4	static
stm32f4xx_it.c:118:6:BusFault_Handler	4	static
stm32f4xx_it.c:133:6:UsageFault_Handler	4	static
stm32f4xx_it.c:148:6:SVC_Handler	4	static
stm32f4xx_it.c:161:6:DebugMon_Handler	4	static
stm32f4xx_it.c:174:6:PendSV_Handler	4	static
stm32f4xx_it.c:187:6:SysTick_Handler	8	static
stm32f4xx_it.c:211:6:TIM1_TRG_COM_TIM11_IRQHandler	8	static
stm32f4xx_it.c:225:6:TIM2_IRQHandler	8	static
stm32f4xx_it.c:239:6:DMA2_Stream0_IRQHandler	8	static
