stm32f4xx_it.c:54:6:NMI_Handler	4	static
stm32f4xx_it.c:65:6:HardFault_Handler	4	static
stm32f4xx_it.c:79:6:MemManage_Handler	4	static
stm32f4xx_it.c:92:6:BusFault_Handler	4	static
stm32f4xx_it.c:105:6:UsageFault_Handler	4	static
stm32f4xx_it.c:117:6:SVC_Handler	4	static
stm32f4xx_it.c:128:6:DebugMon_Handler	4	static
stm32f4xx_it.c:139:6:PendSV_Handler	4	static
stm32f4xx_it.c:150:6:SysTick_Handler	8	static
stm32f4xx_it.c:172:6:TIM1_TRG_COM_TIM11_IRQHandler	8	static
stm32f4xx_it.c:183:6:TIM2_IRQHandler	8	static
stm32f4xx_it.c:195:6:DMA2_Stream0_IRQHandler	8	static
